
 Start         Length     Name                   Class
 0001:00000000 0005B280H .text                   CODE
 0002:00000000 000012A4H .data                   DATA
 0002:000012A4 00000EB9H .bss                    BSS


Detailed map of segments

 0001:00000000 00004D63 C=CODE     S=.text    G=(none)   M=System   ACBP=A9
 0001:00004D64 000001CC C=CODE     S=.text    G=(none)   M=SysInit  ACBP=A9
 0001:00004F30 00000078 C=CODE     S=.text    G=(none)   M=Types    ACBP=A9
 0001:00004FA8 00000C6C C=CODE     S=.text    G=(none)   M=Windows  ACBP=A9
 0001:00005C14 00000038 C=CODE     S=.text    G=(none)   M=Messages ACBP=A9
 0001:00005C4C 00000038 C=CODE     S=.text    G=(none)   M=ActiveX  ACBP=A9
 0001:00005C84 000000F4 C=CODE     S=.text    G=(none)   M=CommCtrl ACBP=A9
 0001:00005D78 00000318 C=CODE     S=.text    G=(none)   M=SysConst ACBP=A9
 0001:00006090 00006478 C=CODE     S=.text    G=(none)   M=SysUtils ACBP=A9
 0001:0000C508 00000038 C=CODE     S=.text    G=(none)   M=m_globaldefs ACBP=A9
 0001:0000C540 00000038 C=CODE     S=.text    G=(none)   M=FreeImage ACBP=A9
 0001:0000C578 0000043C C=CODE     S=.text    G=(none)   M=m_api    ACBP=A9
 0001:0000C9B4 00000194 C=CODE     S=.text    G=(none)   M=dbsettings ACBP=A9
 0001:0000CB48 00000198 C=CODE     S=.text    G=(none)   M=Wizard   ACBP=A9
 0001:0000CCE0 00000038 C=CODE     S=.text    G=(none)   M=DM_RC_Client_Defines ACBP=A9
 0001:0000CD18 000007FB C=CODE     S=.text    G=(none)   M=VarUtils ACBP=A9
 0001:0000D514 00002A42 C=CODE     S=.text    G=(none)   M=Variants ACBP=A9
 0001:0000FF58 00000120 C=CODE     S=.text    G=(none)   M=RTLConsts ACBP=A9
 0001:00010078 000007E8 C=CODE     S=.text    G=(none)   M=TypInfo  ACBP=A9
 0001:00010860 0000973E C=CODE     S=.text    G=(none)   M=Classes  ACBP=A9
 0001:00019FA0 000009BC C=CODE     S=.text    G=(none)   M=OverbyteIcsLogger ACBP=A9
 0001:0001A95C 00000080 C=CODE     S=.text    G=(none)   M=OverbyteIcsTypes ACBP=A9
 0001:0001A9DC 00000290 C=CODE     S=.text    G=(none)   M=Consts   ACBP=A9
 0001:0001AC6C 00007283 C=CODE     S=.text    G=(none)   M=Graphics ACBP=A9
 0001:00021EF0 00000048 C=CODE     S=.text    G=(none)   M=Math     ACBP=A9
 0001:00021F38 000002B8 C=CODE     S=.text    G=(none)   M=Contnrs  ACBP=A9
 0001:000221F0 00000787 C=CODE     S=.text    G=(none)   M=MultiMon ACBP=A9
 0001:00022978 00000038 C=CODE     S=.text    G=(none)   M=Imm      ACBP=A9
 0001:000229B0 00000FF8 C=CODE     S=.text    G=(none)   M=HelpIntfs ACBP=A9
 0001:000239A8 00000038 C=CODE     S=.text    G=(none)   M=WinSpool ACBP=A9
 0001:000239E0 00000044 C=CODE     S=.text    G=(none)   M=Printers ACBP=A9
 0001:00023A24 0000031F C=CODE     S=.text    G=(none)   M=FlatSB   ACBP=A9
 0001:00023D44 000001A4 C=CODE     S=.text    G=(none)   M=SyncObjs ACBP=A9
 0001:00023EE8 000009BB C=CODE     S=.text    G=(none)   M=UxTheme  ACBP=A9
 0001:000248A4 00000038 C=CODE     S=.text    G=(none)   M=RichEdit ACBP=A9
 0001:000248DC 00000038 C=CODE     S=.text    G=(none)   M=ToolWin  ACBP=A9
 0001:00024914 00000038 C=CODE     S=.text    G=(none)   M=ShellAPI ACBP=A9
 0001:0002494C 00000038 C=CODE     S=.text    G=(none)   M=RegStr   ACBP=A9
 0001:00024984 00000038 C=CODE     S=.text    G=(none)   M=WinInet  ACBP=A9
 0001:000249BC 00000038 C=CODE     S=.text    G=(none)   M=UrlMon   ACBP=A9
 0001:000249F4 00000038 C=CODE     S=.text    G=(none)   M=ShlObj   ACBP=A9
 0001:00024A2C 00000038 C=CODE     S=.text    G=(none)   M=CommDlg  ACBP=A9
 0001:00024A64 00000038 C=CODE     S=.text    G=(none)   M=Dlgs     ACBP=A9
 0001:00024A9C 0000066D C=CODE     S=.text    G=(none)   M=Dialogs  ACBP=A9
 0001:0002510C 00000652 C=CODE     S=.text    G=(none)   M=ExtCtrls ACBP=A9
 0001:00025760 00000038 C=CODE     S=.text    G=(none)   M=ComStrs  ACBP=A9
 0001:00025798 00000094 C=CODE     S=.text    G=(none)   M=Clipbrd  ACBP=A9
 0001:0002582C 00000038 C=CODE     S=.text    G=(none)   M=StrUtils ACBP=A9
 0001:00025864 000000F5 C=CODE     S=.text    G=(none)   M=Buttons  ACBP=A9
 0001:0002595C 00000038 C=CODE     S=.text    G=(none)   M=ExtDlgs  ACBP=A9
 0001:00025994 00000068 C=CODE     S=.text    G=(none)   M=IniFiles ACBP=A9
 0001:000259FC 00000068 C=CODE     S=.text    G=(none)   M=Registry ACBP=A9
 0001:00025A64 0000006C C=CODE     S=.text    G=(none)   M=Mapi     ACBP=A9
 0001:00025AD0 00000058 C=CODE     S=.text    G=(none)   M=ExtActns ACBP=A9
 0001:00025B28 00000038 C=CODE     S=.text    G=(none)   M=ListActns ACBP=A9
 0001:00025B60 00000180 C=CODE     S=.text    G=(none)   M=ComCtrls ACBP=A9
 0001:00025CE0 00000A0C C=CODE     S=.text    G=(none)   M=Themes   ACBP=A9
 0001:000266EC 00000038 C=CODE     S=.text    G=(none)   M=StdCtrls ACBP=A9
 0001:00026724 00000168 C=CODE     S=.text    G=(none)   M=StdActns ACBP=A9
 0001:0002688C 00000D1F C=CODE     S=.text    G=(none)   M=WinHelpViewer ACBP=A9
 0001:000275AC 00010467 C=CODE     S=.text    G=(none)   M=Controls ACBP=A9
 0001:00037A14 00001292 C=CODE     S=.text    G=(none)   M=ActnList ACBP=A9
 0001:00038CA8 000016E4 C=CODE     S=.text    G=(none)   M=ImgList  ACBP=A9
 0001:0003A38C 00006639 C=CODE     S=.text    G=(none)   M=Menus    ACBP=A9
 0001:000409C8 0000C274 C=CODE     S=.text    G=(none)   M=Forms    ACBP=A9
 0001:0004CC3C 0000037C C=CODE     S=.text    G=(none)   M=OverbyteIcsLibrary ACBP=A9
 0001:0004CFB8 000010A1 C=CODE     S=.text    G=(none)   M=OverbyteIcsWndControl ACBP=A9
 0001:0004E05C 000007E8 C=CODE     S=.text    G=(none)   M=OverbyteIcsWSockBuf ACBP=A9
 0001:0004E844 00000038 C=CODE     S=.text    G=(none)   M=WinSock  ACBP=A9
 0001:0004E87C 00000038 C=CODE     S=.text    G=(none)   M=OverbyteIcsWinSock ACBP=A9
 0001:0004E8B4 00009F1F C=CODE     S=.text    G=(none)   M=OverbyteIcsWSocket ACBP=A9
 0001:000587D4 0000047C C=CODE     S=.text    G=(none)   M=OverbyteIcsWSocketS ACBP=A9
 0001:00058C50 0000019C C=CODE     S=.text    G=(none)   M=DM_RC_Client_Utils ACBP=A9
 0001:00058DEC 00000038 C=CODE     S=.text    G=(none)   M=DM_RC_Svr_Tokens ACBP=A9
 0001:00058E24 0000060C C=CODE     S=.text    G=(none)   M=Tokens   ACBP=A9
 0001:00059430 00001E4D C=CODE     S=.text    G=(none)   M=DM_RC_Client ACBP=A9
 0002:00000000 0000009C C=DATA     S=.data    G=DGROUP   M=System   ACBP=A9
 0002:0000009C 00000030 C=DATA     S=.data    G=DGROUP   M=SysInit  ACBP=A9
 0002:000000CC 00000250 C=DATA     S=.data    G=DGROUP   M=SysUtils ACBP=A9
 0002:0000031C 0000008C C=DATA     S=.data    G=DGROUP   M=m_api    ACBP=A9
 0002:000003A8 00000030 C=DATA     S=.data    G=DGROUP   M=DM_RC_Client_Defines ACBP=A9
 0002:000003D8 00000008 C=DATA     S=.data    G=DGROUP   M=VarUtils ACBP=A9
 0002:000003E0 0000008E C=DATA     S=.data    G=DGROUP   M=Variants ACBP=A9
 0002:00000470 0000000C C=DATA     S=.data    G=DGROUP   M=TypInfo  ACBP=A9
 0002:0000047C 00000064 C=DATA     S=.data    G=DGROUP   M=Classes  ACBP=A9
 0002:000004E0 00000004 C=DATA     S=.data    G=DGROUP   M=OverbyteIcsLogger ACBP=A9
 0002:000004E4 00000004 C=DATA     S=.data    G=DGROUP   M=OverbyteIcsTypes ACBP=A9
 0002:000004E8 00000304 C=DATA     S=.data    G=DGROUP   M=Graphics ACBP=A9
 0002:000007EC 00000004 C=DATA     S=.data    G=DGROUP   M=Printers ACBP=A9
 0002:000007F0 00000074 C=DATA     S=.data    G=DGROUP   M=Dialogs  ACBP=A9
 0002:00000864 00000178 C=DATA     S=.data    G=DGROUP   M=ExtCtrls ACBP=A9
 0002:000009DC 0000002C C=DATA     S=.data    G=DGROUP   M=Buttons  ACBP=A9
 0002:00000A08 00000008 C=DATA     S=.data    G=DGROUP   M=IniFiles ACBP=A9
 0002:00000A10 00000008 C=DATA     S=.data    G=DGROUP   M=Registry ACBP=A9
 0002:00000A18 00000008 C=DATA     S=.data    G=DGROUP   M=Mapi     ACBP=A9
 0002:00000A20 00000018 C=DATA     S=.data    G=DGROUP   M=ComCtrls ACBP=A9
 0002:00000A38 00000068 C=DATA     S=.data    G=DGROUP   M=Themes   ACBP=A9
 0002:00000AA0 0000013C C=DATA     S=.data    G=DGROUP   M=Controls ACBP=A9
 0002:00000BDC 00000020 C=DATA     S=.data    G=DGROUP   M=ImgList  ACBP=A9
 0002:00000BFC 000000EC C=DATA     S=.data    G=DGROUP   M=Menus    ACBP=A9
 0002:00000CE8 0000011C C=DATA     S=.data    G=DGROUP   M=Forms    ACBP=A9
 0002:00000E04 00000004 C=DATA     S=.data    G=DGROUP   M=OverbyteIcsLibrary ACBP=A9
 0002:00000E08 00000004 C=DATA     S=.data    G=DGROUP   M=OverbyteIcsWndControl ACBP=A9
 0002:00000E0C 00000004 C=DATA     S=.data    G=DGROUP   M=OverbyteIcsWSockBuf ACBP=A9
 0002:00000E10 00000020 C=DATA     S=.data    G=DGROUP   M=OverbyteIcsWSocket ACBP=A9
 0002:00000E30 00000004 C=DATA     S=.data    G=DGROUP   M=OverbyteIcsWSocketS ACBP=A9
 0002:00000E34 0000003C C=DATA     S=.data    G=DGROUP   M=DM_RC_Client ACBP=A9
 0002:00002000 0000065C C=BSS      S=.bss     G=DGROUP   M=System   ACBP=A9
 0002:0000265C 00000014 C=BSS      S=.bss     G=DGROUP   M=SysInit  ACBP=A9
 0002:00002670 00000004 C=BSS      S=.bss     G=DGROUP   M=Types    ACBP=A9
 0002:00002674 00000004 C=BSS      S=.bss     G=DGROUP   M=Windows  ACBP=A9
 0002:00002678 00000004 C=BSS      S=.bss     G=DGROUP   M=Messages ACBP=A9
 0002:0000267C 00000004 C=BSS      S=.bss     G=DGROUP   M=ActiveX  ACBP=A9
 0002:00002680 00000004 C=BSS      S=.bss     G=DGROUP   M=CommCtrl ACBP=A9
 0002:00002684 00000004 C=BSS      S=.bss     G=DGROUP   M=SysConst ACBP=A9
 0002:00002688 00000120 C=BSS      S=.bss     G=DGROUP   M=SysUtils ACBP=A9
 0002:000027A8 00000004 C=BSS      S=.bss     G=DGROUP   M=m_globaldefs ACBP=A9
 0002:000027AC 00000004 C=BSS      S=.bss     G=DGROUP   M=FreeImage ACBP=A9
 0002:000027B0 00000008 C=BSS      S=.bss     G=DGROUP   M=m_api    ACBP=A9
 0002:000027B8 00000004 C=BSS      S=.bss     G=DGROUP   M=dbsettings ACBP=A9
 0002:000027BC 00000004 C=BSS      S=.bss     G=DGROUP   M=Wizard   ACBP=A9
 0002:000027C0 00000004 C=BSS      S=.bss     G=DGROUP   M=DM_RC_Client_Defines ACBP=A9
 0002:000027C4 0000005C C=BSS      S=.bss     G=DGROUP   M=VarUtils ACBP=A9
 0002:00002820 00000040 C=BSS      S=.bss     G=DGROUP   M=Variants ACBP=A9
 0002:00002860 00000004 C=BSS      S=.bss     G=DGROUP   M=RTLConsts ACBP=A9
 0002:00002864 00000004 C=BSS      S=.bss     G=DGROUP   M=TypInfo  ACBP=A9
 0002:00002868 00000040 C=BSS      S=.bss     G=DGROUP   M=Classes  ACBP=A9
 0002:000028A8 00000004 C=BSS      S=.bss     G=DGROUP   M=OverbyteIcsLogger ACBP=A9
 0002:000028AC 00000004 C=BSS      S=.bss     G=DGROUP   M=OverbyteIcsTypes ACBP=A9
 0002:000028B0 00000004 C=BSS      S=.bss     G=DGROUP   M=Consts   ACBP=A9
 0002:000028B4 00000060 C=BSS      S=.bss     G=DGROUP   M=Graphics ACBP=A9
 0002:00002914 00000004 C=BSS      S=.bss     G=DGROUP   M=Math     ACBP=A9
 0002:00002918 00000004 C=BSS      S=.bss     G=DGROUP   M=Contnrs  ACBP=A9
 0002:0000291C 00000031 C=BSS      S=.bss     G=DGROUP   M=MultiMon ACBP=A9
 0002:00002950 00000004 C=BSS      S=.bss     G=DGROUP   M=Imm      ACBP=A9
 0002:00002954 00000008 C=BSS      S=.bss     G=DGROUP   M=HelpIntfs ACBP=A9
 0002:0000295C 00000004 C=BSS      S=.bss     G=DGROUP   M=WinSpool ACBP=A9
 0002:00002960 00000004 C=BSS      S=.bss     G=DGROUP   M=Printers ACBP=A9
 0002:00002964 00000034 C=BSS      S=.bss     G=DGROUP   M=FlatSB   ACBP=A9
 0002:00002998 00000004 C=BSS      S=.bss     G=DGROUP   M=SyncObjs ACBP=A9
 0002:0000299C 000000CC C=BSS      S=.bss     G=DGROUP   M=UxTheme  ACBP=A9
 0002:00002A68 00000004 C=BSS      S=.bss     G=DGROUP   M=RichEdit ACBP=A9
 0002:00002A6C 00000004 C=BSS      S=.bss     G=DGROUP   M=ToolWin  ACBP=A9
 0002:00002A70 00000004 C=BSS      S=.bss     G=DGROUP   M=ShellAPI ACBP=A9
 0002:00002A74 00000004 C=BSS      S=.bss     G=DGROUP   M=RegStr   ACBP=A9
 0002:00002A78 00000004 C=BSS      S=.bss     G=DGROUP   M=WinInet  ACBP=A9
 0002:00002A7C 00000004 C=BSS      S=.bss     G=DGROUP   M=UrlMon   ACBP=A9
 0002:00002A80 00000004 C=BSS      S=.bss     G=DGROUP   M=ShlObj   ACBP=A9
 0002:00002A84 00000004 C=BSS      S=.bss     G=DGROUP   M=CommDlg  ACBP=A9
 0002:00002A88 00000004 C=BSS      S=.bss     G=DGROUP   M=Dlgs     ACBP=A9
 0002:00002A8C 0000000C C=BSS      S=.bss     G=DGROUP   M=Dialogs  ACBP=A9
 0002:00002A98 00000004 C=BSS      S=.bss     G=DGROUP   M=ExtCtrls ACBP=A9
 0002:00002A9C 00000004 C=BSS      S=.bss     G=DGROUP   M=ComStrs  ACBP=A9
 0002:00002AA0 0000000C C=BSS      S=.bss     G=DGROUP   M=Clipbrd  ACBP=A9
 0002:00002AAC 00000004 C=BSS      S=.bss     G=DGROUP   M=StrUtils ACBP=A9
 0002:00002AB0 00000030 C=BSS      S=.bss     G=DGROUP   M=Buttons  ACBP=A9
 0002:00002AE0 00000004 C=BSS      S=.bss     G=DGROUP   M=ExtDlgs  ACBP=A9
 0002:00002AE4 00000004 C=BSS      S=.bss     G=DGROUP   M=IniFiles ACBP=A9
 0002:00002AE8 00000004 C=BSS      S=.bss     G=DGROUP   M=Registry ACBP=A9
 0002:00002AEC 00000004 C=BSS      S=.bss     G=DGROUP   M=Mapi     ACBP=A9
 0002:00002AF0 00000009 C=BSS      S=.bss     G=DGROUP   M=ExtActns ACBP=A9
 0002:00002AFC 00000004 C=BSS      S=.bss     G=DGROUP   M=ListActns ACBP=A9
 0002:00002B00 00000010 C=BSS      S=.bss     G=DGROUP   M=ComCtrls ACBP=A9
 0002:00002B10 00000008 C=BSS      S=.bss     G=DGROUP   M=Themes   ACBP=A9
 0002:00002B18 00000004 C=BSS      S=.bss     G=DGROUP   M=StdCtrls ACBP=A9
 0002:00002B1C 00000004 C=BSS      S=.bss     G=DGROUP   M=StdActns ACBP=A9
 0002:00002B20 00000014 C=BSS      S=.bss     G=DGROUP   M=WinHelpViewer ACBP=A9
 0002:00002B34 00000080 C=BSS      S=.bss     G=DGROUP   M=Controls ACBP=A9
 0002:00002BB4 00000004 C=BSS      S=.bss     G=DGROUP   M=ActnList ACBP=A9
 0002:00002BB8 0000000C C=BSS      S=.bss     G=DGROUP   M=ImgList  ACBP=A9
 0002:00002BC4 00000010 C=BSS      S=.bss     G=DGROUP   M=Menus    ACBP=A9
 0002:00002BD4 00000020 C=BSS      S=.bss     G=DGROUP   M=Forms    ACBP=A9
 0002:00002BF4 00000004 C=BSS      S=.bss     G=DGROUP   M=OverbyteIcsLibrary ACBP=A9
 0002:00002BF8 00000028 C=BSS      S=.bss     G=DGROUP   M=OverbyteIcsWndControl ACBP=A9
 0002:00002C20 00000004 C=BSS      S=.bss     G=DGROUP   M=OverbyteIcsWSockBuf ACBP=A9
 0002:00002C24 00000004 C=BSS      S=.bss     G=DGROUP   M=WinSock  ACBP=A9
 0002:00002C28 00000004 C=BSS      S=.bss     G=DGROUP   M=OverbyteIcsWinSock ACBP=A9
 0002:00002C2C 00000258 C=BSS      S=.bss     G=DGROUP   M=OverbyteIcsWSocket ACBP=A9
 0002:00002E84 00000004 C=BSS      S=.bss     G=DGROUP   M=OverbyteIcsWSocketS ACBP=A9
 0002:00002E88 00000004 C=BSS      S=.bss     G=DGROUP   M=DM_RC_Client_Utils ACBP=A9
 0002:00002E8C 00000004 C=BSS      S=.bss     G=DGROUP   M=DM_RC_Svr_Tokens ACBP=A9
 0002:00002E90 00000004 C=BSS      S=.bss     G=DGROUP   M=Tokens   ACBP=A9
 0002:00002E94 00000021 C=BSS      S=.bss     G=DGROUP   M=DM_RC_Client ACBP=A9


  Address         Publics by Name

 0002:000027B8       .1
 0002:000027BC       .1
 0002:0000293C       .1
 0002:00002950       .1
 0002:00002678       .1
 0002:00002984       .1
 0002:00002A58       .1
 0002:00002A68       .1
 0002:00002A70       .1
 0002:00002A74       .1
 0002:00002A78       .1
 0002:00002A7C       .1
 0002:00002A80       .1
 0002:00002A84       .1
 0002:00002A88       .1
 0002:000027C0       .1
 0002:00002668       .1
 0002:000028B0       .1
 0002:00002E90       .1
 0002:00002E8C       .1
 0002:00002E88       .1
 0002:000028AC       .1
 0002:00002A9C       .1
 0002:00002860       .1
 0002:00002AAC       .1
 0002:00002AEC       .1
 0002:000027A8       .1
 0002:00002C28       .1
 0002:00002C24       .1
 0002:00002B28       .1
 0002:000027AC       .1
 0002:00002670       .1
 0002:00002684       .1
 0002:00002680       .1
 0002:00002BF4       .1
 0002:00002A8C       .11
 0002:00002A98       .12
 0002:000028B8       .12
 0002:000027B4       .2
 0002:00002B10       .2
 0002:00002914       .2
 0002:00002954       .2
 0002:00002AA4       .2
 0002:00002918       .21
 0002:00002BB8       .3
 0002:0000267C       .3
 0002:000028A8       .3
 0002:00002674       .3
 0002:00002AE0       .3
 0002:0000295C       .3
 0002:00002960       .3
 0002:00002798       .35
 0002:00002B00       .36
 0002:00002A6C       .4
 0002:00002E84       .4
 0002:00002AB0       .4
 0002:00002C20       .4
 0002:00002BDC       .41
 0002:00002B18       .42
 0002:00002874       .45
 0002:0000281C       .5
 0002:00002AE8       .5
 0002:000025B4       .5
 0002:00002864       .6
 0002:00002998       .6
 0002:00002C1C       .7
 0002:00002AF0       .72
 0002:00002B3C       .72
 0002:00002B1C       .73
 0002:00002CBC       .8
 0002:00002AE4       .8
 0002:00002AFC       .8
 0002:00002BB4       .8
 0002:00002840       .81
 0002:00002BCC       .9
 0001:00001924       @AbstractError
 0001:00002468       @AfterConstruction
 0001:000022B4       @AsClass
 0001:00001A8C       @AStrCmp
 0001:00002478       @BeforeDestruction
 0001:00002300       @CallDynaInst
 0001:00002410       @ClassCreate
 0001:00002460       @ClassDestroy
 0001:00001994       @Close
 0001:0000185C       @Copy
 0001:00003D18       @CopyArray
 0001:00003BFC       @CopyRecord
 0001:00003E0C       @DispCallByIDError
 0001:0000DFB4       @DispInvokeError
 0001:000028F4       @DoneExcept
 0001:0000403C       @DynArrayAsg
 0001:00004000       @DynArrayClear
 0001:00003E40       @DynArrayHigh
 0001:00003E38       @DynArrayLength
 0001:00003FF4       @DynArraySetLength
 0001:000029DC       @ExceptionHandler
 0001:00001AFC       @FillChar
 0001:00003BD8       @Finalize
 0001:00003AEC       @FinalizeArray
 0001:00003AA0       @FinalizeRecord
 0001:00002040       @FpuInit
 0001:00001F7C       @FpuMaskInit
 0001:000016E4       @FreeMem
 0001:000016C4       @GetMem
 0001:00004E64       @GetTls
 0001:00002EAC       @Halt
 0001:00002DD4       @Halt0
 0001:0000258C       @HandleAnyException
 0001:00002840       @HandleFinally
 0001:000026B8       @HandleOnException
 0001:00003A0C       @InitializeArray
 0001:000039DC       @InitializeRecord
 0001:00002C98       @InitImports
 0001:00004EB0       @InitLib
 0001:00002C70       @InitResStringImports
 0001:00002C4C       @InitResStrings
 0001:00004720       @IntfAddRef
 0001:000046F0       @IntfCast
 0001:000046AC       @IntfClear
 0001:000046C4       @IntfCopy
 0001:00002290       @IsClass
 0001:00001F4C       @isNECWindows
 0001:00003374       @LStrAddRef
 0001:00002EE8       @LStrArrayClr
 0001:00002F18       @LStrAsg
 0001:0000318C       @LStrCat
 0001:000031D0       @LStrCat3
 0001:00003244       @LStrCatN
 0001:00002EC4       @LStrClr
 0001:000032D0       @LStrCmp
 0001:000033E4       @LStrCopy
 0001:00003424       @LStrDelete
 0001:00003134       @LStrFromArray
 0001:000030AC       @LStrFromChar
 0001:000030BC       @LStrFromPChar
 0001:00002FB4       @LStrFromPCharLen
 0001:000030EC       @LStrFromPWChar
 0001:00003020       @LStrFromPWCharLen
 0001:00003128       @LStrFromString
 0001:0000314C       @LStrFromWStr
 0001:0000346C       @LStrInsert
 0001:00002F5C       @LStrLAsg
 0001:00003184       @LStrLen
 0001:000034C8       @LStrPos
 0001:00003510       @LStrSetLength
 0001:00003384       @LStrToPChar
 0001:00003160       @LStrToString
 0001:00002F88       @NewAnsiString
 0001:0000357C       @NewWideString
 0001:00001C60       @Pow10
 0001:00001A08       @PStrCmp
 0001:000019EC       @PStrNCpy
 0001:000028A0       @RaiseAgain
 0001:00002878       @RaiseExcept
 0001:00001704       @ReallocMem
 0001:00001918       @ROUND
 0001:00002EB8       @RunError
 0001:00001C20       @SetElem
 0001:00001C44       @SetEq
 0001:00002B84       @StartLib
 0001:000002A4       @strlen
 0001:00002924       @TryFinallyExit
 0001:000033DC       @UniqueStringA
 0001:00001B1C       @ValLong
 0001:0000F6AC       @VarAddRef
 0001:0000E2A0       @VarClear
 0001:00003AD4       @VarClr
 0001:0000E2B4       @VarClr
 0001:0000E5C8       @VarCopy
 0001:00003BE4       @VarCopy
 0001:0000F5E4       @VarFromBool
 0001:0000F634       @VarFromCurr
 0001:0000F57C       @VarFromInt
 0001:0000F5B8       @VarFromInt64
 0001:0000F648       @VarFromLStr
 0001:0000F60C       @VarFromReal
 0001:0000F620       @VarFromTDateTime
 0001:0000F674       @VarFromWStr
 0001:0000E008       @VarNull
 0001:0000E8F4       @VarToLStr
 0001:0000F01C       @VarToWStr
 0001:000039BC       @WStrAddRef
 0001:000035BC       @WStrArrayClr
 0001:000035E0       @WStrAsg
 0001:0000371C       @WStrCat3
 0001:00003780       @WStrCatN
 0001:000035A4       @WStrClr
 0001:000037C8       @WStrCmp
 0001:0000384C       @WStrCopy
 0001:00003898       @WStrDelete
 0001:000036F0       @WStrFromLStr
 0001:00003604       @WStrFromPCharLen
 0001:000036B4       @WStrFromPWChar
 0001:00003690       @WStrFromPWCharLen
 0001:00003710       @WStrLen
 0001:00003928       @WStrPos
 0001:00003978       @WStrSetLength
 0001:00003700       @WStrToPWChar
 0001:00001BFC       @_CLenToPasStr
 0001:00001BF0       @_CToPasStr
 0001:0000182C       @_IOTest
 0001:00003E14       @_llmul
 0001:00029DD0       AbsMin
 0001:0000A96C       AbstractErrorHandler
 0002:00002028       AbstractErrorProc
 0002:0000014C       AccessMode
 0001:00001794       AcquireExceptionObject
 0001:00012B70       ActivateClassGroup
 0001:0000548C       ActivateKeyboardLayout
 0002:00002B70       ActiveDrag
 0001:00005C7C       ActiveX
 0001:00038C7C       ActnList
 0001:000003D0       AddBlockAfter
 0002:0000047C       AddDataModule
 0001:00015C30       AddFinished
 0001:0003BFC0       AddIn
 0001:00004550       AddModuleUnloadProc
 0001:00004540       AddModuleUnloadProc
 0001:00015C68       AddNotFinished
 0001:0001668C       AddSubComponentsToLoaded
 0001:0001E294       AdjustColor
 0001:00042FA8       Adjustment
 0001:00005494       AdjustWindowRectEx
 0002:00000CC0       Alignments
 0002:00000CD0       Alignments
 0001:00049EA0       AlignWork
 0001:0002F374       AlignWork
 0001:00019D80       AllocateHWnd
 0001:00006CA8       AllocMem
 0002:000025AC       AllocMemCount
 0002:000025B0       AllocMemSize
 0001:00021CE8       AllocPatternBitmap
 0001:00004D94       AllocTlsBuffer
 0002:00000AAC       AnchorAlign
 0002:00000AA0       AnimateWindowProc
 0002:00000BA8       AnimationStyle
 0001:00006E08       AnsiCompareStr
 0001:00006E40       AnsiCompareText
 0001:000074A8       AnsiLastChar
 0001:0000549C       AnsiLower
 0001:0000B26C       AnsiPos
 0001:000407D4       AnsiSameCaption
 0001:00006E78       AnsiSameText
 0001:00006E90       AnsiStrLIComp
 0001:0000B2A4       AnsiStrPos
 0001:0000B344       AnsiStrRScan
 0001:0000B36C       AnsiStrScan
 0001:00004B20       AnsiToUtf8
 0001:00008960       AppendChars
 0001:00008D24       AppendFormat
 0001:000089C4       AppendNumber
 0001:000089A4       AppendString
 0002:00002BD4       Application
 0001:0004CF48       Application
 0002:0000048C       ApplicationHandleException
 0002:00000494       ApplicationShowException
 0002:00000DFC       AppVisible
 0001:0000A950       AssertErrorHandler
 0002:00002020       AssertErrorProc
 0001:00010328       AssignLongStr
 0001:000106CC       AssignVariant
 0001:000502EC       atoi
 0002:00002604       avail
 0001:0000759C       BackfillGetDiskFreeSpaceEx
 0001:0002C928       BackgroundClipped
 0002:00000E2C       BackString
 0001:0000CFA8       BackupVarBoolFromStr
 0001:0000D108       BackupVarBStrFromBool
 0001:0000D028       BackupVarBStrFromCy
 0001:0000D098       BackupVarBStrFromDate
 0001:0000CF3C       BackupVarCyFromStr
 0001:0000CED0       BackupVarDateFromStr
 0001:0000CD8C       BackupVarI4FromStr
 0001:0000CD38       BackupVariantChangeTypeEx
 0001:0000CDF8       BackupVarR4FromStr
 0001:0000CE64       BackupVarR8FromStr
 0001:00012EC8       BeginGlobalLoading
 0001:000054A4       BeginPaint
 0001:0001E2A0       BetterSize
 0001:0003CE34       BiDiDraw
 0001:000052DC       BitBlt
 0002:000009DC       BitBtnCaptions
 0002:00002AB4       BitBtnGlyphs
 0002:000007A0       BitmapCanvasList
 0002:000028D0       BitmapImageLock
 0001:0000CD74       BiUnimplemented
 0002:000004B4       BlockCode
 0002:000025DC       blockDescBlockList
 0002:000025E0       blockDescFreeList
 0002:00000470       BooleanIdents
 0002:000003EC       BooleanToStringRule
 0001:000072C8       BoolToStr
 0001:0000E67C       BoolToWStrViaOS
 0001:00011E88       Bounds
 0001:00004F54       Bounds
 0001:00059650       BoxAdd
 0001:00059624       BoxClear
 0001:000596C8       BoxCount
 0001:00059698       BoxDel
 0001:000596F4       BoxGetIndex
 0001:00059780       BoxGetText
 0001:00059720       BoxSetIndex
 0002:00000C68       Breaks
 0002:00002908       BrushManager
 0001:0003F5E8       BuildImage
 0002:00000838       ButtonCaptions
 0002:0000080C       ButtonNames
 0002:00000CE4       Buttons
 0001:00025934       Buttons
 0001:0001DA80       BytesPerScanline
 0001:0001DDD8       ByteSwapColors
 0001:0000B020       ByteToCharIndex
 0001:0000AFF8       ByteToCharLen
 0001:0000AFBC       ByteType
 0001:0000AF44       ByteTypeTest
 0002:00002BBC       CachedComCtrlVer
 0001:00019CBC       CalcJmpOffset
 0001:00036D04       CalcSplitterPos
 0001:0000C8B8       CallContactService
 0001:000054AC       CallNextHookEx
 0001:0000C904       CallProtoService
 0001:0000BA38       CallTerminateProcs
 0001:000054B4       CallWindowProc
 0001:0002AE08       CancelDrag
 0002:00002B84       CanvasList
 0002:0000290C       CanvasList
 0002:000007F8       Captions
 0002:00000B64       CaptureControl
 0002:00000C08       cBooleanToItemAutoFlag
 0002:00002AA2       CF_COMPONENT
 0002:00002AA0       CF_PICTURE
 0002:00002838       ChangeAnyProc
 0001:00002FE4       CharFromWChar
 0001:0000B1F4       CharLength
 0001:0000021C       CharNext
 0001:000054BC       CharNext
 0001:0001C404       CharsetToIdent
 0001:0000B108       CharToByteIndex
 0001:0000B16C       CharToByteLen
 0001:000054C4       CharToOemA
 0001:0001E850       CheckBool
 0001:00002508       CheckJmp
 0001:000054CC       CheckMenuItem
 0002:00000C58       Checks
 0001:000166C8       CheckSubComponents
 0001:00018A94       CheckSynchronize
 0001:000429E4       CheckTaskWindow
 0001:0002AABC       CheckUndock
 0001:0000AE38       CheckWin32Version
 0002:000003F0       CInvalidCustomVariantType
 0002:00000C0C       cItemAutoFlagToBoolean
 0002:00000C04       cItemAutoFlagToMenu
 0001:00019F0C       Classes
 0001:00012934       ClassNotFound
 0002:00002834       ClearAnyProc
 0001:0001BC94       ClearColor
 0001:0000F9E8       ClearVariantTypeList
 0001:0005A978       ClientFree
 0001:0005A9A0       ClientInit
 0001:0005AA5C       ClientSend
 0001:000054D4       ClientToScreen
 0001:000342EC       ClientToWindow
 0002:00000798       ClipboardFormats
 0001:000257D4       Clipbrd
 0001:0000508C       CloseHandle
 0002:000029A0       CloseThemeData
 0002:0000203C       CmdLine
 0002:00002038       CmdShow
 0002:00000C00       cMenuAutoFlagToItem
 0001:0000CD80       CmpUnimplemented
 0002:00000518       Colors
 0001:0001C1FC       ColorToIdent
 0002:00000864       ColorToPretyName
 0001:0001C1EC       ColorToRGB
 0002:00002B0C       ComCtlVersion
 0001:00025CD8       ComCtrls
 0001:00059D14       CommandDlg
 0002:00002BD0       CommandPool
 0001:00005D70       CommCtrl
 0001:00024A5C       CommDlg
 0001:000006B0       Commit
 0002:00002620       committedRoot
 0001:0003B5A4       CompareFront
 0001:00006D70       CompareMem
 0001:00006D40       CompareStr
 0001:00005094       CompareString
 0001:0004CD38       CompareText
 0001:00006D90       CompareText
 0001:000071F0       CompareWith
 0001:000167A8       ComponentCreated
 0001:00025790       ComStrs
 0001:0001AC64       Consts
 0001:000221E8       Contnrs
 0002:00002B42       ControlAtom
 0002:00002B48       ControlAtomString
 0001:00047770       ControlHasHelp
 0001:00037984       Controls
 0001:0000A3AC       ConvertAddr
 0001:00008AB4       ConvertEraString
 0001:00006C6C       ConvertError
 0001:00006C84       ConvertErrorFmt
 0001:00008C1C       ConvertYearString
 0001:00003E48       CopyArray
 0001:0001F328       CopyBitmap
 0001:0001F9F0       CopyBitmapAsMask
 0001:0001F98C       CopyPalette
 0002:000004E0       CopyRight
 0002:000004E4       CopyRight
 0002:00000A3C       Copyright
 0002:00000E08       CopyRight
 0002:00000E0C       CopyRight
 0002:00000E10       CopyRight
 0002:00000E30       CopyRight
 0002:00000E04       CopyRight
 0001:0003E694       CopyToBest
 0001:0000B078       CountChars
 0002:000028E8       CounterLock
 0002:000003F4       CRangeToType
 0001:0000A894       CreateAssertException
 0001:0000AA1C       CreateAVObject
 0001:000052E4       CreateBitmap
 0001:000052EC       CreateBrushIndirect
 0001:000052F4       CreateCompatibleBitmap
 0001:000052FC       CreateCompatibleDC
 0001:00016828       CreateComponent
 0001:0000530C       CreateDIBitmap
 0001:00005304       CreateDIBSection
 0001:0000509C       CreateEvent
 0001:000050A4       CreateFile
 0001:00005314       CreateFontIndirect
 0001:0000531C       CreateHalftonePalette
 0001:000054DC       CreateIcon
 0001:0000A7C0       CreateInOutError
 0001:000054E4       CreateMenu
 0001:00005324       CreatePalette
 0001:0000532C       CreatePenIndirect
 0001:000054EC       CreatePopupMenu
 0001:00005334       CreateSolidBrush
 0001:0001DE30       CreateSystemPalette
 0001:000050AC       CreateThread
 0001:00005A8C       CreateWindow
 0001:00005A34       CreateWindowEx
 0001:0004CE88       CreateWindowEx
 0002:000007F0       CreationControl
 0002:00000AA4       CreationControl
 0002:0000045C       CRelationshipToBoolean
 0002:000003D8       CResult
 0002:000003A8       CRLFZSet
 0002:00000144       cSimpleBoolStrs
 0002:00000408       CText
 0002:00000BA0       Ctl3DStyles
 0002:00002618       curAlloc
 0002:00002690       CurrencyDecimals
 0002:0000268C       CurrencyFormat
 0002:00002688       CurrencyString
 0001:0000894C       CurrentYear
 0001:00008470       CurrToStr
 0001:0000E60C       CurrToWStrViaOS
 0002:00000D80       CursorMap
 0002:00000AB4       Cursors
 0001:000296A8       CursorToIdent
 0002:00000D70       cUseAlpha
 0002:00000D78       cUseColorKey
 0001:00006F64       CvtInt
 0001:00006FD0       CvtInt64
 0002:00000184       CWNear
 0002:00002691       DateSeparator
 0001:00009534       DateTimeToStr
 0001:000094D8       DateTimeToString
 0001:00008530       DateTimeToTimeStamp
 0001:0000E644       DateToWStrViaOS
 0001:000088F0       DayOfWeek
 0001:0000CADC       DBFreeVariant
 0001:0000C6EC       DBGetContactSettingDword
 0001:0000C9B4       DBReadDword
 0001:0000CA10       DBReadString
 0001:0000CB3C       dbsettings
 0001:0000C744       DBWriteContactSettingDWord
 0001:0000C790       DBWriteContactSettingString
 0002:00000180       DCon10
 0002:00000514       DDBsOnly
 0001:00019E34       DeallocateHWnd
 0002:00000028       DebugHook
 0002:0000268F       DecimalSeparator
 0001:000088D0       DecodeDate
 0001:00008784       DecodeDateFully
 0001:00008624       DecodeTime
 0001:00000744       Decommit
 0001:00000D60       DecommitFree
 0002:000025F4       decommittedRoot
 0001:000453F8       Default
 0001:0004AAC8       Default
 0002:00000020       Default8087CW
 0002:00000AA8       DefaultDockTreeClass
 0002:000025B8       DefaultUserCodePage
 0002:00000768       DefBrushData
 0002:000004E8       DefFontData
 0001:000054F4       DefFrameProc
 0002:00000210       DefLongDayNames
 0002:000001C4       DefLongMonthNames
 0001:000054FC       DefMDIChildProc
 0002:00000748       DefPenData
 0002:000001F4       DefShortDayNames
 0002:00000194       DefShortMonthNames
 0001:0004CD80       DefWindowProc
 0001:00005504       DefWindowProc
 0001:00004094       DelayLoadResourceModule
 0001:00000400       DeleteBlock
 0001:000050B4       DeleteCriticalSection
 0001:0004CE50       DeleteCriticalSection
 0001:00000370       DeleteCriticalSection
 0001:0000533C       DeleteDC
 0001:00000BA8       DeleteFree
 0001:0000550C       DeleteMenu
 0001:00005344       DeleteObject
 0001:000591B4       DeleteToken
 0001:0001EEE4       DeselectBitmap
 0001:00005514       DestroyCursor
 0001:0000551C       DestroyIcon
 0001:00025864       DestroyLocals
 0001:00005524       DestroyMenu
 0001:0000552C       DestroyWindow
 0001:0004CEBC       DestroyWindow
 0001:00027260       DialogEnumerationTester
 0001:000250CC       Dialogs
 0002:000007A4       DIBPalSizes
 0002:0000008C       dig
 0001:00042838       DisableTaskWindows
 0001:0004CDD4       DispatchMessage
 0001:00005534       DispatchMessage
 0001:00048A50       DispatchShortCut
 0002:00002000       DispCallByIDProc
 0001:00006C50       DivMod
 0001:0005A000       DlgProcOpt
 0001:00024A94       Dlgs
 0002:00002664       DllProc
 0001:0005B268       DM_RC_Client
 0001:0000CD10       DM_RC_Client_Defines
 0001:00058DE4       DM_RC_Client_Utils
 0001:00058E1C       DM_RC_Svr_Tokens
 0001:0002F204       DoAlign
 0001:00049D54       DoAlign
 0001:000331A8       DoCalcConstraints
 0002:00002B78       DockSiteList
 0001:0003F2B4       DoClick
 0001:000308DC       DoControlMsg
 0001:000427E8       DoDisableWindow
 0001:0002A3E8       DoDragOver
 0001:00034FD8       DoFindControlZone
 0001:00042924       DoFindWindow
 0001:00035564       DoFindZone
 0001:0003505C       DoForEach
 0001:00036968       DoGetNextLimit
 0001:000427B0       DoneApplication
 0001:000376C8       DoneControls
 0001:0000AD48       DoneExceptions
 0001:00046DCC       DoNestedActivation
 0001:00018A54       DoneThreadSynchronization
 0001:00049BA4       DoPosition
 0001:0002EDC4       DoPosition
 0001:00035F90       DoPrune
 0001:00036468       DoSaveZone
 0001:0003666C       DoSetNewBounds
 0002:00000478       DotSep
 0001:00013CFC       DoWrite
 0001:0001EAA8       DoWrite
 0001:00039C04       DoWrite
 0001:0002FEC4       DoWriteDesignSize
 0001:0002DA1C       DoWriteIsControl
 0002:00002B5C       DragCapture
 0002:00002B50       DragControl
 0001:0002AB30       DragDone
 0001:0002A398       DragFindTarget
 0001:0002A36C       DragFindWindow
 0002:00002B74       DragImageList
 0001:0002A788       DragInit
 0001:0002A8F8       DragInitControl
 0002:00002B58       DragInternalObject
 0001:0002A2B4       DragMessage
 0002:00002B54       DragObject
 0002:00002B80       DragSave
 0002:00002B68       DragSaveCursor
 0002:00002B60       DragStartPos
 0002:00002B6C       DragThreshold
 0001:0002A4B8       DragTo
 0001:0004AB04       DrawAppIcon
 0001:00035AFC       DrawCloseButton
 0001:0000553C       DrawEdge
 0001:00005544       DrawFrameControl
 0001:00035B54       DrawGrabberLine
 0001:0000554C       DrawIcon
 0001:00005554       DrawIconEx
 0002:00000BDC       DrawingStyles
 0001:0000555C       DrawMenuBar
 0001:000405F4       DrawMenuItem
 0001:00005564       DrawText
 0002:000029A4       DrawThemeBackground
 0002:000029C8       DrawThemeEdge
 0002:000029CC       DrawThemeIcon
 0002:00002A50       DrawThemeParentBackground
 0002:000029A8       DrawThemeText
 0001:0001D900       DupBits
 0001:00003E60       DynArrayClear
 0001:00003E68       DynArraySetLength
 0002:00000CC8       EdgeStyle
 0002:00000B90       EdgeStyles
 0001:0000A794       EHeapException.FreeInstance
 0002:00002820       EmptyParam
 0002:000000CC       EmptyStr
 0002:000000D0       EmptyWideStr
 0001:0000556C       EnableMenuItem
 0002:00000C60       Enables
 0001:00005574       EnableScrollBar
 0001:000428EC       EnableTaskWindows
 0002:00002A38       EnableThemeDialogTexture
 0002:00002A54       EnableTheming
 0001:0000557C       EnableWindow
 0001:000085E4       EncodeTime
 0001:00058FB0       EncodeToken
 0001:00012F50       EndGlobalLoading
 0001:00005584       EndPaint
 0001:00000360       EnterCriticalSection
 0001:0004CE20       EnterCriticalSection
 0001:000050BC       EnterCriticalSection
 0001:000050C4       EnumCalendarInfoA
 0002:00002938       EnumDisplayMonitors
 0001:0000A020       EnumEraNames
 0001:0000A05C       EnumEraYearOffsets
 0001:000459BC       EnumMonitorsProc
 0001:0000558C       EnumThreadWindows
 0001:00015FD8       EnumValue
 0001:00005594       EnumWindows
 0001:0000559C       EqualRect
 0002:00002758       EraNames
 0001:000097AC       EraToYear
 0002:00002774       EraYearOffsets
 0002:00000064       errCaption
 0001:000124D8       Error
 0001:000157BC       Error
 0001:0003B2F4       Error
 0001:00001820       Error
 0002:00000004       ErrorAddr
 0001:000017D4       ErrorAt
 0001:0000A840       ErrorHandler
 0002:0000022C       ErrorMap
 0002:00002008       ErrorProc
 0002:000023E0       ErrOutput
 0001:00001774       ExceptAddr
 0002:0000200C       ExceptClsProc
 0001:0000ACB4       ExceptHandler
 0001:0000A608       Exception.Create
 0001:0000A644       Exception.CreateFmt
 0001:0000A6C4       Exception.CreateRes
 0001:0000A700       Exception.CreateResFmt
 0002:0000201C       ExceptionClass
 0001:0000A3B8       ExceptionErrorMessage
 0002:00000264       ExceptMap
 0001:00001754       ExceptObject
 0002:00002010       ExceptObjProc
 0002:00002004       ExceptProc
 0001:0000534C       ExcludeClipRect
 0002:00000000       ExitCode
 0001:00002D18       ExitDll
 0002:00002040       ExitProc
 0001:00000224       ExitProcess
 0002:00002024       ExitProcessProc
 0001:00004E40       ExitProcessTLS
 0001:00004E18       ExitThreadTLS
 0001:00007560       ExpandFileName
 0001:00025B20       ExtActns
 0001:00025730       ExtCtrls
 0001:0002598C       ExtDlgs
 0001:00007528       ExtractFileName
 0001:00058E24       ExtractToken
 0001:0000CB48       ExtractWord
 0002:00002CB8       FAccept
 0002:00002794       FalseBoolStrs
 0002:00002CB4       FBind
 0002:00002AA8       FClipboard
 0002:00002CB0       FCloseSocket
 0002:00000174       FCon1E18
 0002:00002CAC       FConnect
 0002:00000E28       FDll2Handle
 0002:00000E24       FDllHandle
 0002:00002C58       FGetHostByAddr
 0002:00002C54       FGetHostByName
 0002:00002C5C       FGetHostName
 0002:00002CA8       FGetPeerName
 0002:00002C50       FGetProtoByName
 0002:00002C4C       FGetServByName
 0002:00002CA4       FGetSockName
 0002:00002C6C       FGetSockOpt
 0002:00002CA0       Fhtonl
 0002:00002C9C       Fhtons
 0001:00007430       FileAge
 0001:00007428       FileClose
 0001:0000736C       FileCreate
 0001:00007390       FileCreate
 0001:00007498       FileExists
 0002:0000079C       FileFormats
 0002:00000008       FileMode
 0001:00007314       FileOpen
 0001:00007398       FileRead
 0002:000004A4       FilerSignature
 0001:000073F0       FileSeek
 0001:000050CC       FileTimeToDosDateTime
 0001:000050D4       FileTimeToLocalFileTime
 0001:000073C4       FileWrite
 0001:00000C90       FillAfterGap
 0001:00000C3C       FillBeforeGap
 0001:00000D28       FillerSizeAfterGap
 0001:00000CB8       FillerSizeBeforeGap
 0001:000055A4       FillRect
 0001:0001AC34       Finalization
 0001:0001A998       Finalization
 0001:0001A918       Finalization
 0001:00019E5C       Finalization
 0001:0003791C       Finalization
 0001:00038C4C       Finalization
 0001:0003A354       Finalization
 0001:000274D8       Finalization
 0001:00006058       Finalization
 0001:00005D40       Finalization
 0001:00026854       Finalization
 0001:000266EC       Finalization
 0001:000408D0       Finalization
 0001:000266A0       Finalization
 0001:00025C60       Finalization
 0001:00025B28       Finalization
 0001:00025AD0       Finalization
 0001:00005C4C       Finalization
 0001:00025A78       Finalization
 0001:00005C14       Finalization
 0001:00025A14       Finalization
 0001:00005BDC       Finalization
 0001:00004C3C       Finalization
 0001:0000C97C       Finalization
 0001:000259AC       Finalization
 0001:0002595C       Finalization
 0001:000258FC       Finalization
 0001:0002582C       Finalization
 0001:0000C540       Finalization
 0001:0004CB9C       Finalization
 0001:0000CB0C       Finalization
 0001:00025798       Finalization
 0001:0004CF74       Finalization
 0001:0004DFE0       Finalization
 0001:0004E800       Finalization
 0001:0004E844       Finalization
 0001:0004E87C       Finalization
 0001:00025760       Finalization
 0001:000256E8       Finalization
 0001:0000C508       Finalization
 0001:00025070       Finalization
 0001:0000C308       Finalization
 0001:00024A64       Finalization
 0001:00024A2C       Finalization
 0001:000249F4       Finalization
 0001:000249BC       Finalization
 0001:00024984       Finalization
 0001:0002494C       Finalization
 0001:00024914       Finalization
 0001:000248DC       Finalization
 0001:000248A4       Finalization
 0001:00024834       Finalization
 0001:0000CCA8       Finalization
 0001:00058720       Finalization
 0001:00058C0C       Finalization
 0001:00058DB4       Finalization
 0001:00058DEC       Finalization
 0001:000593F8       Finalization
 0001:00010808       Finalization
 0001:0005AFD8       Finalization
 0001:0000CCE0       Finalization
 0001:00010040       Finalization
 0001:0000FE34       Finalization
 0001:00004EF8       Finalization
 0001:00004F70       Finalization
 0001:0000D4D4       Finalization
 0001:00021D20       Finalization
 0001:00021F00       Finalization
 0001:000221B8       Finalization
 0001:00022938       Finalization
 0001:00023EB0       Finalization
 0001:00023D04       Finalization
 0001:00022978       Finalization
 0001:000239E0       Finalization
 0001:000239A8       Finalization
 0001:00023960       Finalization
 0001:00003E58       FinalizeArray
 0001:00002AC4       FinalizeUnits
 0001:0003F074       Find
 0001:00004104       FindBS
 0001:000129F4       FindClass
 0001:0000408C       FindClassHInstance
 0001:000050DC       FindClose
 0001:00000234       FindClose
 0001:00000C0C       FindCommitted
 0001:00029488       FindControl
 0001:00035790       FindControlAtPos
 0001:0000FC8C       FindCustomVariantType
 0001:0000FD44       FindCustomVariantType
 0001:0002AE54       FindDragTarget
 0001:000169D8       FindExistingComponent
 0001:0000023C       FindFirstFile
 0001:000050E4       FindFirstFile
 0001:00012DE0       FindGlobalComponent
 0001:00042A30       FindGlobalComponent
 0002:00002880       FindGlobalComponentProcs
 0001:00004064       FindHInstance
 0001:00012C88       FindIdentToInt
 0002:00002A94       FindMsg
 0001:00015B68       FindNestedComponent
 0001:0003B2BC       FindPopupControl
 0001:0000D19C       FindProc
 0001:000050EC       FindResource
 0001:000040DC       FindResourceHInstance
 0001:0004C3F0       FindScanline
 0001:00042988       FindTopMostWindow
 0001:000178BC       FindUniqueName
 0001:0002AE20       FindVCLWindow
 0001:000055AC       FindWindow
 0001:000272B8       FindWinHelp
 0002:00002C98       FInet_addr
 0002:00002C94       FInet_ntoa
 0002:00002C8C       FIoctlSocket
 0001:0001F2DC       FixupBitFields
 0002:00000CD8       Flags
 0002:000027A4       FLanguages
 0001:00023D34       FlatSB
 0002:00002964       FlatSB_EnableScrollBar
 0002:00002970       FlatSB_GetScrollInfo
 0002:00002974       FlatSB_GetScrollPos
 0002:0000296C       FlatSB_GetScrollRange
 0002:0000297C       FlatSB_SetScrollInfo
 0002:00002978       FlatSB_SetScrollPos
 0001:00023A24       FlatSB_SetScrollProp
 0002:00002980       FlatSB_SetScrollRange
 0002:00002968       FlatSB_ShowScrollBar
 0002:00002C88       FListen
 0001:00008100       FloatToDecimal
 0001:00008440       FloatToStr
 0001:00007E2C       FloatToText
 0001:00001988       Flush
 0002:00000188       FMSecsPerDay
 0001:00007D28       FmtStr
 0002:00002C84       Fntohl
 0002:00002C80       Fntohs
 0002:00000CF4       FocusCount
 0002:00000CF0       FocusMessages
 0002:000006B8       FontCharsets
 0002:00002900       FontManager
 0002:00002C60       FOpenSocket
 0001:00042A04       ForegroundTask
 0001:00007D14       Format
 0002:00000190       Format
 0001:0000791C       FormatBuf
 0001:00007910       FormatClearStr
 0001:00007894       FormatError
 0002:0000016C       FormatErrorStrs
 0001:000050F4       FormatMessage
 0001:000078EC       FormatVarToStr
 0001:0004CBF8       Forms
 0001:00001C58       FPower10
 0002:000007EC       FPrinter
 0001:000055B4       FrameRect
 0002:00002C78       FRecv
 0002:00002C7C       FRecvFrom
 0001:0004CD44       FreeAndNil
 0001:0000BEE8       FreeAndNil
 0001:00000978       FreeCommitted
 0001:00000E98       FreeCurAlloc
 0001:0002AF14       FreeDeviceContext
 0001:0002AFD0       FreeDeviceContexts
 0001:0000C570       FreeImage
 0001:00019C28       FreeIntConstList
 0001:000050FC       FreeLibrary
 0001:00000244       FreeLibrary
 0001:0004CEF8       FreeLibrary
 0001:0001EE38       FreeMemoryContexts
 0001:00019D5C       FreeObjectInstance
 0001:0000510C       FreeResource
 0001:000005F8       FreeSpace
 0001:0000BA54       FreeTerminateProcs
 0001:00023EE8       FreeThemeLibrary
 0002:00002B08       FRichEditModule
 0002:00002C74       FSend
 0002:00002C70       FSendTo
 0002:00002C68       FSetSockOpt
 0002:00002C64       FShutdown
 0002:00002C44       FWSAAsyncGetHostByAddr
 0002:00002C40       FWSAAsyncGetHostByName
 0002:00002C48       FWSAAsyncSelect
 0002:00002C3C       FWSACancelAsyncRequest
 0002:00002C30       FWSACleanup
 0002:00002C38       FWSAGetLastError
 0002:00002C90       FWSAIoctl
 0002:00002C34       FWSASetLastError
 0002:00002C2C       FWSAStartup
 0002:00002E54       GClassCritSect
 0001:0001D8F0       GDICheck
 0001:0001D848       GDIError
 0001:00001910       Get8087CW
 0001:00005114       GetACP
 0001:000055BC       GetActiveWindow
 0001:00052A94       GetAliasList
 0001:0004A230       GetAnimation
 0001:00005354       GetBitmapBits
 0001:00000378       GetBlockDesc
 0001:0000535C       GetBrushOrgEx
 0001:000055C4       GetCapture
 0001:00029750       GetCaptureControl
 0001:000129A0       GetClass
 0001:0004CE60       GetClassInfo
 0001:000055CC       GetClassInfo
 0001:000055D4       GetClassName
 0001:000055DC       GetClientRect
 0001:00005364       GetClipBox
 0001:00000314       GetCmdShow
 0001:00038E1C       GetColor
 0001:00025C00       GetComCtlVersion
 0001:0000024C       GetCommandLine
 0001:000007C4       GetCommitted
 0001:00000854       GetCommittedAt
 0001:0005AB0C       GetContactUID
 0001:00030490       GetControlAtPos
 0001:00008A10       GetCount
 0001:0000511C       GetCPInfo
 0001:0000536C       GetCurrentPositionEx
 0001:00005124       GetCurrentProcessId
 0002:00002A48       GetCurrentThemeName
 0001:00000304       GetCurrentThreadId
 0001:0004CD9C       GetCurrentThreadId
 0001:0000512C       GetCurrentThreadId
 0001:00005998       GetCurrentTime
 0001:000055E4       GetCursor
 0001:0004C400       GetCursorHeightMargin
 0001:000055EC       GetCursorPos
 0001:00008A3C       GetDate
 0001:00005134       GetDateFormat
 0001:000096C4       GetDateOrder
 0001:000055F4       GetDC
 0001:000055FC       GetDCEx
 0001:00005374       GetDCOrgEx
 0001:00021930       GetDefFontCharSet
 0001:00005604       GetDesktopWindow
 0001:0000538C       GetDeviceCaps
 0001:0001E838       GetDIB
 0001:0000537C       GetDIBColorTable
 0001:00005384       GetDIBits
 0001:0001E780       GetDIBSizes
 0001:0001DA60       GetDInColors
 0001:0000513C       GetDiskFreeSpaceA
 0002:00000140       GetDiskFreeSpaceEx
 0001:0000560C       GetDlgItem
 0001:00005614       GetDlgItemText
 0001:00036A48       GetDockAlign
 0001:0002A0F8       GetDockSiteAtPos
 0001:0002A424       GetDropCtl
 0001:000022D0       GetDynaMethod
 0001:000100B0       GetEnumNameValue
 0001:000100FC       GetEnumValue
 0001:0000A0D4       GetEraNamesAndYearOffsets
 0001:00009758       GetEraYearOffset
 0001:0000AA04       GetExceptionClass
 0001:0000ABE8       GetExceptionObject
 0001:00012928       GetFieldClassTable
 0001:0000AE58       GetFileVersion
 0001:000052C4       GetFileVersionInfo
 0001:000052CC       GetFileVersionInfoSize
 0001:0000561C       GetFocus
 0001:0001C424       GetFontData
 0001:00005624       GetForegroundWindow
 0001:0000B60C       GetFormatSettings
 0001:00005144       GetFullPathName
 0001:0001B990       GetHashCode
 0001:000477A8       GetHelpInfo
 0001:00022DF8       GetHelpSystem
 0001:0004A014       GetHint
 0001:0004A04C       GetHintControl
 0001:00040770       GetHotkey
 0001:0000562C       GetIconInfo
 0001:00052A2C       GetIPList
 0001:00005644       GetKeyboardLayout
 0001:0000564C       GetKeyboardLayoutList
 0001:00005654       GetKeyboardState
 0001:00001F44       GetKeyboardType
 0001:00005634       GetKeyNameText
 0001:0000563C       GetKeyState
 0001:0000565C       GetLastActivePopup
 0001:00034D10       GetLastChildZone
 0001:00000254       GetLastError
 0001:0000514C       GetLastError
 0001:00009E98       GetLocaleChar
 0001:0000515C       GetLocaleInfo
 0001:0000025C       GetLocaleInfo
 0001:00009E4C       GetLocaleStr
 0001:00005154       GetLocalTime
 0001:0002970C       GetLongHint
 0001:00005664       GetMenu
 0001:00047730       GetMenuHelpContext
 0001:0000566C       GetMenuItemCount
 0001:00005674       GetMenuItemID
 0001:0000567C       GetMenuItemInfo
 0001:0003D8C0       GetMenuSize
 0001:00005684       GetMenuState
 0001:0000568C       GetMenuString
 0001:0004CDA8       GetMessage
 0001:00005694       GetMessage
 0001:00000264       GetModuleFileName
 0001:00005164       GetModuleFileName
 0001:0000516C       GetModuleHandle
 0001:0000026C       GetModuleHandle
 0002:0000292C       GetMonitorInfo
 0002:00002930       GetMonitorInfoA
 0002:00002934       GetMonitorInfoW
 0001:00009EFC       GetMonthDayNames
 0001:0000569C       GetNextWindow
 0001:00005394       GetObject
 0001:000101D0       GetOrdProp
 0001:0000539C       GetPaletteEntries
 0001:000056A4       GetParent
 0001:00042BFC       GetParentForm
 0001:000053A4       GetPixel
 0001:00005174       GetProcAddress
 0001:00000274       GetProcAddress
 0001:0004CF18       GetProcAddress
 0001:000056AC       GetProp
 0001:00010160       GetPropInfo
 0001:000430BC       GetRealScrollPosition
 0001:00038DFC       GetRGBColor
 0001:000056B4       GetScrollInfo
 0001:000056BC       GetScrollPos
 0001:000056C4       GetScrollRange
 0001:000296C8       GetShortHint
 0001:0000051C       GetSpace
 0001:00000580       GetSpaceAt
 0001:0003B34C       GetSpecialName
 0001:0000027C       GetStartupInfo
 0001:0000517C       GetStdHandle
 0001:000001F4       GetStdHandle
 0001:000053AC       GetStockObject
 0001:00005184       GetStringTypeEx
 0001:000056CC       GetSubMenu
 0001:000056D4       GetSysColor
 0001:000056DC       GetSysColorBrush
 0001:0000518C       GetSystemInfo
 0001:000056E4       GetSystemMenu
 0002:0000291C       GetSystemMetrics
 0001:000056EC       GetSystemMetrics
 0001:000053B4       GetSystemPaletteEntries
 0001:0005957C       GetText
 0001:000053BC       GetTextExtentPoint32
 0001:000053C4       GetTextMetrics
 0002:00002A40       GetThemeAppProperties
 0002:000029AC       GetThemeBackgroundContentRect
 0002:000029B0       GetThemeBackgroundExtent
 0002:000029C0       GetThemeBackgroundRegion
 0002:000029E4       GetThemeBool
 0002:000029D8       GetThemeColor
 0002:00002A4C       GetThemeDocumentationProperty
 0002:000029EC       GetThemeEnumValue
 0002:00002A0C       GetThemeFilename
 0002:000029F4       GetThemeFont
 0002:000029E8       GetThemeInt
 0002:00002A00       GetThemeIntList
 0002:000029FC       GetThemeMargins
 0002:000029DC       GetThemeMetric
 0002:000029B4       GetThemePartSize
 0002:000029F0       GetThemePosition
 0002:00002A04       GetThemePropertyOrigin
 0002:000029F8       GetThemeRect
 0002:000029E0       GetThemeString
 0002:00002A18       GetThemeSysBool
 0002:00002A10       GetThemeSysColor
 0002:00002A14       GetThemeSysColorBrush
 0002:00002A20       GetThemeSysFont
 0002:00002A28       GetThemeSysInt
 0002:00002A1C       GetThemeSysSize
 0002:00002A24       GetThemeSysString
 0002:000029B8       GetThemeTextExtent
 0002:000029BC       GetThemeTextMetrics
 0001:00005194       GetThreadLocale
 0001:00000284       GetThreadLocale
 0001:0004CF2C       GetTickCount
 0001:0000519C       GetTickCount
 0001:00008A74       GetTime
 0001:00004DA0       GetTlsSize
 0001:0004A7E0       GetTopMostWindows
 0001:00029858       GetTopParent
 0001:000056F4       GetTopWindow
 0001:000100A4       GetTypeData
 0001:0000030C       GetVersion
 0001:000051A4       GetVersion
 0001:000051AC       GetVersionEx
 0001:000056FC       GetWindow
 0001:00005704       GetWindowDC
 0001:0004CD6C       GetWindowLong
 0001:0000570C       GetWindowLong
 0001:000053CC       GetWindowOrgEx
 0001:00005714       GetWindowPlacement
 0001:0000571C       GetWindowRect
 0001:0005676C       GetWindowsErr
 0001:00005724       GetWindowText
 0002:00002A34       GetWindowTheme
 0001:00005734       GetWindowThreadProcessId
 0001:0000572C       GetWindowThreadProcessId
 0001:000566E0       GetWinsockErr
 0002:00002CC0       GInitData
 0001:000051B4       GlobalAddAtom
 0001:000051BC       GlobalAlloc
 0001:000059AC       GlobalAllocPtr
 0001:000051C4       GlobalDeleteAtom
 0001:000051CC       GlobalFindAtom
 0002:00002884       GlobalFixupList
 0001:00015CB0       GlobalFixupReferences
 0001:000051D4       GlobalFree
 0001:000059D8       GlobalFreePtr
 0001:000051E4       GlobalHandle
 0001:000051DC       GlobalLock
 0002:00002868       GlobalNameSpace
 0001:000051EC       GlobalReAlloc
 0001:000059BC       GlobalReAllocPtr
 0001:000051F4       GlobalUnlock
 0001:00021DF4       Graphics
 0002:00000E20       GReqVerHigh
 0002:00000E1C       GReqVerLow
 0001:00012B1C       GroupDescendentsWith
 0002:00002BFC       GWndHandleCount
 0002:00002C00       GWndHandlerCritSect
 0002:00002C18       GWndHandlerMsgLow
 0002:00002BF8       GWndHandlerPool
 0002:00002E6C       GWSockCritSect
 0001:000479B0       HandleEdge
 0001:00017114       HandleException
 0001:00052684       HasOption
 0002:00000024       HeapAllocFlags
 0002:000025C0       heapErrorCode
 0002:000025C4       heapLock
 0001:000239A0       HelpIntfs
 0002:00002958       HelpManager
 0002:00002A90       HelpMsg
 0002:00002B2C       HelpViewer
 0002:00002B30       HelpViewerIntf
 0002:0000013C       HexDisplayPrefix
 0002:000003D4       hHookFilterAdd
 0002:000003CC       hHookOnLoad
 0002:000003D0       hHookOptions
 0002:000003C8       hHookShutdown
 0001:00036AC4       HideZone
 0002:00002660       HInstance
 0002:00002BE8       HintDoneEvent
 0001:0004A11C       HintGetMsgHook
 0002:00002BEC       HintHook
 0001:0004A0C0       HintMouseThread
 0002:00002BF0       HintThread
 0002:00002BE4       HintThreadID
 0001:0004A06C       HintTimerProc
 0002:00000CE8       HintWindowClass
 0002:000029C4       HitTestThemeBackground
 0001:0004CF70       HiWord
 0001:0004A160       HookHintHooks
 0001:00005AE4       HwndMSWheel
 0002:00000C7C       IBreaks
 0002:00000C88       IChecks
 0001:0001A324       IcsLoggerAddTimeStamp
 0002:00000C90       IDefaults
 0001:0001C414       IdentToCharset
 0001:0001C20C       IdentToColor
 0001:000296B8       IdentToCursor
 0001:00012D04       IdentToInt
 0002:00000C98       IEnables
 0001:0003E664       IfHotkeyAvailable
 0002:00002BC0       ImageListWriteExProc
 0001:00005C9C       ImageList_Add
 0001:00005CBC       ImageList_AddIcon
 0001:00005CE0       ImageList_BeginDrag
 0001:00005C84       ImageList_Create
 0001:00005C8C       ImageList_Destroy
 0001:00005CF0       ImageList_DragEnter
 0001:00005CF8       ImageList_DragLeave
 0001:00005D00       ImageList_DragMove
 0001:00005D10       ImageList_DragShowNolock
 0001:00005CC8       ImageList_Draw
 0001:00005CD0       ImageList_DrawEx
 0001:00005CE8       ImageList_EndDrag
 0001:00005CB4       ImageList_GetBkColor
 0001:00005D18       ImageList_GetDragImage
 0001:00005D30       ImageList_GetIconSize
 0001:00005C94       ImageList_GetImageCount
 0001:00005D20       ImageList_Read
 0001:00005CD8       ImageList_Remove
 0001:00005CA4       ImageList_ReplaceIcon
 0001:00005CAC       ImageList_SetBkColor
 0001:00005D08       ImageList_SetDragCursorImage
 0001:00005D38       ImageList_SetIconSize
 0001:00005D28       ImageList_Write
 0002:00000BEC       Images
 0001:0003A384       ImgList
 0001:000229A8       Imm
 0002:00000BD0       IMM32DLL
 0001:000376B4       Imm32IsIME
 0002:0000018C       IMSecsPerDay
 0001:0000E2BC       InBounds
 0001:0000E01C       InBounds
 0001:0004E240       IncPtr
 0001:0000E2EC       Increment
 0001:0000E04C       Increment
 0001:0000573C       InflateRect
 0001:000259F4       IniFiles
 0001:00000A04       InitAllocator
 0001:000221F0       InitAnApi
 0002:00002944       InitApis
 0001:00012FAC       InitComponent
 0002:00002630       InitContext
 0001:00037750       InitControls
 0001:00021974       InitDefFontData
 0001:00059898       InitDlg
 0001:0000BA74       InitDriveSpacePtr
 0001:0000ACC4       InitExceptions
 0001:00023A80       InitFlatSB
 0001:00024F1C       InitGlobals
 0001:0001E638       InitializeBitmapInfoHeader
 0001:000051FC       InitializeCriticalSection
 0001:00000358       InitializeCriticalSection
 0001:0004CE40       InitializeCriticalSection
 0002:000025BC       initialized
 0001:00023A58       InitializeFlatSB
 0001:00004EA4       InitializeModule
 0001:0000D1C8       InitializeVarUtils
 0001:00037354       InitIMM32
 0001:00013054       InitInheritedComponent
 0001:0000B420       InitLeadBytes
 0001:0000C95C       InitMMI
 0001:000228CC       InitMultiMonStubs
 0001:0000ADC8       InitPlatformId
 0001:00004DEC       InitProcessTLS
 0001:0004CB10       InitProcs
 0001:000218F8       InitScreenLogPixels
 0001:0000B498       InitSysLocale
 0001:000240A8       InitThemeLibrary
 0001:00018A20       InitThreadSynchronization
 0001:00004DA8       InitThreadTLS
 0001:00002B24       InitUnits
 0001:0002939C       InitWndProc
 0002:00000B70       InnerStyles
 0002:00002048       Input
 0001:00049B44       InsertBefore
 0001:0002ED38       InsertBefore
 0001:00000E10       InsertFree
 0001:0003E718       InsertHotkeyFarEastFormat
 0001:00005744       InsertMenu
 0001:0000574C       InsertMenuItem
 0002:000028A0       InstBlockList
 0002:000028A4       InstFreeList
 0002:00002878       IntConstList
 0001:000002FC       InterlockedDecrement
 0001:0000BADC       InterlockedDecrement
 0001:00005104       InterlockedExchange
 0001:0000BAE8       InterlockedExchange
 0001:0000BAF0       InterlockedExchangeAdd
 0001:000002F4       InterlockedIncrement
 0001:0000BAD0       InterlockedIncrement
 0001:0001B91C       InternalDeletePalette
 0001:00001940       InternalFlush
 0001:00000C6C       InternalFreeMem
 0001:0001E788       InternalGetDIB
 0001:0001E71C       InternalGetDIBSizes
 0001:00012E44       InternalReadComponentRes
 0002:00002B14       InternalServices
 0001:00003390       InternalUniqueString
 0001:000053D4       IntersectClipRect
 0001:00005754       IntersectRect
 0001:0004CD50       IntToHex
 0001:000070C4       IntToHex
 0001:00012D44       IntToIdent
 0001:0004CC90       IntToStr
 0001:0000709C       IntToStr
 0001:00006FB0       IntToStr
 0001:0000575C       InvalidateRect
 0001:0001D7DC       InvalidBitmap
 0001:0001D7C4       InvalidGraphic
 0001:0001D7E8       InvalidIcon
 0001:0001D7AC       InvalidOperation
 0001:00011EB0       InvalidPoint
 0002:000027A0       InvalidPointer
 0001:00002188       InvokeImplGetter
 0001:000018A0       IOResult
 0002:00000CB8       IOwnerDraw
 0002:00002E50       IPList
 0002:00000CA0       IRadios
 0002:00000CB0       IRTL
 0001:00042B8C       IsAccel
 0001:0003F8C8       IsAccelChar
 0002:00002A30       IsAppThemed
 0001:00029EB0       IsBeforeTargetWindow
 0001:00005764       IsChild
 0002:00002044       IsConsole
 0001:0005A39C       IsContactProto
 0001:0002A30C       IsDelphiHandle
 0001:0000576C       IsDialogMessage
 0001:00050348       IsDigit
 0002:00000CA8       ISeparators
 0001:00005774       IsIconic
 0001:0003F924       IsInitialChar
 0001:00008680       IsLeapYear
 0002:00002034       IsLibrary
 0002:00002045       IsMultiThread
 0001:00034774       IsOrientationSet
 0001:0000577C       IsRectEmpty
 0001:0002A0B4       IsSiteChildOfClient
 0002:00002A2C       IsThemeActive
 0002:000029D4       IsThemeBackgroundPartiallyTransparent
 0002:00002A3C       IsThemeDialogTextureEnabled
 0002:000029D0       IsThemePartDefined
 0001:00012E20       IsUniqueGlobalComponentName
 0002:0000286C       IsUniqueGlobalComponentNameProc
 0001:00006F00       IsValidIdent
 0001:0000B480       IsWesternGroup
 0001:00005784       IsWindow
 0001:0000578C       IsWindowEnabled
 0001:00005794       IsWindowVisible
 0001:0000579C       IsZoomed
 0001:0003B718       Iterate
 0001:0003B778       IterateMenus
 0002:0000002C       JITEnable
 0001:00042B40       KeyboardStateToShiftState
 0001:00042B04       KeyDataToShiftState
 0001:00042AB0       KeysToShiftState
 0001:000057A4       KillTimer
 0001:000074D8       LastDelimiter
 0001:0000B3AC       LCIDToCodePage
 0001:00004BC8       LCIDToCodePage
 0002:0000011C       LeadBytes
 0001:00000368       LeaveCriticalSection
 0001:00005204       LeaveCriticalSection
 0001:0004CE30       LeaveCriticalSection
 0002:00000034       LibModuleList
 0001:000053DC       LineTo
 0001:00025B58       ListActns
 0001:0002AE9C       ListAdd
 0001:0002AEC4       ListRemove
 0002:00002756       ListSeparator
 0001:0005AF6C       Load
 0001:000057AC       LoadBitmap
 0001:000057B4       LoadCursor
 0001:000057BC       LoadIcon
 0001:000057C4       LoadKeyboardLayout
 0001:0004CF08       LoadLibrary
 0001:0000520C       LoadLibrary
 0001:0000028C       LoadLibraryEx
 0001:00005214       LoadResource
 0001:000042D0       LoadResourceModule
 0001:00004B70       LoadResString
 0001:000057CC       LoadString
 0001:00000294       LoadString
 0001:00004D64       LocalAlloc
 0001:00000338       LocalAlloc
 0001:00004D6C       LocalFree
 0001:00000340       LocalFree
 0001:00009EC0       LocalGetLocaleStr
 0002:00002A64       Lock
 0001:0000521C       LockResource
 0002:00002698       LongDateFormat
 0002:0000272C       LongDayNames
 0002:000026E0       LongMonthNames
 0002:000026AC       LongTimeFormat
 0001:00006D04       LowerCase
 0001:0004CD08       LowerCase
 0001:000052A4       lstrcatA
 0001:000052AC       lstrcpy
 0001:000052B4       lstrcpyA
 0001:0000029C       lstrcpyn
 0001:000052BC       lstrlenA
 0002:00002844       LVarTypes
 0002:00002848       LVarTypeSync
 0002:0000202C       MainInstance
 0002:00002030       MainThreadID
 0001:000003C8       MakeEmpty
 0001:00002CBC       MakeErrorMessage
 0002:00000BBC       MakeLast
 0001:0000598C       MakeLong
 0001:0004CF64       MakeLong
 0001:00019CC4       MakeObjectInstance
 0001:000059EC       MakeROP4
 0001:0004CF50       MakeWord
 0001:00005A24       MakeWParam
 0001:0000A984       MapException
 0001:00025AC8       Mapi
 0002:00000A18       MAPIDLL
 0002:00000A1C       MAPIModule
 0001:0000293C       MapToRunError
 0001:000057D4       MapVirtualKey
 0001:000057DC       MapWindowPoints
 0002:00000BF4       Mask
 0001:000053E4       MaskBlt
 0001:00021F30       Math
 0001:00021EF8       Max
 0001:00045444       MaximizedChildren
 0002:0000003C       MemoryManager
 0002:00000C10       MenuKeyCaps
 0001:00040940       Menus
 0001:00000418       MergeBlockAfter
 0001:00000EE4       MergeCommit
 0001:000057E4       MessageBox
 0001:0000022C       MessageBox
 0001:00005C44       Messages
 0002:0000038C       ME_DB_EVENT_FILTER_ADD
 0002:00000394       ME_OPT_INITIALISE
 0002:0000031C       ME_SYSTEM_MODULESLOADED
 0002:00000320       ME_SYSTEM_SHUTDOWN
 0001:00058C50       mGetMem
 0002:00000364       MIID_LAST
 0001:00021EF0       Min
 0001:000136B8       Min
 0001:0002E6C0       MinVar
 0001:00059504       MirandaPluginInfo
 0001:0005952C       MirandaPluginInfoEx
 0001:0005AFB0       MirandaPluginInterfaces
 0001:0000C7DC       mir_u2a
 0002:0000294C       MMAvailable
 0002:00000328       mmi
 0002:00000BD4       ModeMap
 0001:0004713C       ModifySystemMenu
 0002:000000A4       Module
 0002:0000265D       ModuleIsCpp
 0002:0000265C       ModuleIsLib
 0001:00019C94       ModuleUnload
 0002:00000038       ModuleUnloadList
 0002:00002928       MonitorFromPoint
 0002:00002924       MonitorFromRect
 0002:00002920       MonitorFromWindow
 0002:000000EC       MonthDays
 0002:00002B34       Mouse
 0001:000018C0       Move
 0001:000053EC       MoveToEx
 0001:0002AEE4       MoveWindowOrg
 0002:00000384       MS_DB_CONTACT_FINDFIRST
 0002:00000388       MS_DB_CONTACT_FINDNEXT
 0002:0000037C       MS_DB_CONTACT_FREEVARIANT
 0002:00000374       MS_DB_CONTACT_GETSETTING
 0002:00000378       MS_DB_CONTACT_GETSETTING_STR
 0002:00000380       MS_DB_CONTACT_WRITESETTING
 0002:00000390       MS_LANGPACK_TRANSLATEDIALOG
 0002:00000398       MS_OPT_ADDPAGE
 0002:0000039C       MS_PROTO_CALLCONTACTSERVICE
 0002:000003A0       MS_PROTO_ENUMPROTOCOLS
 0002:000003A4       MS_PROTO_ISPROTOONCONTACT
 0002:00000324       MS_SYSTEM_GET_MMI
 0001:00005224       MulDiv
 0001:000002AC       MultiByteToWideChar
 0001:0004C5B4       MultiLineWidth
 0001:00022968       MultiMon
 0001:0000C9AC       m_api
 0001:0000C538       m_globaldefs
 0002:0000268D       NegCurrFormat
 0001:00000F70       NewCommit
 0001:00000F9C       NewCommitAt
 0002:00002B38       NewStyleControls
 0001:0000B230       NextCharIndex
 0001:00034758       NextVisibleZone
 0002:000004A8       NilMethod
 0002:00000030       NoErrMsg
 0001:0003C52C       NormalDraw
 0001:000024F4       NotifyAnyExcept
 0001:00059CE4       NotifyDlg
 0001:000024C8       NotifyExcept
 0001:00002528       NotifyExceptFinally
 0001:00012F20       NotifyGlobalLoading
 0001:000045D0       NotifyModuleUnload
 0001:000024A4       NotifyNonDelphiException
 0001:000024E0       NotifyOnExcept
 0001:00002488       NotifyReRaise
 0001:00002550       NotifyTerminate
 0001:0000256C       NotifyUnhandled
 0001:0003F2A4       NthParentOf
 0001:0000FE2C       Null
 0002:000003E4       NullAsStringValue
 0002:000003E0       NullStrictConvert
 0001:00029454       ObjectFromHWnd
 0001:000057EC       OemToAnsi
 0001:000057F4       OffsetRect
 0001:0005ABEC       OnFilterAdd
 0001:0005AEE0       OnModulesLoaded
 0001:0005A060       OnOptInitialise
 0002:0000299C       OpenThemeData
 0002:00002EB4       optLoading
 0002:00000BB4       OrientArray
 0002:00000B80       OuterStyles
 0002:0000279C       OutOfMemory
 0001:0001D7F4       OutOfResources
 0002:00002214       Output
 0001:0000522C       OutputDebugString
 0001:0004CFB0       OverbyteIcsLibrary
 0001:0001A954       OverbyteIcsLogger
 0001:0001A9D4       OverbyteIcsTypes
 0001:0004E8AC       OverbyteIcsWinSock
 0001:0004E030       OverbyteIcsWndControl
 0001:0004E83C       OverbyteIcsWSockBuf
 0001:000587A0       OverbyteIcsWSocket
 0001:00058C48       OverbyteIcsWSocketS
 0002:000003E8       PackVarCreation
 0002:000007AC       Pal16
 0001:0001BD00       PaletteChanged
 0001:0001DFE0       PaletteFromDIBColorTable
 0001:0001E084       PaletteToDIBColorTable
 0002:000007A8       PalSize
 0001:00034B3C       ParentNotLast
 0001:000053F4       PatBlt
 0002:00002910       PatternManager
 0001:000057FC       PeekMessage
 0001:0004CDE4       PeekMessage
 0002:00002904       PenManager
 0002:00000778       PenModes
 0002:00000758       PenStyles
 0002:00000E34       PluginInfoEx
 0002:00002E94       PluginInterfaces
 0002:000027B0       PLUGINLINK
 0001:00004F4C       Point
 0001:00011E38       Point
 0001:00012270       PointerInModule
 0001:0002FEB0       PointsEqual
 0001:00005A0C       PointToSmallPoint
 0002:00002BC4       PopupList
 0001:0004CE04       PostMessage
 0001:00005804       PostMessage
 0001:0000580C       PostQuitMessage
 0001:0005AE94       PreShutdown
 0001:00023A1C       Printers
 0001:00048850       ProcessExecute
 0001:00042DBC       ProcessHorz
 0001:00048950       ProcessUpdate
 0001:00042E28       ProcessVert
 0001:00015FAC       PropertyNotFound
 0001:00017214       PropPathError
 0002:00000D18       Props
 0001:00015FA0       PropValueError
 0001:000597F0       ProtoInList
 0001:00005814       PtInRect
 0002:000000A0       PtrToNil
 0001:00007DE8       PutExponent
 0002:00002B7C       QualifyingSites
 0001:0000A940       RaiseAssertException
 0001:000001FC       RaiseException
 0001:00014FC0       RaiseException
 0002:00002014       RaiseExceptionProc
 0001:0000B98C       RaiseLastOSError
 0001:000358AC       ReadControlName
 0001:00018454       ReadCustomVariant
 0001:00015F88       ReadError
 0001:00005234       ReadFile
 0001:0001E330       ReadIcon
 0001:000053FC       RealizePalette
 0001:000167C8       Recover
 0001:00011E60       Rect
 0001:00004F30       Rect
 0001:00005404       RectVisible
 0001:0000581C       RedrawWindow
 0002:0000283C       RefAnyProc
 0002:00002A60       ReferenceCount
 0001:000002B4       RegCloseKey
 0001:00005074       RegCloseKey
 0002:0000287C       RegGroups
 0001:00005824       RegisterClass
 0001:00012A14       RegisterClass
 0001:0004CE78       RegisterClass
 0001:0000582C       RegisterClipboardFormat
 0001:0002A254       RegisterDockSite
 0001:00012D88       RegisterFindGlobalComponentProc
 0001:00012C5C       RegisterIntegerConsts
 0001:0000462C       RegisterModule
 0001:00022D74       RegisterViewer
 0001:00005834       RegisterWindowMessage
 0001:00025A5C       Registry
 0001:0000507C       RegOpenKeyEx
 0001:000002BC       RegOpenKeyEx
 0001:000002C4       RegQueryValueEx
 0001:00005084       RegQueryValueEx
 0001:0002497C       RegStr
 0001:0000583C       ReleaseCapture
 0001:00005844       ReleaseDC
 0002:00000048       reMap
 0002:00002614       remBytes
 0001:00000488       RemoveBlock
 0002:00000484       RemoveDataModule
 0001:00015E58       RemoveFixupReferences
 0001:00015F04       RemoveFixups
 0001:000161FC       RemoveGlobalFixup
 0001:0000584C       RemoveMenu
 0001:00004548       RemoveModuleUnloadProc
 0001:00004570       RemoveModuleUnloadProc
 0001:0005269C       RemoveOption
 0001:00005854       RemoveProp
 0001:0000523C       ResetEvent
 0001:00018A6C       ResetSyncEvent
 0001:00001424       ResizeInPlace
 0001:0000540C       RestoreDC
 0001:0004275C       RestoreFocusState
 0001:00013E5C       ReturnAddr
 0001:000131E4       ReturnAddr
 0001:0003B2EC       ReturnAddr
 0001:0001DD60       RGBQuadToTriple
 0001:0001DD28       RGBTripleToQuad
 0001:000248D4       RichEdit
 0002:00002B4C       RM_GetObjectInstance
 0002:00002BE0       RM_TaskbarCreated
 0002:00002610       rover
 0002:00000A20       RTFConversionFormat
 0001:00010070       RTLConsts
 0001:00000204       RtlUnwind
 0002:00002018       RTLUnwindProc
 0002:0000006C       runErrMsg
 0001:000017C8       RunErrorAt
 0001:0000D17C       SafeArrayCreate
 0001:0000D184       SafeArrayGetLBound
 0001:0000D18C       SafeArrayGetUBound
 0001:0000D194       SafeArrayPtrOfIndex
 0001:000514D4       SafeDecrementCount
 0001:000514B4       SafeIncrementCount
 0001:0000BFB4       SafeLoadLibrary
 0001:00006DE4       SameText
 0001:00059B04       SaveChangedOptions
 0001:00005414       SaveDC
 0001:00042754       SaveFocusState
 0001:00009548       ScanBlanks
 0001:0000968C       ScanChar
 0001:00009808       ScanDate
 0001:0000956C       ScanNumber
 0001:00009600       ScanString
 0001:00009B4C       ScanTime
 0001:00009710       ScanToNumber
 0002:00002BD8       Screen
 0002:000028BC       ScreenLogPixels
 0001:0000585C       ScreenToClient
 0001:00042F74       ScrollBarVisible
 0001:00005864       ScrollWindow
 0001:00000FD0       SearchSmallBlocks
 0001:0000541C       SelectObject
 0001:00005424       SelectPalette
 0001:000294E4       SendAppMessage
 0001:0000586C       SendDlgItemMessage
 0001:000429C4       SendFocusMessage
 0001:00005874       SendMessage
 0002:00000C74       Separators
 0001:00001900       Set8087CW
 0001:0000587C       SetActiveWindow
 0001:0004A260       SetAnimation
 0001:0000542C       SetBkColor
 0001:00005434       SetBkMode
 0001:0000543C       SetBrushOrgEx
 0001:00005884       SetCapture
 0001:00029778       SetCaptureControl
 0001:0000588C       SetClassLong
 0001:0000F9B8       SetClearVarToEmptyParam
 0001:00016938       SetCompName
 0001:00005894       SetCursor
 0001:00005444       SetDIBColorTable
 0001:0000589C       SetDlgItemText
 0001:00059554       SetEnabled
 0001:00005244       SetEndOfFile
 0001:0000524C       SetErrorMode
 0001:00005254       SetEvent
 0001:00002A7C       SetExceptionHandler
 0001:0000525C       SetFilePointer
 0001:000104D4       SetFloatProp
 0001:000058A4       SetFocus
 0001:000058AC       SetForegroundWindow
 0001:000375D8       SetImeMode
 0001:0000184C       SetInOutRes
 0001:00010758       SetInt64Prop
 0001:00010794       SetInterfaceProp
 0001:000174F4       SetInterfaceReference
 0001:00017410       SetIntIdent
 0002:00000CEC       SetLayeredWindowAttributes
 0001:0001033C       SetLongStrProp
 0001:000058B4       SetMenu
 0001:000058BC       SetMenuItemInfo
 0001:00010720       SetMethodProp
 0001:00017458       SetObjectIdent
 0001:00010244       SetOrdProp
 0001:000058C4       SetParent
 0001:0000544C       SetPixel
 0001:000058CC       SetProp
 0001:000058D4       SetRect
 0001:00005454       SetROP2
 0001:000058DC       SetScrollInfo
 0001:000058E4       SetScrollPos
 0001:000058EC       SetScrollRange
 0001:000102A0       SetShortStrProp
 0001:000102F4       SetShortStrPropAsLongStr
 0001:0000545C       SetStretchBltMode
 0001:000103D4       SetStrProp
 0001:00016740       SetSubComponentState
 0001:000595CC       SetText
 0001:00005464       SetTextColor
 0002:00002A44       SetThemeAppProperties
 0001:00005264       SetThreadLocale
 0001:000058F4       SetTimer
 0001:0000F9A0       SetVarAsError
 0001:000106E0       SetVariantProp
 0001:00017498       SetVariantReference
 0001:0000546C       SetViewportOrgEx
 0001:0004C0C4       SetVisible
 0001:00010400       SetWideStrProp
 0001:0001037C       SetWideStrPropAsLongStr
 0001:000058FC       SetWindowLong
 0001:0004CECC       SetWindowLong
 0001:00005474       SetWindowOrgEx
 0001:00005904       SetWindowPlacement
 0001:0000590C       SetWindowPos
 0001:00005914       SetWindowsHookEx
 0002:00002A08       SetWindowTheme
 0002:00000158       ShareMode
 0001:00024944       ShellAPI
 0002:00002B04       ShellModule
 0001:00024A24       ShlObj
 0001:0003B314       ShortCut
 0002:00002BC8       ShortCutItems
 0001:0003B3A0       ShortCutToText
 0002:00002694       ShortDateFormat
 0002:00002710       ShortDayNames
 0002:000026B0       ShortMonthNames
 0002:000026A8       ShortTimeFormat
 0002:00000D64       ShowCommands
 0002:00000D58       ShowCommands
 0002:00000D4C       ShowCommands
 0001:0000591C       ShowCursor
 0001:0000A540       ShowException
 0002:00000B68       ShowFlags
 0002:00000E00       ShowFlags
 0001:00042764       ShowMDIClientEdge
 0001:00005924       ShowOwnedPopups
 0001:0000592C       ShowScrollBar
 0001:00005934       ShowWindow
 0001:0004A288       ShowWinNoAnimate
 0001:00036B44       ShowZone
 0002:00000BC8       SizeCursors
 0001:0000526C       SizeofResource
 0001:00017F88       SkipBinary
 0001:00017FB8       SkipCollection
 0001:00017F60       SkipList
 0001:0000B984       Sleep
 0001:00005274       Sleep
 0001:0004CF38       Sleep
 0001:00011E50       SmallPoint
 0001:000059F8       SmallPointToPoint
 0002:0000261C       smallTab
 0002:000025E4       spaceRoot
 0001:00012AD0       StartClassGroup
 0001:00026884       StdActns
 0001:0002671C       StdCtrls
 0001:00019C9C       StdWndProc
 0002:000028C4       StockBrush
 0002:000028C8       StockFont
 0002:000028CC       StockIcon
 0002:000028C0       StockPen
 0001:00007838       StrAlloc
 0001:0000784C       StrBufSize
 0001:0000AFE0       StrByteType
 0001:0000B1CC       StrCharLength
 0001:000076EC       StrComp
 0001:0004CCCC       StrCopy
 0001:0000764C       StrCopy
 0001:00007884       StrDispose
 0001:00058D4C       StrDup
 0001:00039AD0       StreamsEqual
 0001:00007628       StrEnd
 0001:0000547C       StretchBlt
 0001:00007C94       StrFmt
 0001:00007710       StrIComp
 0001:00014E5C       StringListCompareStrings
 0001:000406DC       StripHotkey
 0001:0004CCFC       StrLComp
 0001:00007750       StrLComp
 0001:00007674       StrLCopy
 0001:0004CCC0       StrLen
 0001:00007610       StrLen
 0001:00007CD4       StrLFmt
 0001:00007778       StrLIComp
 0001:0000763C       StrMove
 0001:00007858       StrNew
 0001:0000B1EC       StrNextChar
 0001:0004CCA8       StrPas
 0001:00007824       StrPas
 0001:000076A8       StrPCopy
 0001:0004CCF0       StrPCopy
 0001:000076CC       StrPLCopy
 0001:000077D0       StrPos
 0001:000077BC       StrScan
 0001:000070EC       StrToInt
 0001:00007128       StrToIntDef
 0001:0002585C       StrUtils
 0002:00000D40       Styles
 0001:0000BF1C       Supports
 0001:0000BEF8       Supports
 0002:00002870       SyncEvent
 0002:000004B0       SyncList
 0001:00023EE0       SyncObjs
 0001:000002DC       SysAllocStringLen
 0001:00006088       SysConst
 0002:00000D10       SysConsts
 0002:00000D08       SysConsts
 0001:00009E00       SysErrorMessage
 0001:0004CC78       SysErrorMessage
 0001:00001280       SysFreeMem
 0001:000002EC       SysFreeString
 0001:000010F0       SysGetMem
 0001:00004F28       SysInit
 0002:00002748       SysLocale
 0001:00001600       SysReallocMem
 0001:000002E4       SysReAllocStringLen
 0001:00004C90       System
 0002:000028B4       SystemPalette16
 0001:0001DF48       SystemPaletteOverride
 0001:0000593C       SystemParametersInfo
 0001:0000C488       SysUtils
 0001:0003846C       TActionLink.IsCaptionLinked
 0001:00038480       TActionLink.IsCheckedLinked
 0001:00038494       TActionLink.IsEnabledLinked
 0001:000384A8       TActionLink.IsGroupIndexLinked
 0001:000384BC       TActionLink.IsHelpContextLinked
 0001:000384D0       TActionLink.IsHelpLinked
 0001:000384E4       TActionLink.IsHintLinked
 0001:000384F8       TActionLink.IsImageIndexLinked
 0001:0003850C       TActionLink.IsShortCutLinked
 0001:00038520       TActionLink.IsVisibleLinked
 0001:00038534       TActionLink.SetAutoCheck
 0001:00038538       TActionLink.SetCaption
 0001:0003853C       TActionLink.SetChecked
 0001:00038540       TActionLink.SetEnabled
 0001:00038544       TActionLink.SetGroupIndex
 0001:00038548       TActionLink.SetHelpContext
 0001:0003854C       TActionLink.SetHelpKeyword
 0001:00038550       TActionLink.SetHelpType
 0001:00038554       TActionLink.SetHint
 0001:00038558       TActionLink.SetImageIndex
 0001:0003855C       TActionLink.SetShortCut
 0001:00038560       TActionLink.SetVisible
 0001:000592E8       TagExist
 0001:0004C660       TApplication.ActivateHint
 0001:0004B420       TApplication.BringToFront
[...]
  8331 0001:00056F9E  8332 0001:00056FA7  8333 0001:00056FAB  8334 0001:00056FB0
  8335 0001:00056FBF  8336 0001:00056FE0  8337 0001:00056FF0  8338 0001:00056FFF
  8339 0001:00057020  8340 0001:00057030  8342 0001:0005703E  8344 0001:0005705C
  8345 0001:00057061  8451 0001:00057068  8452 0001:00057093  8453 0001:0005709D
  8454 0001:000570AF  8455 0001:000570B6  8456 0001:000570BD  8457 0001:000570D5
  8461 0001:000570EA  8464 0001:000570FE  8465 0001:0005710C  8467 0001:0005713D
  8468 0001:0005713F  8469 0001:00057144  8470 0001:00057193  8471 0001:000571A2
  8475 0001:000571B1  8476 0001:000571B6  8479 0001:000571C8  8480 0001:000571F1
  8482 0001:00057201  8483 0001:00057209  8484 0001:0005720A  8486 0001:00057223
  8487 0001:0005724C  8488 0001:0005725C  8489 0001:00057264  8495 0001:0005726A
  8496 0001:00057271  8497 0001:00057278  8498 0001:0005727F  8499 0001:00057286
  8501 0001:00057297  8502 0001:000572BC  8503 0001:000572CF  8504 0001:000572E8
  8507 0001:000572EB  8509 0001:000572F9  8511 0001:0005731B  8512 0001:00057345
  8520 0001:00057374  8524 0001:00057398  8525 0001:000573A7  8527 0001:000573AE
  8529 0001:000573BC  8530 0001:000573E7  8546 0001:000573F0  8547 0001:0005740D
  8548 0001:00057416  8549 0001:00057420  8552 0001:00057425  8553 0001:0005742A
  8554 0001:0005743B  8555 0001:0005743F  8565 0001:00057444  8566 0001:00057452
  8577 0001:00057456  8578 0001:00057475  8580 0001:0005747D  8583 0001:00057483
  8585 0001:0005748E  8586 0001:0005749F  8590 0001:000574A4  8596 0001:000574B1
  8597 0001:000574B9  8598 0001:000574C2  8599 0001:000574D3  8601 0001:000574D8
  8603 0001:000574E2  8605 0001:000574EB  8607 0001:000574F6  8609 0001:000574FA
  8610 0001:00057501  8613 0001:00057506  8614 0001:00057517  8616 0001:0005751C
  8619 0001:00057528  8620 0001:00057530  8622 0001:00057534  8634 0001:00057543
  8635 0001:00057561  8637 0001:00057569  8640 0001:0005756F  8642 0001:0005757C
  8643 0001:00057584  8644 0001:0005758D  8645 0001:0005759E  8647 0001:000575A3
  8648 0001:000575B0  8649 0001:000575C4  8650 0001:000575CA  8651 0001:000575D0
  8653 0001:000575D6  8655 0001:000575DA  8657 0001:000575ED  8659 0001:000575FC
  8661 0001:0005760B  8663 0001:0005761A  8665 0001:0005763A  8666 0001:00057647
  8668 0001:0005764C  8671 0001:00057653  8673 0001:0005765F  8687 0001:00057673
  8688 0001:00057692  8690 0001:0005769A  8692 0001:000576A0  8694 0001:000576A9
  8695 0001:000576B2  8696 0001:000576C3  8699 0001:000576C8  8700 0001:000576D5
  8701 0001:000576E2  8702 0001:0005771A  8703 0001:00057720  8704 0001:00057726
  8705 0001:0005772C  8706 0001:00057732  8707 0001:00057738  8708 0001:0005773E
  8709 0001:00057744  8711 0001:0005774A  8713 0001:0005774E  8715 0001:00057786
  8717 0001:00057798  8719 0001:000577A7  8721 0001:000577B6  8723 0001:000577C5
  8725 0001:000577D4  8727 0001:000577E3  8729 0001:000577F2  8731 0001:00057801
  8733 0001:00057821  8734 0001:0005782E  8737 0001:00057833  8741 0001:00057842
  8742 0001:0005784C  8743 0001:00057853  8744 0001:00057857  8746 0001:00057864
  8748 0001:00057869  8751 0001:00057871  8754 0001:00057875  8758 0001:000578A7
  8759 0001:000578BC  8761 0001:000578C3  8763 0001:000578C7  8769 0001:000578DA
  8771 0001:000578FF  8775 0001:0005790C  8776 0001:0005791D  8779 0001:00057922
  8781 0001:00057958  8782 0001:0005795B  8785 0001:00057962  8787 0001:0005796E
  8788 0001:0005797C  8789 0001:00057980  8791 0001:0005798A  8793 0001:00057990
  8797 0001:000579A4  8798 0001:000579AC  8809 0001:000579B0  8810 0001:000579CF
  8812 0001:000579D7  8815 0001:000579DD  8817 0001:000579E6  8819 0001:000579EF
  8820 0001:00057A00  8823 0001:00057A02  8825 0001:00057A0D  8827 0001:00057A16
  8828 0001:00057A27  8831 0001:00057A29  8833 0001:00057A2E  8834 0001:00057A3F
  8836 0001:00057A41  8837 0001:00057A49  8838 0001:00057A52  8842 0001:00057A5B
  8843 0001:00057A6C  8845 0001:00057A9D  8850 0001:00057CF8  8851 0001:00057CFB
  8852 0001:00057D05  8854 0001:00057D0C  8855 0001:00057D0E  8867 0001:00057D10
  8868 0001:00057D19  8869 0001:00057D22  8870 0001:00057D2F  8873 0001:00057D31
  8880 0001:00057D3B  8882 0001:00057D4E  8883 0001:00057D54  8884 0001:00057D5C
  8892 0001:00057D5E  8894 0001:00057D72  8895 0001:00057D74  8896 0001:00057D7A
  8897 0001:00057D80  8912 0001:00057D88  8913 0001:00057D9D  8914 0001:00057DA6
  8915 0001:00057DB6  8916 0001:00057DBD  8917 0001:00057DDE  8922 0001:00057DF0
  8923 0001:00057DFE  8928 0001:00057E08  8929 0001:00057E13  8931 0001:00057E1B
  8933 0001:00057E23  8934 0001:00057E3A  8939 0001:00057E40  8941 0001:00057E4A
  8943 0001:00057E57  8944 0001:00057E65  8947 0001:00057E88  8951 0001:00057E99
  8953 0001:00057EA1  8960 0001:00057EA8  8965 0001:00057EAF  8967 0001:00057EB3
  8968 0001:00057EB4  8969 0001:00057EBB  8970 0001:00057EC7  8966 0001:00057EE7
  8975 0001:00057EF0  8980 0001:00057EF4  8981 0001:00057EFA  8983 0001:00057F02
  8984 0001:00057F08  8985 0001:00057F1A  8986 0001:00057F32  8992 0001:00057F38
  8993 0001:00057F42  8994 0001:00057F4B  8995 0001:00057F4F  8996 0001:00057F58
  8997 0001:00057F68  8999 0001:00057F77  9004 0001:00057F7C  9005 0001:00057F7F
  9006 0001:00057F88  9008 0001:00057F8F  9009 0001:00057F95  9021 0001:00057F98
  9022 0001:00057FA1  9024 0001:00057FB3  9032 0001:00057FBD  9034 0001:00057FCB
  9035 0001:00057FD1  9036 0001:00057FD9  9047 0001:00057FDE  9049 0001:00057FED
  9051 0001:00058004  9052 0001:00058006  9053 0001:0005800C  9056 0001:0005800E
  9058 0001:00058020  9059 0001:0005802D  9063 0001:0005802F  9070 0001:00058039
  9072 0001:00058047  9073 0001:0005804D  9074 0001:00058055  9086 0001:00058057
  9088 0001:00058066  9090 0001:0005807E  9091 0001:00058080  9092 0001:00058086
  9209 0001:00058098  9210 0001:000580A6  9211 0001:000580AB  9212 0001:000580B9
  9213 0001:000580BD  9214 0001:000580C6  9215 0001:000580C8  9218 0001:000580D0
  9219 0001:000580E0  9220 0001:000580ED  9221 0001:000580FD  9224 0001:00058103
  9226 0001:00058107  9227 0001:00058120  9229 0001:0005812B  9231 0001:0005813C
  9232 0001:00058140  9233 0001:00058141  9234 0001:00058146  9236 0001:00058149
  9238 0001:00058151  9239 0001:00058155  9242 0001:0005815B  9244 0001:0005815F
  9245 0001:00058171  9247 0001:0005817C  9250 0001:0005818D  9251 0001:00058196
  9252 0001:000581A5  9253 0001:000581AC  9254 0001:000581AD  9255 0001:000581B5
  9258 0001:000581BA  9259 0001:000581C3  9260 0001:000581DE  9261 0001:000581E4
  9263 0001:000581E9  9267 0001:000581F2  9269 0001:000581FC  9271 0001:000581FF
  9273 0001:00058211  9274 0001:00058214  9217 0001:00058215  9277 0001:00058229
  9278 0001:0005822F  9280 0001:00058237  9284 0001:0005823A  9286 0001:00058247
  9289 0001:0005824D  9290 0001:0005825D  9291 0001:00058267  9292 0001:00058270
  9295 0001:00058284  9296 0001:0005828A  9298 0001:0005829D  9306 0001:000582B0
  9307 0001:000582B4  9308 0001:000582BE  9309 0001:000582D1  9439 0001:000582D4
  9441 0001:000582E1  9446 0001:00058302  9447 0001:0005830E  9452 0001:00058313
  9453 0001:00058317  9456 0001:00058320  9458 0001:00058328  9459 0001:0005832C
  9461 0001:00058331  9463 0001:00058342  9467 0001:00058344  9469 0001:00058351
  9472 0001:00058357  9478 0001:00058379  9479 0001:0005837F  9481 0001:0005838C
  9485 0001:00058391  9486 0001:00058397  9487 0001:000583A0  9488 0001:000583AF
  9489 0001:000583B8  9492 0001:000583D8  9493 0001:000583EB  9494 0001:000583EF
  9495 0001:000583F1  9497 0001:000583FF  9498 0001:00058403  9500 0001:00058405
  9501 0001:00058418  9502 0001:00058445  9505 0001:0005844B  9499 0001:0005844C
  9507 0001:00058464  9508 0001:0005846A  9509 0001:00058484  9510 0001:0005848B
  9511 0001:000584A1  9512 0001:000584AE  9513 0001:000584B6  9514 0001:000584BE
  9517 0001:000584C5  9519 0001:000584CA  9520 0001:000584DD  9521 0001:000584E4
  9527 0001:000584ED  9529 0001:000584FA  9526 0001:00058502  9532 0001:00058514
  9535 0001:0005851E  9537 0001:0005853B  9540 0001:00058551  9542 0001:00058589
  9544 0001:000585A4  9545 0001:000585AE  9546 0001:000585B8  9550 0001:000585BC
  9549 0001:000585C5  9496 0001:000585D7  9552 0001:000585E7  9558 0001:000585F0
  9559 0001:000585F9  9560 0001:00058600  9561 0001:00058609  9562 0001:00058624
  9564 0001:00058632  9563 0001:0005863B  9570 0001:0005864D  9571 0001:0005865E
  9573 0001:00058666  9574 0001:0005866E  9576 0001:00058676  9577 0001:0005867F
  9617 0001:00058684  9618 0001:0005868E  9619 0001:00058690  9621 0001:000586A1
  9622 0001:000586A6  9623 0001:000586A8  9626 0001:000586AA  9634 0001:000586D4
  9635 0001:000586D9  9637 0001:000586DB  9640 0001:000586E2  9620 0001:000586E9
  9643 0001:000586ED  9652 0001:000586F4  9653 0001:000586FD  9654 0001:00058700
  9655 0001:00058707  9656 0001:0005870D  9657 0001:00058719 15081 0001:00058720
 15082 0001:00058742 15083 0001:0005874C 15085 0001:00058753 15086 0001:0005875C
 15087 0001:00058766 15088 0001:0005876B 15107 0001:0005879E 15063 0001:000587A0
 15064 0001:000587AC 15065 0001:000587BD 15066 0001:000587C7 15080 0001:000587D1

Line numbers for OverbyteIcsWSocketS(ICS\OverbyteIcsWSocketS.pas) segment .text

   613 0001:00058AA0   614 0001:00058AB6   615 0001:00058AC5   616 0001:00058B03
   623 0001:00058B08   624 0001:00058B12   625 0001:00058B1B   626 0001:00058B22
   627 0001:00058B2C   634 0001:00058B4B   636 0001:00058B54   642 0001:00058B5C
   643 0001:00058B65   644 0001:00058B72   650 0001:00058B78   651 0001:00058B81
   652 0001:00058B8E   659 0001:00058B94   660 0001:00058BAC   662 0001:00058BB3
   663 0001:00058BCB   664 0001:00058C05   743 0001:00058C48   743 0001:00058C4F

Line numbers for DM_RC_Client_Utils(DM_RC_Client_Utils.pas) segment .text

    57 0001:00058C50    63 0001:00058C5A    64 0001:00058C65    65 0001:00058C67
   172 0001:00058C6C   173 0001:00058C6D   174 0001:00058C6F   178 0001:00058C75
   179 0001:00058C7C   180 0001:00058C84   182 0001:00058C89   183 0001:00058C8A
   184 0001:00058C8B   176 0001:00058C8C   187 0001:00058C94   211 0001:00058C98
   212 0001:00058CA6   213 0001:00058CBA   214 0001:00058CBF   218 0001:00058CC5
   219 0001:00058CCB   220 0001:00058CD3   222 0001:00058CDD   223 0001:00058CEB
   224 0001:00058CED   225 0001:00058CFC   226 0001:00058CFE   230 0001:00058D0C
   231 0001:00058D1A   232 0001:00058D1C   234 0001:00058D28   235 0001:00058D2B
   236 0001:00058D2E   216 0001:00058D30   239 0001:00058D3A   240 0001:00058D3F
   241 0001:00058D44   291 0001:00058D4C   292 0001:00058D57   293 0001:00058D60
   296 0001:00058D69   297 0001:00058D6D   298 0001:00058D70   299 0001:00058D72
   302 0001:00058D76   300 0001:00058D78   304 0001:00058D81   306 0001:00058D85
   307 0001:00058D90   308 0001:00058D9E   310 0001:00058DA7   311 0001:00058DAC
   832 0001:00058DE4   832 0001:00058DEB

Line numbers for DM_RC_Svr_Tokens(DM_RC_Svr_Tokens.pas) segment .text

    19 0001:00058E1C    19 0001:00058E23

Line numbers for Tokens(Tokens.pas) segment .text

    45 0001:00058E24    46 0001:00058E60    47 0001:00058E92    48 0001:00058E96
    51 0001:00058EA2    52 0001:00058EC7    53 0001:00058EF9    54 0001:00058EFD
    56 0001:00058F17    57 0001:00058F1B    59 0001:00058F24    61 0001:00058F83
    64 0001:00058FB0    65 0001:00058FE2    66 0001:00058FEE    68 0001:00058FF7
    69 0001:0005904D    96 0001:00059078    97 0001:000590AA    98 0001:000590AC
    99 0001:000590DE   101 0001:000590E2   102 0001:00059106   103 0001:00059136
   105 0001:00059188   110 0001:000591B4   111 0001:000591DD   112 0001:0005920E
   114 0001:00059212   115 0001:00059236   116 0001:00059265   118 0001:0005926C
   121 0001:000592BB   247 0001:000592E8   248 0001:0005931E   249 0001:00059322
   251 0001:00059354   252 0001:00059384   253 0001:000593CD   255 0001:00059428
   255 0001:0005942F

Line numbers for DM_RC_Client(D:\Projects\DM_RC_Svr\trunk\DM_RC_Client (Miranda)\DM_RC_Client.dpr) segment .text

    47 0001:00059504    48 0001:00059509    49 0001:0005950E    50 0001:00059518
    51 0001:00059526    54 0001:0005952C    55 0001:00059531    56 0001:00059536
    57 0001:00059540    58 0001:0005954E

Line numbers for DM_RC_Client(DM_RC_Client_Options.inc) segment .text

    47 0001:00059554    48 0001:00059560    49 0001:00059574    54 0001:0005957C
    55 0001:0005958E    56 0001:0005959E    57 0001:000595B1    58 0001:000595C3
    61 0001:000595CC    62 0001:000595EF    63 0001:0005961C    66 0001:00059624
    67 0001:00059627    68 0001:0005962B    70 0001:0005963D    71 0001:0005964D
    74 0001:00059650    75 0001:0005965C    76 0001:00059662    78 0001:0005967A
    79 0001:00059690    82 0001:00059698    83 0001:0005969B    84 0001:000596A1
    86 0001:000596B2    87 0001:000596C1    90 0001:000596C8    91 0001:000596CB
    92 0001:000596CF    94 0001:000596E1    95 0001:000596F1    98 0001:000596F4
    99 0001:000596F7   100 0001:000596FB   102 0001:0005970D   103 0001:0005971D
   106 0001:00059720   107 0001:0005972C   109 0001:00059732   110 0001:00059746
   114 0001:00059757   115 0001:0005976A   117 0001:00059779   141 0001:00059780
   142 0001:00059792   143 0001:000597A2   144 0001:000597A8   146 0001:000597BE
   147 0001:000597D2   148 0001:000597E5   151 0001:000597F0   152 0001:00059809
   153 0001:0005980E   154 0001:0005982F   155 0001:0005986E   165 0001:00059898
   166 0001:000598B9   168 0001:000598C0   169 0001:000598DE   170 0001:000598ED
   171 0001:0005990F   172 0001:00059915   173 0001:00059922   174 0001:00059931
   175 0001:00059953   176 0001:00059959   177 0001:00059966   179 0001:00059975
   180 0001:00059997   181 0001:000599A5   182 0001:000599B3   184 0001:000599D0
   186 0001:000599D9   188 0001:000599E7   189 0001:000599F2   190 0001:00059A01
   192 0001:00059A14   194 0001:00059A25   184 0001:00059A29   197 0001:00059A2C
   198 0001:00059A4B   200 0001:00059A6A   202 0001:00059A71   203 0001:00059A97
   209 0001:00059B04   210 0001:00059B20   211 0001:00059B3E   212 0001:00059B42
   213 0001:00059B44   214 0001:00059B4C   215 0001:00059B51   216 0001:00059B63
   217 0001:00059B72   218 0001:00059B78   219 0001:00059B85   220 0001:00059B9F
   221 0001:00059BAE   222 0001:00059BB4   223 0001:00059BC1   225 0001:00059BDB
   226 0001:00059BE3   227 0001:00059BFB   226 0001:00059C28   228 0001:00059C2B
   230 0001:00059C45   231 0001:00059C6C   235 0001:00059CE4   236 0001:00059CF5
   237 0001:00059CF7   238 0001:00059D00   240 0001:00059D05   241 0001:00059D0C
   292 0001:00059D14   293 0001:00059D2C   294 0001:00059D2E   468 0001:00059D7A
   470 0001:00059D87   471 0001:00059D94   476 0001:00059D9E   478 0001:00059DAB
   481 0001:00059DB5   482 0001:00059DC5   489 0001:00059DDB   491 0001:00059DE8
   494 0001:00059DF2   495 0001:00059E02   502 0001:00059E18   503 0001:00059E28
   505 0001:00059E30   506 0001:00059E44   507 0001:00059E55   508 0001:00059E65
   509 0001:00059E73   510 0001:00059E92   515 0001:00059EB6   516 0001:00059EC6
   518 0001:00059ECE   519 0001:00059EE2   520 0001:00059EF3   521 0001:00059F03
   522 0001:00059F11   523 0001:00059F30   530 0001:00059F51   531 0001:00059F61
   528 0001:00059F73   538 0001:00059F87   539 0001:00059F97   536 0001:00059FA9
   543 0001:00059FBD   545 0001:00059FBF   548 0001:00059FC4   550 0001:00059FF7
   553 0001:0005A000   554 0001:0005A003   555 0001:0005A005   558 0001:0005A01A
   559 0001:0005A022   561 0001:0005A02C   562 0001:0005A03E   565 0001:0005A059
   570 0001:0005A060   571 0001:0005A069   573 0001:0005A06E   574 0001:0005A07D
   575 0001:0005A084   576 0001:0005A08B   577 0001:0005A090   578 0001:0005A098
   579 0001:0005A0A0   580 0001:0005A0A8   582 0001:0005A0AF   583 0001:0005A0B6
   584 0001:0005A0C4   586 0001:0005A0FC   587 0001:0005A0FE   589 0001:0005A11D

Line numbers for DM_RC_Client(DM_RC_Client_TCP.inc) segment .text

    19 0001:0005A39C    20 0001:0005A39F    21 0001:0005A3B6    26 0001:0005A3B8
    27 0001:0005A3CD    28 0001:0005A3D8    29 0001:0005A3E8    30 0001:0005A3F3
    31 0001:0005A411    41 0001:0005A418    43 0001:0005A440    45 0001:0005A458
    48 0001:0005A474    49 0001:0005A482    53 0001:0005A48E    54 0001:0005A495
    57 0001:0005A4B7    58 0001:0005A4C0    61 0001:0005A4D3    64 0001:0005A4F4
    66 0001:0005A502    68 0001:0005A527    69 0001:0005A53B    75 0001:0005A547
    77 0001:0005A565    78 0001:0005A56E    81 0001:0005A57E    83 0001:0005A59F
    84 0001:0005A5AD    89 0001:0005A5B6    96 0001:0005A5C6    98 0001:0005A5CF
    99 0001:0005A5DD   102 0001:0005A5E6   106 0001:0005A5F4   108 0001:0005A5FD
   109 0001:0005A60B   110 0001:0005A612   113 0001:0005A61D   115 0001:0005A639
   116 0001:0005A664   117 0001:0005A68A   121 0001:0005A6B5   122 0001:0005A6C0
   124 0001:0005A6D1   125 0001:0005A6EC   128 0001:0005A6FB   129 0001:0005A703
   131 0001:0005A714   132 0001:0005A72F   135 0001:0005A73E   138 0001:0005A746
   140 0001:0005A75A   141 0001:0005A775   143 0001:0005A77D   145 0001:0005A797
   147 0001:0005A7A3   165 0001:0005A7B6   166 0001:0005A7BE   167 0001:0005A7C3
   169 0001:0005A7DF   171 0001:0005A7EE   172 0001:0005A7F4   174 0001:0005A815
   179 0001:0005A84E   180 0001:0005A865   182 0001:0005A884   183 0001:0005A885
   184 0001:0005A88D   185 0001:0005A893   186 0001:0005A8AA   189 0001:0005A8AC
   141 0001:0005A8C6   192 0001:0005A90A   195 0001:0005A978   196 0001:0005A97B
   198 0001:0005A984   199 0001:0005A991   201 0001:0005A99B   204 0001:0005A9A0
   205 0001:0005A9B3   206 0001:0005A9B8   207 0001:0005A9C9   208 0001:0005A9F7
   209 0001:0005AA06   210 0001:0005AA30   213 0001:0005AA5C   214 0001:0005AA80
   215 0001:0005AA89   216 0001:0005AA8E   217 0001:0005AA9C   218 0001:0005AAA9
   219 0001:0005AAB7   220 0001:0005AAF9

Line numbers for DM_RC_Client(DM_RC_Client_Messages.inc) segment .text

    19 0001:0005AB0C    20 0001:0005AB30    21 0001:0005AB45    23 0001:0005AB5A
    24 0001:0005AB7D    26 0001:0005AB95    27 0001:0005ABCD    40 0001:0005ABEC
    41 0001:0005AC0C    43 0001:0005AC11    44 0001:0005AC17    46 0001:0005AC26
    47 0001:0005AC31    48 0001:0005AC39    51 0001:0005AC48    52 0001:0005AC4D
    55 0001:0005AC52    60 0001:0005AC6C    61 0001:0005AC71    64 0001:0005AC76
    67 0001:0005AC82    68 0001:0005AC89    71 0001:0005AC8E    73 0001:0005AC97
    74 0001:0005ACA4    78 0001:0005ACB2    86 0001:0005ACC6    90 0001:0005ACD1
    91 0001:0005ACF3    92 0001:0005AD15    93 0001:0005AD17    95 0001:0005AD35
    97 0001:0005AD49    99 0001:0005AD5C   100 0001:0005AD5E   102 0001:0005AD63
   104 0001:0005AD76   105 0001:0005AD78   108 0001:0005AD7A   110 0001:0005AD7E
   112 0001:0005AD93   114 0001:0005ADEC    93 0001:0005ADED   124 0001:0005AE3B

Line numbers for DM_RC_Client(D:\Projects\DM_RC_Svr\trunk\DM_RC_Client (Miranda)\DM_RC_Client.dpr) segment .text

    84 0001:0005AE94    85 0001:0005AE98    87 0001:0005AE9A    88 0001:0005AEAD
    89 0001:0005AEC0   101 0001:0005AED3   102 0001:0005AEDA   110 0001:0005AEE0
   111 0001:0005AEE4   112 0001:0005AEE6   113 0001:0005AEF9   114 0001:0005AF1C
   115 0001:0005AF3F   145 0001:0005AF62   146 0001:0005AF69   149 0001:0005AF6C
   150 0001:0005AF70   151 0001:0005AF72   152 0001:0005AF7C   164 0001:0005AF81
   165 0001:0005AFA6   169 0001:0005AFAC   170 0001:0005AFAE   173 0001:0005AFB0
   174 0001:0005AFB2   175 0001:0005AFC0   176 0001:0005AFD0   177 0001:0005AFD5
   185 0001:0005B268   185 0001:0005B278

Bound resource files

c:\program files\borland\delphi7\Lib\Buttons.res
c:\program files\borland\delphi7\Lib\ExtDlgs.res
c:\program files\borland\delphi7\Lib\Controls.res
DM_RC_Client.res
DM_RC_Client_Options.RES
DM_RC_Client.drf


Program entry point at 0001:0005B268
