
 Start         Length     Name                   Class
 0001:00000000 0005ADF8H .text                   CODE
 0002:00000000 0000128CH .data                   DATA
 0002:0000128C 00000EB9H .bss                    BSS


Detailed map of segments

 0001:00000000 00004C6F C=CODE     S=.text    G=(none)   M=System   ACBP=A9
 0001:00004C70 000001CC C=CODE     S=.text    G=(none)   M=SysInit  ACBP=A9
 0001:00004E3C 00000078 C=CODE     S=.text    G=(none)   M=Types    ACBP=A9
 0001:00004EB4 00000C6C C=CODE     S=.text    G=(none)   M=Windows  ACBP=A9
 0001:00005B20 00000038 C=CODE     S=.text    G=(none)   M=Messages ACBP=A9
 0001:00005B58 00000038 C=CODE     S=.text    G=(none)   M=ActiveX  ACBP=A9
 0001:00005B90 000000F4 C=CODE     S=.text    G=(none)   M=CommCtrl ACBP=A9
 0001:00005C84 00000318 C=CODE     S=.text    G=(none)   M=SysConst ACBP=A9
 0001:00005F9C 00006478 C=CODE     S=.text    G=(none)   M=SysUtils ACBP=A9
 0001:0000C414 00000038 C=CODE     S=.text    G=(none)   M=m_globaldefs ACBP=A9
 0001:0000C44C 00000038 C=CODE     S=.text    G=(none)   M=FreeImage ACBP=A9
 0001:0000C484 000003B0 C=CODE     S=.text    G=(none)   M=m_api    ACBP=A9
 0001:0000C834 00000138 C=CODE     S=.text    G=(none)   M=dbsettings ACBP=A9
 0001:0000C96C 00000198 C=CODE     S=.text    G=(none)   M=Wizard   ACBP=A9
 0001:0000CB04 00000038 C=CODE     S=.text    G=(none)   M=DM_RC_Client_Defines ACBP=A9
 0001:0000CB3C 000007FB C=CODE     S=.text    G=(none)   M=VarUtils ACBP=A9
 0001:0000D338 00002A42 C=CODE     S=.text    G=(none)   M=Variants ACBP=A9
 0001:0000FD7C 00000120 C=CODE     S=.text    G=(none)   M=RTLConsts ACBP=A9
 0001:0000FE9C 000007E8 C=CODE     S=.text    G=(none)   M=TypInfo  ACBP=A9
 0001:00010684 0000973E C=CODE     S=.text    G=(none)   M=Classes  ACBP=A9
 0001:00019DC4 000009BC C=CODE     S=.text    G=(none)   M=OverbyteIcsLogger ACBP=A9
 0001:0001A780 00000080 C=CODE     S=.text    G=(none)   M=OverbyteIcsTypes ACBP=A9
 0001:0001A800 00000290 C=CODE     S=.text    G=(none)   M=Consts   ACBP=A9
 0001:0001AA90 00007283 C=CODE     S=.text    G=(none)   M=Graphics ACBP=A9
 0001:00021D14 00000048 C=CODE     S=.text    G=(none)   M=Math     ACBP=A9
 0001:00021D5C 000002B8 C=CODE     S=.text    G=(none)   M=Contnrs  ACBP=A9
 0001:00022014 00000787 C=CODE     S=.text    G=(none)   M=MultiMon ACBP=A9
 0001:0002279C 00000038 C=CODE     S=.text    G=(none)   M=Imm      ACBP=A9
 0001:000227D4 00000FF8 C=CODE     S=.text    G=(none)   M=HelpIntfs ACBP=A9
 0001:000237CC 00000038 C=CODE     S=.text    G=(none)   M=WinSpool ACBP=A9
 0001:00023804 00000044 C=CODE     S=.text    G=(none)   M=Printers ACBP=A9
 0001:00023848 0000031F C=CODE     S=.text    G=(none)   M=FlatSB   ACBP=A9
 0001:00023B68 000001A4 C=CODE     S=.text    G=(none)   M=SyncObjs ACBP=A9
 0001:00023D0C 000009BB C=CODE     S=.text    G=(none)   M=UxTheme  ACBP=A9
 0001:000246C8 00000038 C=CODE     S=.text    G=(none)   M=RichEdit ACBP=A9
 0001:00024700 00000038 C=CODE     S=.text    G=(none)   M=ToolWin  ACBP=A9
 0001:00024738 00000038 C=CODE     S=.text    G=(none)   M=ShellAPI ACBP=A9
 0001:00024770 00000038 C=CODE     S=.text    G=(none)   M=RegStr   ACBP=A9
 0001:000247A8 00000038 C=CODE     S=.text    G=(none)   M=WinInet  ACBP=A9
 0001:000247E0 00000038 C=CODE     S=.text    G=(none)   M=UrlMon   ACBP=A9
 0001:00024818 00000038 C=CODE     S=.text    G=(none)   M=ShlObj   ACBP=A9
 0001:00024850 00000038 C=CODE     S=.text    G=(none)   M=CommDlg  ACBP=A9
 0001:00024888 00000038 C=CODE     S=.text    G=(none)   M=Dlgs     ACBP=A9
 0001:000248C0 0000066D C=CODE     S=.text    G=(none)   M=Dialogs  ACBP=A9
 0001:00024F30 00000652 C=CODE     S=.text    G=(none)   M=ExtCtrls ACBP=A9
 0001:00025584 00000038 C=CODE     S=.text    G=(none)   M=ComStrs  ACBP=A9
 0001:000255BC 00000094 C=CODE     S=.text    G=(none)   M=Clipbrd  ACBP=A9
 0001:00025650 00000038 C=CODE     S=.text    G=(none)   M=StrUtils ACBP=A9
 0001:00025688 000000F5 C=CODE     S=.text    G=(none)   M=Buttons  ACBP=A9
 0001:00025780 00000038 C=CODE     S=.text    G=(none)   M=ExtDlgs  ACBP=A9
 0001:000257B8 00000068 C=CODE     S=.text    G=(none)   M=IniFiles ACBP=A9
 0001:00025820 00000068 C=CODE     S=.text    G=(none)   M=Registry ACBP=A9
 0001:00025888 0000006C C=CODE     S=.text    G=(none)   M=Mapi     ACBP=A9
 0001:000258F4 00000058 C=CODE     S=.text    G=(none)   M=ExtActns ACBP=A9
 0001:0002594C 00000038 C=CODE     S=.text    G=(none)   M=ListActns ACBP=A9
 0001:00025984 00000180 C=CODE     S=.text    G=(none)   M=ComCtrls ACBP=A9
 0001:00025B04 00000A0C C=CODE     S=.text    G=(none)   M=Themes   ACBP=A9
 0001:00026510 00000038 C=CODE     S=.text    G=(none)   M=StdCtrls ACBP=A9
 0001:00026548 00000168 C=CODE     S=.text    G=(none)   M=StdActns ACBP=A9
 0001:000266B0 00000D1F C=CODE     S=.text    G=(none)   M=WinHelpViewer ACBP=A9
 0001:000273D0 00010467 C=CODE     S=.text    G=(none)   M=Controls ACBP=A9
 0001:00037838 00001292 C=CODE     S=.text    G=(none)   M=ActnList ACBP=A9
 0001:00038ACC 000016E4 C=CODE     S=.text    G=(none)   M=ImgList  ACBP=A9
 0001:0003A1B0 00006639 C=CODE     S=.text    G=(none)   M=Menus    ACBP=A9
 0001:000407EC 0000C274 C=CODE     S=.text    G=(none)   M=Forms    ACBP=A9
 0001:0004CA60 0000037C C=CODE     S=.text    G=(none)   M=OverbyteIcsLibrary ACBP=A9
 0001:0004CDDC 000010A1 C=CODE     S=.text    G=(none)   M=OverbyteIcsWndControl ACBP=A9
 0001:0004DE80 000007E8 C=CODE     S=.text    G=(none)   M=OverbyteIcsWSockBuf ACBP=A9
 0001:0004E668 00000038 C=CODE     S=.text    G=(none)   M=WinSock  ACBP=A9
 0001:0004E6A0 00000038 C=CODE     S=.text    G=(none)   M=OverbyteIcsWinSock ACBP=A9
 0001:0004E6D8 00009F1F C=CODE     S=.text    G=(none)   M=OverbyteIcsWSocket ACBP=A9
 0001:000585F8 0000047C C=CODE     S=.text    G=(none)   M=OverbyteIcsWSocketS ACBP=A9
 0001:00058A74 0000019C C=CODE     S=.text    G=(none)   M=DM_RC_Client_Utils ACBP=A9
 0001:00058C10 00000038 C=CODE     S=.text    G=(none)   M=DM_RC_Svr_Tokens ACBP=A9
 0001:00058C48 000004D8 C=CODE     S=.text    G=(none)   M=Tokens   ACBP=A9
 0001:00059120 00001CD5 C=CODE     S=.text    G=(none)   M=DM_RC_Client ACBP=A9
 0002:00000000 0000009C C=DATA     S=.data    G=DGROUP   M=System   ACBP=A9
 0002:0000009C 00000030 C=DATA     S=.data    G=DGROUP   M=SysInit  ACBP=A9
 0002:000000CC 00000250 C=DATA     S=.data    G=DGROUP   M=SysUtils ACBP=A9
 0002:0000031C 00000080 C=DATA     S=.data    G=DGROUP   M=m_api    ACBP=A9
 0002:0000039C 00000030 C=DATA     S=.data    G=DGROUP   M=DM_RC_Client_Defines ACBP=A9
 0002:000003CC 00000008 C=DATA     S=.data    G=DGROUP   M=VarUtils ACBP=A9
 0002:000003D4 0000008E C=DATA     S=.data    G=DGROUP   M=Variants ACBP=A9
 0002:00000464 0000000C C=DATA     S=.data    G=DGROUP   M=TypInfo  ACBP=A9
 0002:00000470 00000064 C=DATA     S=.data    G=DGROUP   M=Classes  ACBP=A9
 0002:000004D4 00000004 C=DATA     S=.data    G=DGROUP   M=OverbyteIcsLogger ACBP=A9
 0002:000004D8 00000004 C=DATA     S=.data    G=DGROUP   M=OverbyteIcsTypes ACBP=A9
 0002:000004DC 00000304 C=DATA     S=.data    G=DGROUP   M=Graphics ACBP=A9
 0002:000007E0 00000004 C=DATA     S=.data    G=DGROUP   M=Printers ACBP=A9
 0002:000007E4 00000074 C=DATA     S=.data    G=DGROUP   M=Dialogs  ACBP=A9
 0002:00000858 00000178 C=DATA     S=.data    G=DGROUP   M=ExtCtrls ACBP=A9
 0002:000009D0 0000002C C=DATA     S=.data    G=DGROUP   M=Buttons  ACBP=A9
 0002:000009FC 00000008 C=DATA     S=.data    G=DGROUP   M=IniFiles ACBP=A9
 0002:00000A04 00000008 C=DATA     S=.data    G=DGROUP   M=Registry ACBP=A9
 0002:00000A0C 00000008 C=DATA     S=.data    G=DGROUP   M=Mapi     ACBP=A9
 0002:00000A14 00000018 C=DATA     S=.data    G=DGROUP   M=ComCtrls ACBP=A9
 0002:00000A2C 00000068 C=DATA     S=.data    G=DGROUP   M=Themes   ACBP=A9
 0002:00000A94 0000013C C=DATA     S=.data    G=DGROUP   M=Controls ACBP=A9
 0002:00000BD0 00000020 C=DATA     S=.data    G=DGROUP   M=ImgList  ACBP=A9
 0002:00000BF0 000000EC C=DATA     S=.data    G=DGROUP   M=Menus    ACBP=A9
 0002:00000CDC 0000011C C=DATA     S=.data    G=DGROUP   M=Forms    ACBP=A9
 0002:00000DF8 00000004 C=DATA     S=.data    G=DGROUP   M=OverbyteIcsLibrary ACBP=A9
 0002:00000DFC 00000004 C=DATA     S=.data    G=DGROUP   M=OverbyteIcsWndControl ACBP=A9
 0002:00000E00 00000004 C=DATA     S=.data    G=DGROUP   M=OverbyteIcsWSockBuf ACBP=A9
 0002:00000E04 00000020 C=DATA     S=.data    G=DGROUP   M=OverbyteIcsWSocket ACBP=A9
 0002:00000E24 00000004 C=DATA     S=.data    G=DGROUP   M=OverbyteIcsWSocketS ACBP=A9
 0002:00000E28 0000003C C=DATA     S=.data    G=DGROUP   M=DM_RC_Client ACBP=A9
 0002:00002000 0000065C C=BSS      S=.bss     G=DGROUP   M=System   ACBP=A9
 0002:0000265C 00000014 C=BSS      S=.bss     G=DGROUP   M=SysInit  ACBP=A9
 0002:00002670 00000004 C=BSS      S=.bss     G=DGROUP   M=Types    ACBP=A9
 0002:00002674 00000004 C=BSS      S=.bss     G=DGROUP   M=Windows  ACBP=A9
 0002:00002678 00000004 C=BSS      S=.bss     G=DGROUP   M=Messages ACBP=A9
 0002:0000267C 00000004 C=BSS      S=.bss     G=DGROUP   M=ActiveX  ACBP=A9
 0002:00002680 00000004 C=BSS      S=.bss     G=DGROUP   M=CommCtrl ACBP=A9
 0002:00002684 00000004 C=BSS      S=.bss     G=DGROUP   M=SysConst ACBP=A9
 0002:00002688 00000120 C=BSS      S=.bss     G=DGROUP   M=SysUtils ACBP=A9
 0002:000027A8 00000004 C=BSS      S=.bss     G=DGROUP   M=m_globaldefs ACBP=A9
 0002:000027AC 00000004 C=BSS      S=.bss     G=DGROUP   M=FreeImage ACBP=A9
 0002:000027B0 00000008 C=BSS      S=.bss     G=DGROUP   M=m_api    ACBP=A9
 0002:000027B8 00000004 C=BSS      S=.bss     G=DGROUP   M=dbsettings ACBP=A9
 0002:000027BC 00000004 C=BSS      S=.bss     G=DGROUP   M=Wizard   ACBP=A9
 0002:000027C0 00000004 C=BSS      S=.bss     G=DGROUP   M=DM_RC_Client_Defines ACBP=A9
 0002:000027C4 0000005C C=BSS      S=.bss     G=DGROUP   M=VarUtils ACBP=A9
 0002:00002820 00000040 C=BSS      S=.bss     G=DGROUP   M=Variants ACBP=A9
 0002:00002860 00000004 C=BSS      S=.bss     G=DGROUP   M=RTLConsts ACBP=A9
 0002:00002864 00000004 C=BSS      S=.bss     G=DGROUP   M=TypInfo  ACBP=A9
 0002:00002868 00000040 C=BSS      S=.bss     G=DGROUP   M=Classes  ACBP=A9
 0002:000028A8 00000004 C=BSS      S=.bss     G=DGROUP   M=OverbyteIcsLogger ACBP=A9
 0002:000028AC 00000004 C=BSS      S=.bss     G=DGROUP   M=OverbyteIcsTypes ACBP=A9
 0002:000028B0 00000004 C=BSS      S=.bss     G=DGROUP   M=Consts   ACBP=A9
 0002:000028B4 00000060 C=BSS      S=.bss     G=DGROUP   M=Graphics ACBP=A9
 0002:00002914 00000004 C=BSS      S=.bss     G=DGROUP   M=Math     ACBP=A9
 0002:00002918 00000004 C=BSS      S=.bss     G=DGROUP   M=Contnrs  ACBP=A9
 0002:0000291C 00000031 C=BSS      S=.bss     G=DGROUP   M=MultiMon ACBP=A9
 0002:00002950 00000004 C=BSS      S=.bss     G=DGROUP   M=Imm      ACBP=A9
 0002:00002954 00000008 C=BSS      S=.bss     G=DGROUP   M=HelpIntfs ACBP=A9
 0002:0000295C 00000004 C=BSS      S=.bss     G=DGROUP   M=WinSpool ACBP=A9
 0002:00002960 00000004 C=BSS      S=.bss     G=DGROUP   M=Printers ACBP=A9
 0002:00002964 00000034 C=BSS      S=.bss     G=DGROUP   M=FlatSB   ACBP=A9
 0002:00002998 00000004 C=BSS      S=.bss     G=DGROUP   M=SyncObjs ACBP=A9
 0002:0000299C 000000CC C=BSS      S=.bss     G=DGROUP   M=UxTheme  ACBP=A9
 0002:00002A68 00000004 C=BSS      S=.bss     G=DGROUP   M=RichEdit ACBP=A9
 0002:00002A6C 00000004 C=BSS      S=.bss     G=DGROUP   M=ToolWin  ACBP=A9
 0002:00002A70 00000004 C=BSS      S=.bss     G=DGROUP   M=ShellAPI ACBP=A9
 0002:00002A74 00000004 C=BSS      S=.bss     G=DGROUP   M=RegStr   ACBP=A9
 0002:00002A78 00000004 C=BSS      S=.bss     G=DGROUP   M=WinInet  ACBP=A9
 0002:00002A7C 00000004 C=BSS      S=.bss     G=DGROUP   M=UrlMon   ACBP=A9
 0002:00002A80 00000004 C=BSS      S=.bss     G=DGROUP   M=ShlObj   ACBP=A9
 0002:00002A84 00000004 C=BSS      S=.bss     G=DGROUP   M=CommDlg  ACBP=A9
 0002:00002A88 00000004 C=BSS      S=.bss     G=DGROUP   M=Dlgs     ACBP=A9
 0002:00002A8C 0000000C C=BSS      S=.bss     G=DGROUP   M=Dialogs  ACBP=A9
 0002:00002A98 00000004 C=BSS      S=.bss     G=DGROUP   M=ExtCtrls ACBP=A9
 0002:00002A9C 00000004 C=BSS      S=.bss     G=DGROUP   M=ComStrs  ACBP=A9
 0002:00002AA0 0000000C C=BSS      S=.bss     G=DGROUP   M=Clipbrd  ACBP=A9
 0002:00002AAC 00000004 C=BSS      S=.bss     G=DGROUP   M=StrUtils ACBP=A9
 0002:00002AB0 00000030 C=BSS      S=.bss     G=DGROUP   M=Buttons  ACBP=A9
 0002:00002AE0 00000004 C=BSS      S=.bss     G=DGROUP   M=ExtDlgs  ACBP=A9
 0002:00002AE4 00000004 C=BSS      S=.bss     G=DGROUP   M=IniFiles ACBP=A9
 0002:00002AE8 00000004 C=BSS      S=.bss     G=DGROUP   M=Registry ACBP=A9
 0002:00002AEC 00000004 C=BSS      S=.bss     G=DGROUP   M=Mapi     ACBP=A9
 0002:00002AF0 00000009 C=BSS      S=.bss     G=DGROUP   M=ExtActns ACBP=A9
 0002:00002AFC 00000004 C=BSS      S=.bss     G=DGROUP   M=ListActns ACBP=A9
 0002:00002B00 00000010 C=BSS      S=.bss     G=DGROUP   M=ComCtrls ACBP=A9
 0002:00002B10 00000008 C=BSS      S=.bss     G=DGROUP   M=Themes   ACBP=A9
 0002:00002B18 00000004 C=BSS      S=.bss     G=DGROUP   M=StdCtrls ACBP=A9
 0002:00002B1C 00000004 C=BSS      S=.bss     G=DGROUP   M=StdActns ACBP=A9
 0002:00002B20 00000014 C=BSS      S=.bss     G=DGROUP   M=WinHelpViewer ACBP=A9
 0002:00002B34 00000080 C=BSS      S=.bss     G=DGROUP   M=Controls ACBP=A9
 0002:00002BB4 00000004 C=BSS      S=.bss     G=DGROUP   M=ActnList ACBP=A9
 0002:00002BB8 0000000C C=BSS      S=.bss     G=DGROUP   M=ImgList  ACBP=A9
 0002:00002BC4 00000010 C=BSS      S=.bss     G=DGROUP   M=Menus    ACBP=A9
 0002:00002BD4 00000020 C=BSS      S=.bss     G=DGROUP   M=Forms    ACBP=A9
 0002:00002BF4 00000004 C=BSS      S=.bss     G=DGROUP   M=OverbyteIcsLibrary ACBP=A9
 0002:00002BF8 00000028 C=BSS      S=.bss     G=DGROUP   M=OverbyteIcsWndControl ACBP=A9
 0002:00002C20 00000004 C=BSS      S=.bss     G=DGROUP   M=OverbyteIcsWSockBuf ACBP=A9
 0002:00002C24 00000004 C=BSS      S=.bss     G=DGROUP   M=WinSock  ACBP=A9
 0002:00002C28 00000004 C=BSS      S=.bss     G=DGROUP   M=OverbyteIcsWinSock ACBP=A9
 0002:00002C2C 00000258 C=BSS      S=.bss     G=DGROUP   M=OverbyteIcsWSocket ACBP=A9
 0002:00002E84 00000004 C=BSS      S=.bss     G=DGROUP   M=OverbyteIcsWSocketS ACBP=A9
 0002:00002E88 00000004 C=BSS      S=.bss     G=DGROUP   M=DM_RC_Client_Utils ACBP=A9
 0002:00002E8C 00000004 C=BSS      S=.bss     G=DGROUP   M=DM_RC_Svr_Tokens ACBP=A9
 0002:00002E90 00000004 C=BSS      S=.bss     G=DGROUP   M=Tokens   ACBP=A9
 0002:00002E94 00000021 C=BSS      S=.bss     G=DGROUP   M=DM_RC_Client ACBP=A9


  Address         Publics by Name

 0002:000028B0       .1
 0002:000028AC       .1
 0002:000027C0       .1
 0002:00002A88       .1
 0002:00002A80       .1
 0002:00002A84       .1
 0002:00002BF4       .1
 0002:000027A8       .1
 0002:00002678       .1
 0002:0000293C       .1
 0002:00002950       .1
 0002:00002668       .1
 0002:000027AC       .1
 0002:00002860       .1
 0002:000027B8       .1
 0002:00002984       .1
 0002:00002670       .1
 0002:00002E90       .1
 0002:00002E8C       .1
 0002:00002E88       .1
 0002:00002680       .1
 0002:00002684       .1
 0002:00002B28       .1
 0002:00002A7C       .1
 0002:00002AEC       .1
 0002:000027BC       .1
 0002:00002C28       .1
 0002:00002C24       .1
 0002:00002AAC       .1
 0002:00002A78       .1
 0002:00002A9C       .1
 0002:00002A58       .1
 0002:00002A68       .1
 0002:00002A74       .1
 0002:00002A70       .1
 0002:00002A8C       .11
 0002:000028B8       .12
 0002:00002A98       .12
 0002:000027B4       .2
 0002:00002B10       .2
 0002:00002914       .2
 0002:00002954       .2
 0002:00002AA4       .2
 0002:00002918       .21
 0002:000028A8       .3
 0002:00002AE0       .3
 0002:00002674       .3
 0002:00002960       .3
 0002:0000295C       .3
 0002:0000267C       .3
 0002:00002BB8       .3
 0002:00002798       .35
 0002:00002B00       .36
 0002:00002A6C       .4
 0002:00002E84       .4
 0002:00002AB0       .4
 0002:00002C20       .4
 0002:00002BDC       .41
 0002:00002B18       .42
 0002:00002874       .45
 0002:000025B4       .5
 0002:0000281C       .5
 0002:00002AE8       .5
 0002:00002864       .6
 0002:00002998       .6
 0002:00002C1C       .7
 0002:00002B3C       .72
 0002:00002AF0       .72
 0002:00002B1C       .73
 0002:00002BB4       .8
 0002:00002CBC       .8
 0002:00002AE4       .8
 0002:00002AFC       .8
 0002:00002840       .81
 0002:00002BCC       .9
 0001:00001924       @AbstractError
 0001:00002468       @AfterConstruction
 0001:000022B4       @AsClass
 0001:00001A8C       @AStrCmp
 0001:00002478       @BeforeDestruction
 0001:00002300       @CallDynaInst
 0001:00002410       @ClassCreate
 0001:00002460       @ClassDestroy
 0001:00001994       @Close
 0001:0000185C       @Copy
 0001:00003C24       @CopyArray
 0001:00003B08       @CopyRecord
 0001:00003D18       @DispCallByIDError
 0001:0000DDD8       @DispInvokeError
 0001:000028F4       @DoneExcept
 0001:00003F48       @DynArrayAsg
 0001:00003F0C       @DynArrayClear
 0001:00003D4C       @DynArrayHigh
 0001:00003D44       @DynArrayLength
 0001:00003F00       @DynArraySetLength
 0001:000029DC       @ExceptionHandler
 0001:00001AFC       @FillChar
 0001:00003AE4       @Finalize
 0001:000039F8       @FinalizeArray
 0001:000039AC       @FinalizeRecord
 0001:00002040       @FpuInit
 0001:00001F7C       @FpuMaskInit
 0001:000016E4       @FreeMem
 0001:000016C4       @GetMem
 0001:00004D70       @GetTls
 0001:00002EAC       @Halt
 0001:00002DD4       @Halt0
 0001:0000258C       @HandleAnyException
 0001:00002840       @HandleFinally
 0001:000026B8       @HandleOnException
 0001:00003918       @InitializeArray
 0001:000038E8       @InitializeRecord
 0001:00002C98       @InitImports
 0001:00004DBC       @InitLib
 0001:00002C70       @InitResStringImports
 0001:00002C4C       @InitResStrings
 0001:0000462C       @IntfAddRef
 0001:000045FC       @IntfCast
 0001:000045B8       @IntfClear
 0001:000045D0       @IntfCopy
 0001:00002290       @IsClass
 0001:00001F4C       @isNECWindows
 0001:00003374       @LStrAddRef
 0001:00002EE8       @LStrArrayClr
 0001:00002F18       @LStrAsg
 0001:0000318C       @LStrCat
 0001:000031D0       @LStrCat3
 0001:00003244       @LStrCatN
 0001:00002EC4       @LStrClr
 0001:000032D0       @LStrCmp
 0001:000033E4       @LStrCopy
 0001:00003424       @LStrDelete
 0001:00003134       @LStrFromArray
 0001:000030AC       @LStrFromChar
 0001:000030BC       @LStrFromPChar
 0001:00002FB4       @LStrFromPCharLen
 0001:000030EC       @LStrFromPWChar
 0001:00003020       @LStrFromPWCharLen
 0001:00003128       @LStrFromString
 0001:0000314C       @LStrFromWStr
 0001:0000346C       @LStrInsert
 0001:00002F5C       @LStrLAsg
 0001:00003184       @LStrLen
 0001:000034C8       @LStrPos
 0001:00003510       @LStrSetLength
 0001:00003384       @LStrToPChar
 0001:00003160       @LStrToString
 0001:00002F88       @NewAnsiString
 0001:0000357C       @NewWideString
 0001:00001C60       @Pow10
 0001:00001A08       @PStrCmp
 0001:000019EC       @PStrNCpy
 0001:000028A0       @RaiseAgain
 0001:00002878       @RaiseExcept
 0001:00001704       @ReallocMem
 0001:00001918       @ROUND
 0001:00002EB8       @RunError
 0001:00001C20       @SetElem
 0001:00001C44       @SetEq
 0001:00002B84       @StartLib
 0001:000002A4       @strlen
 0001:00002924       @TryFinallyExit
 0001:000033DC       @UniqueStringA
 0001:00001B1C       @ValLong
 0001:0000F4D0       @VarAddRef
 0001:0000E0C4       @VarClear
 0001:0000E0D8       @VarClr
 0001:000039E0       @VarClr
 0001:00003AF0       @VarCopy
 0001:0000E3EC       @VarCopy
 0001:0000F408       @VarFromBool
 0001:0000F458       @VarFromCurr
 0001:0000F3A0       @VarFromInt
 0001:0000F3DC       @VarFromInt64
 0001:0000F46C       @VarFromLStr
 0001:0000F430       @VarFromReal
 0001:0000F444       @VarFromTDateTime
 0001:0000F498       @VarFromWStr
 0001:0000DE2C       @VarNull
 0001:0000E718       @VarToLStr
 0001:0000EE40       @VarToWStr
 0001:000038C8       @WStrAddRef
 0001:000035BC       @WStrArrayClr
 0001:000035E0       @WStrAsg
 0001:0000371C       @WStrCatN
 0001:000035A4       @WStrClr
 0001:00003764       @WStrCmp
 0001:000037E8       @WStrCopy
 0001:000036F0       @WStrFromLStr
 0001:00003604       @WStrFromPCharLen
 0001:000036B4       @WStrFromPWChar
 0001:00003690       @WStrFromPWCharLen
 0001:00003710       @WStrLen
 0001:00003834       @WStrPos
 0001:00003884       @WStrSetLength
 0001:00003700       @WStrToPWChar
 0001:00001BFC       @_CLenToPasStr
 0001:00001BF0       @_CToPasStr
 0001:0000182C       @_IOTest
 0001:00003D20       @_llmul
 0001:00029BF4       AbsMin
 0001:0000A878       AbstractErrorHandler
 0002:00002028       AbstractErrorProc
 0002:0000014C       AccessMode
 0001:00001794       AcquireExceptionObject
 0001:00012994       ActivateClassGroup
 0001:00005398       ActivateKeyboardLayout
 0002:00002B70       ActiveDrag
 0001:00005B88       ActiveX
 0001:00038AA0       ActnList
 0001:000003D0       AddBlockAfter
 0002:00000470       AddDataModule
 0001:00015A54       AddFinished
 0001:0003BDE4       AddIn
 0001:0000444C       AddModuleUnloadProc
 0001:0000445C       AddModuleUnloadProc
 0001:00015A8C       AddNotFinished
 0001:000164B0       AddSubComponentsToLoaded
 0001:0001E0B8       AdjustColor
 0001:00042DCC       Adjustment
 0001:000053A0       AdjustWindowRectEx
 0002:00000CC4       Alignments
 0002:00000CB4       Alignments
 0001:0002F198       AlignWork
 0001:00049CC4       AlignWork
 0001:00019BA4       AllocateHWnd
 0001:00006BB4       AllocMem
 0002:000025AC       AllocMemCount
 0002:000025B0       AllocMemSize
 0001:00021B0C       AllocPatternBitmap
 0001:00004CA0       AllocTlsBuffer
 0002:00000AA0       AnchorAlign
 0002:00000A94       AnimateWindowProc
 0002:00000B9C       AnimationStyle
 0001:00006D14       AnsiCompareStr
 0001:00006D4C       AnsiCompareText
 0001:000073B4       AnsiLastChar
 0001:000053A8       AnsiLower
 0001:0000B178       AnsiPos
 0001:000405F8       AnsiSameCaption
 0001:00006D84       AnsiSameText
 0001:00006D9C       AnsiStrLIComp
 0001:0000B1B0       AnsiStrPos
 0001:0000B250       AnsiStrRScan
 0001:0000B278       AnsiStrScan
 0001:00004A2C       AnsiToUtf8
 0001:0000886C       AppendChars
 0001:00008C30       AppendFormat
 0001:000088D0       AppendNumber
 0001:000088B0       AppendString
 0002:00002BD4       Application
 0001:0004CD6C       Application
 0002:00000480       ApplicationHandleException
 0002:00000488       ApplicationShowException
 0002:00000DF0       AppVisible
 0001:0000A85C       AssertErrorHandler
 0002:00002020       AssertErrorProc
 0001:0001014C       AssignLongStr
 0001:000104F0       AssignVariant
 0001:00050110       atoi
 0002:00002604       avail
 0001:000074A8       BackfillGetDiskFreeSpaceEx
 0001:0002C74C       BackgroundClipped
 0002:00000E20       BackString
 0001:0000CDCC       BackupVarBoolFromStr
 0001:0000CF2C       BackupVarBStrFromBool
 0001:0000CE4C       BackupVarBStrFromCy
 0001:0000CEBC       BackupVarBStrFromDate
 0001:0000CD60       BackupVarCyFromStr
 0001:0000CCF4       BackupVarDateFromStr
 0001:0000CBB0       BackupVarI4FromStr
 0001:0000CB5C       BackupVariantChangeTypeEx
 0001:0000CC1C       BackupVarR4FromStr
 0001:0000CC88       BackupVarR8FromStr
 0001:00012CEC       BeginGlobalLoading
 0001:000053B0       BeginPaint
 0001:0001E0C4       BetterSize
 0001:0003CC58       BiDiDraw
 0001:000051E8       BitBlt
 0002:000009D0       BitBtnCaptions
 0002:00002AB4       BitBtnGlyphs
 0002:00000794       BitmapCanvasList
 0002:000028D0       BitmapImageLock
 0001:0000CB98       BiUnimplemented
 0002:000004A8       BlockCode
 0002:000025DC       blockDescBlockList
 0002:000025E0       blockDescFreeList
 0002:00000464       BooleanIdents
 0002:000003E0       BooleanToStringRule
 0001:000071D4       BoolToStr
 0001:0000E4A0       BoolToWStrViaOS
 0001:00004E60       Bounds
 0001:00011CAC       Bounds
 0001:00059340       BoxAdd
 0001:00059314       BoxClear
 0001:000593B8       BoxCount
 0001:00059388       BoxDel
 0001:000593E4       BoxGetIndex
 0001:00059470       BoxGetText
 0001:00059410       BoxSetIndex
 0002:00000C5C       Breaks
 0002:00002908       BrushManager
 0001:0003F40C       BuildImage
 0002:0000082C       ButtonCaptions
 0002:00000800       ButtonNames
 0002:00000CD8       Buttons
 0001:00025758       Buttons
 0001:0001D8A4       BytesPerScanline
 0001:0001DBFC       ByteSwapColors
 0001:0000AF2C       ByteToCharIndex
 0001:0000AF04       ByteToCharLen
 0001:0000AEC8       ByteType
 0001:0000AE50       ByteTypeTest
 0002:00002BBC       CachedComCtrlVer
 0001:00019AE0       CalcJmpOffset
 0001:00036B28       CalcSplitterPos
 0001:000053B8       CallNextHookEx
 0001:0000C784       CallProtoService
 0001:0000B944       CallTerminateProcs
 0001:000053C0       CallWindowProc
 0001:0002AC2C       CancelDrag
 0002:00002B84       CanvasList
 0002:0000290C       CanvasList
 0002:000007EC       Captions
 0002:00000B58       CaptureControl
 0002:00000BFC       cBooleanToItemAutoFlag
 0002:00002AA2       CF_COMPONENT
 0002:00002AA0       CF_PICTURE
 0002:00002838       ChangeAnyProc
 0001:00002FE4       CharFromWChar
 0001:0000B100       CharLength
 0001:000053C8       CharNext
 0001:0000021C       CharNext
 0001:0001C228       CharsetToIdent
 0001:0000B014       CharToByteIndex
 0001:0000B078       CharToByteLen
 0001:000053D0       CharToOemA
 0001:0001E674       CheckBool
 0001:00002508       CheckJmp
 0001:000053D8       CheckMenuItem
 0002:00000C4C       Checks
 0001:000164EC       CheckSubComponents
 0001:000188B8       CheckSynchronize
 0001:00042808       CheckTaskWindow
 0001:0002A8E0       CheckUndock
 0001:0000AD44       CheckWin32Version
 0002:000003E4       CInvalidCustomVariantType
 0002:00000C00       cItemAutoFlagToBoolean
 0002:00000BF8       cItemAutoFlagToMenu
 0001:00019D30       Classes
 0001:00012758       ClassNotFound
 0002:00002834       ClearAnyProc
 0001:0001BAB8       ClearColor
 0001:0000F80C       ClearVariantTypeList
 0001:0005A4B4       ClientFree
 0001:0005A4DC       ClientInit
 0001:0005A598       ClientSend
 0001:000053E0       ClientToScreen
 0001:00034110       ClientToWindow
 0002:0000078C       ClipboardFormats
 0001:000255F8       Clipbrd
 0001:00004F98       CloseHandle
 0002:000029A0       CloseThemeData
 0002:0000203C       CmdLine
 0002:00002038       CmdShow
 0002:00000BF4       cMenuAutoFlagToItem
 0001:0000CBA4       CmpUnimplemented
 0002:0000050C       Colors
 0001:0001C020       ColorToIdent
 0002:00000858       ColorToPretyName
 0001:0001C010       ColorToRGB
 0002:00002B0C       ComCtlVersion
 0001:00025AFC       ComCtrls
 0001:00059A04       CommandDlg
 0002:00002BD0       CommandPool
 0001:00005C7C       CommCtrl
 0001:00024880       CommDlg
 0001:000006B0       Commit
 0002:00002620       committedRoot
 0001:0003B3C8       CompareFront
 0001:00006C7C       CompareMem
 0001:00006C4C       CompareStr
 0001:00004FA0       CompareString
 0001:0004CB5C       CompareText
 0001:00006C9C       CompareText
 0001:000070FC       CompareWith
 0001:000165CC       ComponentCreated
 0001:000255B4       ComStrs
 0001:0001AA88       Consts
 0001:0002200C       Contnrs
 0002:00002B42       ControlAtom
 0002:00002B48       ControlAtomString
 0001:00047594       ControlHasHelp
 0001:000377A8       Controls
 0001:0000A2B8       ConvertAddr
 0001:000089C0       ConvertEraString
 0001:00006B78       ConvertError
 0001:00006B90       ConvertErrorFmt
 0001:00008B28       ConvertYearString
 0001:00003D54       CopyArray
 0001:0001F14C       CopyBitmap
 0001:0001F814       CopyBitmapAsMask
 0001:0001F7B0       CopyPalette
 0002:00000E00       CopyRight
 0002:00000E24       CopyRight
 0002:00000DFC       CopyRight
 0002:00000DF8       CopyRight
 0002:00000E04       CopyRight
 0002:000004D4       CopyRight
 0002:000004D8       CopyRight
 0002:00000A30       Copyright
 0001:0003E4B8       CopyToBest
 0001:0000AF84       CountChars
 0002:000028E8       CounterLock
 0002:000003E8       CRangeToType
 0001:0000A7A0       CreateAssertException
 0001:0000A928       CreateAVObject
 0001:000051F0       CreateBitmap
 0001:000051F8       CreateBrushIndirect
 0001:00005200       CreateCompatibleBitmap
 0001:00005208       CreateCompatibleDC
 0001:0001664C       CreateComponent
 0001:00005218       CreateDIBitmap
 0001:00005210       CreateDIBSection
 0001:00004FA8       CreateEvent
 0001:00004FB0       CreateFile
 0001:00005220       CreateFontIndirect
 0001:00005228       CreateHalftonePalette
 0001:000053E8       CreateIcon
 0001:0000A6CC       CreateInOutError
 0001:000053F0       CreateMenu
 0001:00005230       CreatePalette
 0001:00005238       CreatePenIndirect
 0001:000053F8       CreatePopupMenu
 0001:00005240       CreateSolidBrush
 0001:0001DC54       CreateSystemPalette
 0001:00004FB8       CreateThread
 0001:00005998       CreateWindow
 0001:0004CCAC       CreateWindowEx
 0001:00005940       CreateWindowEx
 0002:000007E4       CreationControl
 0002:00000A98       CreationControl
 0002:00000450       CRelationshipToBoolean
 0002:000003CC       CResult
 0002:0000039C       CRLFZSet
 0002:00000144       cSimpleBoolStrs
 0002:000003FC       CText
 0002:00000B94       Ctl3DStyles
 0002:00002618       curAlloc
 0002:00002690       CurrencyDecimals
 0002:0000268C       CurrencyFormat
 0002:00002688       CurrencyString
 0001:00008858       CurrentYear
 0001:0000837C       CurrToStr
 0001:0000E430       CurrToWStrViaOS
 0002:00000D74       CursorMap
 0002:00000AA8       Cursors
 0001:000294CC       CursorToIdent
 0002:00000D64       cUseAlpha
 0002:00000D6C       cUseColorKey
 0001:00006E70       CvtInt
 0001:00006EDC       CvtInt64
 0002:00000184       CWNear
 0002:00002691       DateSeparator
 0001:00009440       DateTimeToStr
 0001:000093E4       DateTimeToString
 0001:0000843C       DateTimeToTimeStamp
 0001:0000E468       DateToWStrViaOS
 0001:000087FC       DayOfWeek
 0001:0000C900       DBFreeVariant
 0001:0000C5B8       DBGetContactSettingDword
 0001:0000C834       DBReadString
 0001:0000C960       dbsettings
 0001:0000C610       DBWriteContactSettingDWord
 0001:0000C65C       DBWriteContactSettingString
 0002:00000180       DCon10
 0002:00000508       DDBsOnly
 0001:00019C58       DeallocateHWnd
 0002:00000028       DebugHook
 0002:0000268F       DecimalSeparator
 0001:000087DC       DecodeDate
 0001:00008690       DecodeDateFully
 0001:00008530       DecodeTime
 0001:00000744       Decommit
 0001:00000D60       DecommitFree
 0002:000025F4       decommittedRoot
 0001:0004521C       Default
 0001:0004A8EC       Default
 0002:00000020       Default8087CW
 0002:00000A9C       DefaultDockTreeClass
 0002:000025B8       DefaultUserCodePage
 0002:0000075C       DefBrushData
 0002:000004DC       DefFontData
 0001:00005400       DefFrameProc
 0002:00000210       DefLongDayNames
 0002:000001C4       DefLongMonthNames
 0001:00005408       DefMDIChildProc
 0002:0000073C       DefPenData
 0002:000001F4       DefShortDayNames
 0002:00000194       DefShortMonthNames
 0001:00005410       DefWindowProc
 0001:0004CBA4       DefWindowProc
 0001:00003FA0       DelayLoadResourceModule
 0001:00000400       DeleteBlock
 0001:00000370       DeleteCriticalSection
 0001:0004CC74       DeleteCriticalSection
 0001:00004FC0       DeleteCriticalSection
 0001:00005248       DeleteDC
 0001:00000BA8       DeleteFree
 0001:00005418       DeleteMenu
 0001:00005250       DeleteObject
 0001:0001ED08       DeselectBitmap
 0001:00005420       DestroyCursor
 0001:00005428       DestroyIcon
 0001:00025688       DestroyLocals
 0001:00005430       DestroyMenu
 0001:0004CCE0       DestroyWindow
 0001:00005438       DestroyWindow
 0001:00027084       DialogEnumerationTester
 0001:00024EF0       Dialogs
 0002:00000798       DIBPalSizes
 0002:0000008C       dig
 0001:0004265C       DisableTaskWindows
 0001:0004CBF8       DispatchMessage
 0001:00005440       DispatchMessage
 0001:00048874       DispatchShortCut
 0002:00002000       DispCallByIDProc
 0001:00006B5C       DivMod
 0001:00059CF0       DlgProcOpt
 0001:000248B8       Dlgs
 0002:00002664       DllProc
 0001:0005ADE0       DM_RC_Client
 0001:0000CB34       DM_RC_Client_Defines
 0001:00058C08       DM_RC_Client_Utils
 0001:00058C40       DM_RC_Svr_Tokens
 0001:00049B78       DoAlign
 0001:0002F028       DoAlign
 0001:00032FCC       DoCalcConstraints
 0002:00002B78       DockSiteList
 0001:0003F0D8       DoClick
 0001:00030700       DoControlMsg
 0001:0004260C       DoDisableWindow
 0001:0002A20C       DoDragOver
 0001:00034DFC       DoFindControlZone
 0001:00042748       DoFindWindow
 0001:00035388       DoFindZone
 0001:00034E80       DoForEach
 0001:0003678C       DoGetNextLimit
 0001:000425D4       DoneApplication
 0001:000374EC       DoneControls
 0001:0000AC54       DoneExceptions
 0001:00046BF0       DoNestedActivation
 0001:00018878       DoneThreadSynchronization
 0001:0002EBE8       DoPosition
 0001:000499C8       DoPosition
 0001:00035DB4       DoPrune
 0001:0003628C       DoSaveZone
 0001:00036490       DoSetNewBounds
 0002:0000046C       DotSep
 0001:00039A28       DoWrite
 0001:0001E8CC       DoWrite
 0001:00013B20       DoWrite
 0001:0002FCE8       DoWriteDesignSize
 0001:0002D840       DoWriteIsControl
 0002:00002B5C       DragCapture
 0002:00002B50       DragControl
 0001:0002A954       DragDone
 0001:0002A1BC       DragFindTarget
 0001:0002A190       DragFindWindow
 0002:00002B74       DragImageList
 0001:0002A5AC       DragInit
 0001:0002A71C       DragInitControl
 0002:00002B58       DragInternalObject
 0001:0002A0D8       DragMessage
 0002:00002B54       DragObject
 0002:00002B80       DragSave
 0002:00002B68       DragSaveCursor
 0002:00002B60       DragStartPos
 0002:00002B6C       DragThreshold
 0001:0002A2DC       DragTo
 0001:0004A928       DrawAppIcon
 0001:00035920       DrawCloseButton
 0001:00005448       DrawEdge
 0001:00005450       DrawFrameControl
 0001:00035978       DrawGrabberLine
 0001:00005458       DrawIcon
 0001:00005460       DrawIconEx
 0002:00000BD0       DrawingStyles
 0001:00005468       DrawMenuBar
 0001:00040418       DrawMenuItem
 0001:00005470       DrawText
 0002:000029A4       DrawThemeBackground
 0002:000029C8       DrawThemeEdge
 0002:000029CC       DrawThemeIcon
 0002:00002A50       DrawThemeParentBackground
 0002:000029A8       DrawThemeText
 0001:0001D724       DupBits
 0001:00003D6C       DynArrayClear
 0001:00003D74       DynArraySetLength
 0002:00000CBC       EdgeStyle
 0002:00000B84       EdgeStyles
 0001:0000A6A0       EHeapException.FreeInstance
 0002:00002820       EmptyParam
 0002:000000CC       EmptyStr
 0002:000000D0       EmptyWideStr
 0001:00005478       EnableMenuItem
 0002:00000C54       Enables
 0001:00005480       EnableScrollBar
 0001:00042710       EnableTaskWindows
 0002:00002A38       EnableThemeDialogTexture
 0002:00002A54       EnableTheming
 0001:00005488       EnableWindow
 0001:000084F0       EncodeTime
 0001:00058DD4       EncodeToken
 0001:00012D74       EndGlobalLoading
 0001:00005490       EndPaint
 0001:00004FC8       EnterCriticalSection
 0001:00000360       EnterCriticalSection
 0001:0004CC44       EnterCriticalSection
 0001:00004FD0       EnumCalendarInfoA
 0002:00002938       EnumDisplayMonitors
 0001:00009F2C       EnumEraNames
 0001:00009F68       EnumEraYearOffsets
 0001:000457E0       EnumMonitorsProc
 0001:00005498       EnumThreadWindows
 0001:00015DFC       EnumValue
 0001:000054A0       EnumWindows
 0001:000054A8       EqualRect
 0002:00002758       EraNames
 0001:000096B8       EraToYear
 0002:00002774       EraYearOffsets
 0002:00000064       errCaption
 0001:0003B118       Error
 0001:000155E0       Error
 0001:000122FC       Error
 0001:00001820       Error
 0002:00000004       ErrorAddr
 0001:000017D4       ErrorAt
 0001:0000A74C       ErrorHandler
 0002:0000022C       ErrorMap
 0002:00002008       ErrorProc
 0002:000023E0       ErrOutput
 0001:00001774       ExceptAddr
 0002:0000200C       ExceptClsProc
 0001:0000ABC0       ExceptHandler
 0001:0000A514       Exception.Create
 0001:0000A550       Exception.CreateFmt
 0001:0000A5D0       Exception.CreateRes
 0001:0000A60C       Exception.CreateResFmt
 0002:0000201C       ExceptionClass
 0001:0000A2C4       ExceptionErrorMessage
 0002:00000264       ExceptMap
 0001:00001754       ExceptObject
 0002:00002010       ExceptObjProc
 0002:00002004       ExceptProc
 0001:00005258       ExcludeClipRect
 0002:00000000       ExitCode
 0001:00002D18       ExitDll
 0002:00002040       ExitProc
 0001:00000224       ExitProcess
 0002:00002024       ExitProcessProc
 0001:00004D4C       ExitProcessTLS
 0001:00004D24       ExitThreadTLS
 0001:0000746C       ExpandFileName
 0001:00025944       ExtActns
 0001:00025554       ExtCtrls
 0001:000257B0       ExtDlgs
 0001:00007434       ExtractFileName
 0001:00058C48       ExtractToken
 0001:0000C96C       ExtractWord
 0002:00002CB8       FAccept
 0002:00002794       FalseBoolStrs
 0002:00002CB4       FBind
 0002:00002AA8       FClipboard
 0002:00002CB0       FCloseSocket
 0002:00000174       FCon1E18
 0002:00002CAC       FConnect
 0002:00000E1C       FDll2Handle
 0002:00000E18       FDllHandle
 0002:00002C58       FGetHostByAddr
 0002:00002C54       FGetHostByName
 0002:00002C5C       FGetHostName
 0002:00002CA8       FGetPeerName
 0002:00002C50       FGetProtoByName
 0002:00002C4C       FGetServByName
 0002:00002CA4       FGetSockName
 0002:00002C6C       FGetSockOpt
 0002:00002CA0       Fhtonl
 0002:00002C9C       Fhtons
 0001:0000733C       FileAge
 0001:00007334       FileClose
 0001:0000729C       FileCreate
 0001:00007278       FileCreate
 0001:000073A4       FileExists
 0002:00000790       FileFormats
 0002:00000008       FileMode
 0001:00007220       FileOpen
 0001:000072A4       FileRead
 0002:00000498       FilerSignature
 0001:000072FC       FileSeek
 0001:00004FD8       FileTimeToDosDateTime
 0001:00004FE0       FileTimeToLocalFileTime
 0001:000072D0       FileWrite
 0001:00000C90       FillAfterGap
 0001:00000C3C       FillBeforeGap
 0001:00000D28       FillerSizeAfterGap
 0001:00000CB8       FillerSizeBeforeGap
 0001:000054B0       FillRect
 0001:0000FE64       Finalization
 0001:00005C4C       Finalization
 0001:00025838       Finalization
 0001:0000FC58       Finalization
 0001:00005F64       Finalization
 0001:0000C7FC       Finalization
 0001:00024700       Finalization
 0001:0000C930       Finalization
 0001:0000CACC       Finalization
 0001:0000CB04       Finalization
 0001:00024738       Finalization
 0001:0002275C       Finalization
 0001:0002279C       Finalization
 0001:0004CD98       Finalization
 0001:000257D0       Finalization
 0001:0003A178       Finalization
 0001:00023784       Finalization
 0001:00024770       Finalization
 0001:000237CC       Finalization
 0001:000247A8       Finalization
 0001:000247E0       Finalization
 0001:00023804       Finalization
 0001:00024818       Finalization
 0001:00024850       Finalization
 0001:000590E8       Finalization
 0001:00024888       Finalization
 0001:00037740       Finalization
 0001:0001A73C       Finalization
 0001:0001AA58       Finalization
 0001:00021D24       Finalization
 0001:00038A70       Finalization
 0001:00058C10       Finalization
 0001:00021FDC       Finalization
 0001:000406F4       Finalization
 0001:0000D2F8       Finalization
 0001:00025780       Finalization
 0001:00024E94       Finalization
 0001:0002550C       Finalization
 0001:0004C9C0       Finalization
 0001:00058544       Finalization
 0001:00025720       Finalization
 0001:0005AB50       Finalization
 0001:00019C80       Finalization
 0001:00023B28       Finalization
 0001:00004E04       Finalization
 0001:00025650       Finalization
 0001:00004E7C       Finalization
 0001:000255BC       Finalization
 0001:00058BD8       Finalization
 0001:00023CD4       Finalization
 0001:00025584       Finalization
 0001:00058A30       Finalization
 0001:0002589C       Finalization
 0001:000246C8       Finalization
 0001:000258F4       Finalization
 0001:00021B44       Finalization
 0001:0002594C       Finalization
 0001:00024658       Finalization
 0001:0000C44C       Finalization
 0001:00025A84       Finalization
 0001:0000C414       Finalization
 0001:000264C4       Finalization
 0001:0001062C       Finalization
 0001:00026510       Finalization
 0001:00026678       Finalization
 0001:0004DE04       Finalization
 0001:0000C214       Finalization
 0001:0004E624       Finalization
 0001:000272FC       Finalization
 0001:0004E668       Finalization
 0001:00005B58       Finalization
 0001:0004E6A0       Finalization
 0001:0001A7BC       Finalization
 0001:00005B20       Finalization
 0001:00004B48       Finalization
 0001:00005AE8       Finalization
 0001:00003D64       FinalizeArray
 0001:00002AC4       FinalizeUnits
 0001:0003EE98       Find
 0001:00004010       FindBS
 0001:00012818       FindClass
 0001:00003F98       FindClassHInstance
 0001:00000234       FindClose
 0001:00004FE8       FindClose
 0001:00000C0C       FindCommitted
 0001:000292AC       FindControl
 0001:000355B4       FindControlAtPos
 0001:0000FAB0       FindCustomVariantType
 0001:0000FB68       FindCustomVariantType
 0001:0002AC78       FindDragTarget
 0001:000167FC       FindExistingComponent
 0001:00004FF0       FindFirstFile
 0001:0000023C       FindFirstFile
 0001:00012C04       FindGlobalComponent
 0001:00042854       FindGlobalComponent
 0002:00002880       FindGlobalComponentProcs
 0001:00003F70       FindHInstance
 0001:00012AAC       FindIdentToInt
 0002:00002A94       FindMsg
 0001:0001598C       FindNestedComponent
 0001:0003B0E0       FindPopupControl
 0001:0000CFC0       FindProc
 0001:00004FF8       FindResource
 0001:00003FE8       FindResourceHInstance
 0001:0004C214       FindScanline
 0001:000427AC       FindTopMostWindow
 0001:000176E0       FindUniqueName
 0001:0002AC44       FindVCLWindow
 0001:000054B8       FindWindow
 0001:000270DC       FindWinHelp
 0002:00002C98       FInet_addr
 0002:00002C94       FInet_ntoa
 0002:00002C8C       FIoctlSocket
 0001:0001F100       FixupBitFields
 0002:00000CCC       Flags
 0002:000027A4       FLanguages
 0001:00023B58       FlatSB
 0002:00002964       FlatSB_EnableScrollBar
 0002:00002970       FlatSB_GetScrollInfo
 0002:00002974       FlatSB_GetScrollPos
 0002:0000296C       FlatSB_GetScrollRange
 0002:0000297C       FlatSB_SetScrollInfo
 0002:00002978       FlatSB_SetScrollPos
 0001:00023848       FlatSB_SetScrollProp
 0002:00002980       FlatSB_SetScrollRange
 0002:00002968       FlatSB_ShowScrollBar
 0002:00002C88       FListen
 0001:0000800C       FloatToDecimal
 0001:0000834C       FloatToStr
 0001:00007D38       FloatToText
 0001:00001988       Flush
 0002:00000188       FMSecsPerDay
 0001:00007C34       FmtStr
 0002:00002C84       Fntohl
 0002:00002C80       Fntohs
 0002:00000CE8       FocusCount
 0002:00000CE4       FocusMessages
 0002:000006AC       FontCharsets
 0002:00002900       FontManager
 0002:00002C60       FOpenSocket
 0001:00042828       ForegroundTask
 0001:00007C20       Format
 0002:00000190       Format
 0001:00007828       FormatBuf
 0001:0000781C       FormatClearStr
 0001:000077A0       FormatError
 0002:0000016C       FormatErrorStrs
 0001:00005000       FormatMessage
 0001:000077F8       FormatVarToStr
 0001:0004CA1C       Forms
 0001:00001C58       FPower10
 0002:000007E0       FPrinter
 0001:000054C0       FrameRect
 0002:00002C78       FRecv
 0002:00002C7C       FRecvFrom
 0001:0000BDF4       FreeAndNil
 0001:0004CB68       FreeAndNil
 0001:00000978       FreeCommitted
 0001:00000E98       FreeCurAlloc
 0001:0002AD38       FreeDeviceContext
 0001:0002ADF4       FreeDeviceContexts
 0001:0000C47C       FreeImage
 0001:00019A4C       FreeIntConstList
 0001:00000244       FreeLibrary
 0001:0004CD1C       FreeLibrary
 0001:00005008       FreeLibrary
 0001:0001EC5C       FreeMemoryContexts
 0001:00019B80       FreeObjectInstance
 0001:00005018       FreeResource
 0001:000005F8       FreeSpace
 0001:0000B960       FreeTerminateProcs
 0001:00023D0C       FreeThemeLibrary
 0002:00002B08       FRichEditModule
 0002:00002C74       FSend
 0002:00002C70       FSendTo
 0002:00002C68       FSetSockOpt
 0002:00002C64       FShutdown
 0002:00002C44       FWSAAsyncGetHostByAddr
 0002:00002C40       FWSAAsyncGetHostByName
 0002:00002C48       FWSAAsyncSelect
 0002:00002C3C       FWSACancelAsyncRequest
 0002:00002C30       FWSACleanup
 0002:00002C38       FWSAGetLastError
 0002:00002C90       FWSAIoctl
 0002:00002C34       FWSASetLastError
 0002:00002C2C       FWSAStartup
 0002:00002E54       GClassCritSect
 0001:0001D714       GDICheck
 0001:0001D66C       GDIError
 0001:00001910       Get8087CW
 0001:00005020       GetACP
 0001:000054C8       GetActiveWindow
 0001:000528B8       GetAliasList
 0001:0004A054       GetAnimation
 0001:00005260       GetBitmapBits
 0001:00000378       GetBlockDesc
 0001:00005268       GetBrushOrgEx
 0001:000054D0       GetCapture
 0001:00029574       GetCaptureControl
 0001:000127C4       GetClass
 0001:000054D8       GetClassInfo
 0001:0004CC84       GetClassInfo
 0001:000054E0       GetClassName
 0001:000054E8       GetClientRect
 0001:00005270       GetClipBox
 0001:00000314       GetCmdShow
 0001:00038C40       GetColor
 0001:00025A24       GetComCtlVersion
 0001:0000024C       GetCommandLine
 0001:000007C4       GetCommitted
 0001:00000854       GetCommittedAt
 0001:0005A648       GetContactUID
 0001:000302B4       GetControlAtPos
 0001:0000891C       GetCount
 0001:00005028       GetCPInfo
 0001:00005278       GetCurrentPositionEx
 0001:00005030       GetCurrentProcessId
 0002:00002A48       GetCurrentThemeName
 0001:0004CBC0       GetCurrentThreadId
 0001:00005038       GetCurrentThreadId
 0001:00000304       GetCurrentThreadId
 0001:000058A4       GetCurrentTime
 0001:000054F0       GetCursor
 0001:0004C224       GetCursorHeightMargin
 0001:000054F8       GetCursorPos
 0001:00008948       GetDate
 0001:00005040       GetDateFormat
 0001:000095D0       GetDateOrder
 0001:00005500       GetDC
 0001:00005508       GetDCEx
 0001:00005280       GetDCOrgEx
 0001:00021754       GetDefFontCharSet
 0001:00005510       GetDesktopWindow
 0001:00005298       GetDeviceCaps
 0001:0001E65C       GetDIB
 0001:00005288       GetDIBColorTable
 0001:00005290       GetDIBits
 0001:0001E5A4       GetDIBSizes
 0001:0001D884       GetDInColors
 0001:00005048       GetDiskFreeSpaceA
 0002:00000140       GetDiskFreeSpaceEx
 0001:00005518       GetDlgItem
 0001:00005520       GetDlgItemText
 0001:0003686C       GetDockAlign
 0001:00029F1C       GetDockSiteAtPos
 0001:0002A248       GetDropCtl
 0001:000022D0       GetDynaMethod
 0001:0000FED4       GetEnumNameValue
 0001:0000FF20       GetEnumValue
 0001:00009FE0       GetEraNamesAndYearOffsets
 0001:00009664       GetEraYearOffset
 0001:0000A910       GetExceptionClass
 0001:0000AAF4       GetExceptionObject
 0001:0001274C       GetFieldClassTable
 0001:0000AD64       GetFileVersion
 0001:000051D0       GetFileVersionInfo
 0001:000051D8       GetFileVersionInfoSize
 0001:00005528       GetFocus
 0001:0001C248       GetFontData
 0001:00005530       GetForegroundWindow
 0001:0000B518       GetFormatSettings
 0001:00005050       GetFullPathName
 0001:0001B7B4       GetHashCode
 0001:000475CC       GetHelpInfo
 0001:00022C1C       GetHelpSystem
 0001:00049E38       GetHint
 0001:00049E70       GetHintControl
 0001:00040594       GetHotkey
 0001:00005538       GetIconInfo
 0001:00052850       GetIPList
 0001:00005550       GetKeyboardLayout
 0001:00005558       GetKeyboardLayoutList
 0001:00005560       GetKeyboardState
 0001:00001F44       GetKeyboardType
 0001:00005540       GetKeyNameText
 0001:00005548       GetKeyState
 0001:00005568       GetLastActivePopup
 0001:00034B34       GetLastChildZone
 0001:00005058       GetLastError
 0001:00000254       GetLastError
 0001:00009DA4       GetLocaleChar
 0001:0000025C       GetLocaleInfo
 0001:00005068       GetLocaleInfo
 0001:00009D58       GetLocaleStr
 0001:00005060       GetLocalTime
 0001:00029530       GetLongHint
 0001:00005570       GetMenu
 0001:00047554       GetMenuHelpContext
 0001:00005578       GetMenuItemCount
 0001:00005580       GetMenuItemID
 0001:00005588       GetMenuItemInfo
 0001:0003D6E4       GetMenuSize
 0001:00005590       GetMenuState
 0001:00005598       GetMenuString
 0001:000055A0       GetMessage
 0001:0004CBCC       GetMessage
 0001:00000264       GetModuleFileName
 0001:00005070       GetModuleFileName
 0001:0000026C       GetModuleHandle
 0001:00005078       GetModuleHandle
 0002:0000292C       GetMonitorInfo
 0002:00002930       GetMonitorInfoA
 0002:00002934       GetMonitorInfoW
 0001:00009E08       GetMonthDayNames
 0001:000055A8       GetNextWindow
 0001:000052A0       GetObject
 0001:0000FFF4       GetOrdProp
 0001:000052A8       GetPaletteEntries
 0001:000055B0       GetParent
 0001:00042A20       GetParentForm
 0001:000052B0       GetPixel
 0001:0004CD3C       GetProcAddress
 0001:00005080       GetProcAddress
 0001:00000274       GetProcAddress
 0001:000055B8       GetProp
 0001:0000FF84       GetPropInfo
 0001:00042EE0       GetRealScrollPosition
 0001:00038C20       GetRGBColor
 0001:000055C0       GetScrollInfo
 0001:000055C8       GetScrollPos
 0001:000055D0       GetScrollRange
 0001:000294EC       GetShortHint
 0001:0000051C       GetSpace
 0001:00000580       GetSpaceAt
 0001:0003B170       GetSpecialName
 0001:0000027C       GetStartupInfo
 0001:000001F4       GetStdHandle
 0001:00005088       GetStdHandle
 0001:000052B8       GetStockObject
 0001:00005090       GetStringTypeEx
 0001:000055D8       GetSubMenu
 0001:000055E0       GetSysColor
 0001:000055E8       GetSysColorBrush
 0001:00005098       GetSystemInfo
 0001:000055F0       GetSystemMenu
 0001:000055F8       GetSystemMetrics
 0002:0000291C       GetSystemMetrics
 0001:000052C0       GetSystemPaletteEntries
 0001:0005926C       GetText
 0001:000052C8       GetTextExtentPoint32
 0001:000052D0       GetTextMetrics
 0002:00002A40       GetThemeAppProperties
 0002:000029AC       GetThemeBackgroundContentRect
 0002:000029B0       GetThemeBackgroundExtent
 0002:000029C0       GetThemeBackgroundRegion
 0002:000029E4       GetThemeBool
 0002:000029D8       GetThemeColor
 0002:00002A4C       GetThemeDocumentationProperty
 0002:000029EC       GetThemeEnumValue
 0002:00002A0C       GetThemeFilename
 0002:000029F4       GetThemeFont
 0002:000029E8       GetThemeInt
 0002:00002A00       GetThemeIntList
 0002:000029FC       GetThemeMargins
 0002:000029DC       GetThemeMetric
 0002:000029B4       GetThemePartSize
 0002:000029F0       GetThemePosition
 0002:00002A04       GetThemePropertyOrigin
 0002:000029F8       GetThemeRect
 0002:000029E0       GetThemeString
 0002:00002A18       GetThemeSysBool
 0002:00002A10       GetThemeSysColor
 0002:00002A14       GetThemeSysColorBrush
 0002:00002A20       GetThemeSysFont
 0002:00002A28       GetThemeSysInt
 0002:00002A1C       GetThemeSysSize
 0002:00002A24       GetThemeSysString
 0002:000029B8       GetThemeTextExtent
 0002:000029BC       GetThemeTextMetrics
 0001:00000284       GetThreadLocale
 0001:000050A0       GetThreadLocale
 0001:0004CD50       GetTickCount
 0001:000050A8       GetTickCount
 0001:00008980       GetTime
 0001:00004CAC       GetTlsSize
 0001:0004A604       GetTopMostWindows
 0001:0002967C       GetTopParent
 0001:00005600       GetTopWindow
 0001:0000FEC8       GetTypeData
 0001:0000030C       GetVersion
 0001:000050B0       GetVersion
 0001:000050B8       GetVersionEx
 0001:00005608       GetWindow
 0001:00005610       GetWindowDC
 0001:00005618       GetWindowLong
 0001:0004CB90       GetWindowLong
 0001:000052D8       GetWindowOrgEx
 0001:00005620       GetWindowPlacement
 0001:00005628       GetWindowRect
 0001:00056590       GetWindowsErr
 0001:00005630       GetWindowText
 0002:00002A34       GetWindowTheme
 0001:00005640       GetWindowThreadProcessId
 0001:00005638       GetWindowThreadProcessId
 0001:00056504       GetWinsockErr
 0002:00002CC0       GInitData
 0001:000050C0       GlobalAddAtom
 0001:000050C8       GlobalAlloc
 0001:000058B8       GlobalAllocPtr
 0001:000050D0       GlobalDeleteAtom
 0001:000050D8       GlobalFindAtom
 0002:00002884       GlobalFixupList
 0001:00015AD4       GlobalFixupReferences
 0001:000050E0       GlobalFree
 0001:000058E4       GlobalFreePtr
 0001:000050F0       GlobalHandle
 0001:000050E8       GlobalLock
 0002:00002868       GlobalNameSpace
 0001:000050F8       GlobalReAlloc
 0001:000058C8       GlobalReAllocPtr
 0001:00005100       GlobalUnlock
 0001:00021C18       Graphics
 0002:00000E14       GReqVerHigh
 0002:00000E10       GReqVerLow
 0001:00012940       GroupDescendentsWith
 0002:00002BFC       GWndHandleCount
 0002:00002C00       GWndHandlerCritSect
 0002:00002C18       GWndHandlerMsgLow
 0002:00002BF8       GWndHandlerPool
 0002:00002E6C       GWSockCritSect
 0001:000477D4       HandleEdge
 0001:00016F38       HandleException
 0001:000524A8       HasOption
 0002:00000024       HeapAllocFlags
 0002:000025C0       heapErrorCode
 0002:000025C4       heapLock
 0001:000237C4       HelpIntfs
 0002:00002958       HelpManager
 0002:00002A90       HelpMsg
 0002:00002B2C       HelpViewer
 0002:00002B30       HelpViewerIntf
 0002:0000013C       HexDisplayPrefix
 0002:000003C8       hHookFilterAdd
 0002:000003C0       hHookOnLoad
 0002:000003C4       hHookOptions
 0002:000003BC       hHookShutdown
 0001:000368E8       HideZone
 0002:00002660       HInstance
 0002:00002BE8       HintDoneEvent
 0001:00049F40       HintGetMsgHook
 0002:00002BEC       HintHook
 0001:00049EE4       HintMouseThread
 0002:00002BF0       HintThread
 0002:00002BE4       HintThreadID
 0001:00049E90       HintTimerProc
 0002:00000CDC       HintWindowClass
 0002:000029C4       HitTestThemeBackground
 0001:0004CD94       HiWord
 0001:00049F84       HookHintHooks
 0001:000059F0       HwndMSWheel
 0002:00000C70       IBreaks
 0002:00000C7C       IChecks
 0001:0001A148       IcsLoggerAddTimeStamp
 0002:00000C84       IDefaults
 0001:0001C238       IdentToCharset
 0001:0001C030       IdentToColor
 0001:000294DC       IdentToCursor
 0001:00012B28       IdentToInt
 0002:00000C8C       IEnables
 0001:0003E488       IfHotkeyAvailable
 0002:00002BC0       ImageListWriteExProc
 0001:00005BA8       ImageList_Add
 0001:00005BC8       ImageList_AddIcon
 0001:00005BEC       ImageList_BeginDrag
 0001:00005B90       ImageList_Create
 0001:00005B98       ImageList_Destroy
 0001:00005BFC       ImageList_DragEnter
 0001:00005C04       ImageList_DragLeave
 0001:00005C0C       ImageList_DragMove
 0001:00005C1C       ImageList_DragShowNolock
 0001:00005BD4       ImageList_Draw
 0001:00005BDC       ImageList_DrawEx
 0001:00005BF4       ImageList_EndDrag
 0001:00005BC0       ImageList_GetBkColor
 0001:00005C24       ImageList_GetDragImage
 0001:00005C3C       ImageList_GetIconSize
 0001:00005BA0       ImageList_GetImageCount
 0001:00005C2C       ImageList_Read
 0001:00005BE4       ImageList_Remove
 0001:00005BB0       ImageList_ReplaceIcon
 0001:00005BB8       ImageList_SetBkColor
 0001:00005C14       ImageList_SetDragCursorImage
 0001:00005C44       ImageList_SetIconSize
 0001:00005C34       ImageList_Write
 0002:00000BE0       Images
 0001:0003A1A8       ImgList
 0001:000227CC       Imm
 0002:00000BC4       IMM32DLL
 0001:000374D8       Imm32IsIME
 0002:0000018C       IMSecsPerDay
 0001:0000DE40       InBounds
 0001:0000E0E0       InBounds
 0001:0004E064       IncPtr
 0001:0000DE70       Increment
 0001:0000E110       Increment
 0001:00005648       InflateRect
 0001:00025818       IniFiles
 0001:00000A04       InitAllocator
 0001:00022014       InitAnApi
 0002:00002944       InitApis
 0001:00012DD0       InitComponent
 0002:00002630       InitContext
 0001:00037574       InitControls
 0001:00021798       InitDefFontData
 0001:00059588       InitDlg
 0001:0000B980       InitDriveSpacePtr
 0001:0000ABD0       InitExceptions
 0001:000238A4       InitFlatSB
 0001:00024D40       InitGlobals
 0001:0001E45C       InitializeBitmapInfoHeader
 0001:00005108       InitializeCriticalSection
 0001:0004CC64       InitializeCriticalSection
 0001:00000358       InitializeCriticalSection
 0002:000025BC       initialized
 0001:0002387C       InitializeFlatSB
 0001:00004DB0       InitializeModule
 0001:0000CFEC       InitializeVarUtils
 0001:00037178       InitIMM32
 0001:00012E78       InitInheritedComponent
 0001:0000B32C       InitLeadBytes
 0001:0000C7DC       InitMMI
 0001:000226F0       InitMultiMonStubs
 0001:0000ACD4       InitPlatformId
 0001:00004CF8       InitProcessTLS
 0001:0004C934       InitProcs
 0001:0002171C       InitScreenLogPixels
 0001:0000B3A4       InitSysLocale
 0001:00023ECC       InitThemeLibrary
 0001:00018844       InitThreadSynchronization
 0001:00004CB4       InitThreadTLS
 0001:00002B24       InitUnits
 0001:000291C0       InitWndProc
 0002:00000B64       InnerStyles
 0002:00002048       Input
 0001:0002EB5C       InsertBefore
 0001:00049968       InsertBefore
 0001:00000E10       InsertFree
 0001:0003E53C       InsertHotkeyFarEastFormat
 0001:00005650       InsertMenu
 0001:00005658       InsertMenuItem
 0002:000028A0       InstBlockList
 0002:000028A4       InstFreeList
 0002:00002878       IntConstList
 0001:0000B9E8       InterlockedDecrement
 0001:000002FC       InterlockedDecrement
 0001:00005010       InterlockedExchange
 0001:0000B9F4       InterlockedExchange
 0001:0000B9FC       InterlockedExchangeAdd
 0001:000002F4       InterlockedIncrement
 0001:0000B9DC       InterlockedIncrement
 0001:0001B740       InternalDeletePalette
 0001:00001940       InternalFlush
 0001:00000C6C       InternalFreeMem
 0001:0001E5AC       InternalGetDIB
 0001:0001E540       InternalGetDIBSizes
 0001:00012C68       InternalReadComponentRes
 0002:00002B14       InternalServices
 0001:00003390       InternalUniqueString
 0001:000052E0       IntersectClipRect
 0001:00005660       IntersectRect
 0001:00006FD0       IntToHex
 0001:0004CB74       IntToHex
 0001:00012B68       IntToIdent
 0001:00006FA8       IntToStr
 0001:00006EBC       IntToStr
 0001:0004CAB4       IntToStr
 0001:00005668       InvalidateRect
 0001:0001D600       InvalidBitmap
 0001:0001D5E8       InvalidGraphic
 0001:0001D60C       InvalidIcon
 0001:0001D5D0       InvalidOperation
 0001:00011CD4       InvalidPoint
 0002:000027A0       InvalidPointer
 0001:00002188       InvokeImplGetter
 0001:000018A0       IOResult
 0002:00000CAC       IOwnerDraw
 0002:00002E50       IPList
 0002:00000C94       IRadios
 0002:00000CA4       IRTL
 0001:000429B0       IsAccel
 0001:0003F6EC       IsAccelChar
 0002:00002A30       IsAppThemed
 0001:00029CD4       IsBeforeTargetWindow
 0001:00005670       IsChild
 0002:00002044       IsConsole
 0001:0002A130       IsDelphiHandle
 0001:00005678       IsDialogMessage
 0001:0005016C       IsDigit
 0002:00000C9C       ISeparators
 0001:00005680       IsIconic
 0001:0003F748       IsInitialChar
 0001:0000858C       IsLeapYear
 0002:00002034       IsLibrary
 0002:00002045       IsMultiThread
 0001:00034598       IsOrientationSet
 0001:00005688       IsRectEmpty
 0001:00029ED8       IsSiteChildOfClient
 0002:00002A2C       IsThemeActive
 0002:000029D4       IsThemeBackgroundPartiallyTransparent
 0002:00002A3C       IsThemeDialogTextureEnabled
 0002:000029D0       IsThemePartDefined
 0001:00012C44       IsUniqueGlobalComponentName
 0002:0000286C       IsUniqueGlobalComponentNameProc
 0001:00006E0C       IsValidIdent
 0001:0000B38C       IsWesternGroup
 0001:00005690       IsWindow
 0001:00005698       IsWindowEnabled
 0001:000056A0       IsWindowVisible
 0001:000056A8       IsZoomed
 0001:0003B53C       Iterate
 0001:0003B59C       IterateMenus
 0002:0000002C       JITEnable
 0001:00042964       KeyboardStateToShiftState
 0001:00042928       KeyDataToShiftState
 0001:000428D4       KeysToShiftState
 0001:000056B0       KillTimer
 0001:000073E4       LastDelimiter
 0001:00004AD4       LCIDToCodePage
 0001:0000B2B8       LCIDToCodePage
 0002:0000011C       LeadBytes
 0001:0004CC54       LeaveCriticalSection
 0001:00005110       LeaveCriticalSection
 0001:00000368       LeaveCriticalSection
 0002:00000034       LibModuleList
 0001:000052E8       LineTo
 0001:0002597C       ListActns
 0001:0002ACC0       ListAdd
 0001:0002ACE8       ListRemove
 0002:00002756       ListSeparator
 0001:0005AAE4       Load
 0001:000056B8       LoadBitmap
 0001:000056C0       LoadCursor
 0001:000056C8       LoadIcon
 0001:000056D0       LoadKeyboardLayout
 0001:0004CD2C       LoadLibrary
 0001:00005118       LoadLibrary
 0001:0000028C       LoadLibraryEx
 0001:00005120       LoadResource
 0001:000041DC       LoadResourceModule
 0001:00004A7C       LoadResString
 0001:00000294       LoadString
 0001:000056D8       LoadString
 0001:00000338       LocalAlloc
 0001:00004C70       LocalAlloc
 0001:00004C78       LocalFree
 0001:00000340       LocalFree
 0001:00009DCC       LocalGetLocaleStr
 0002:00002A64       Lock
 0001:00005128       LockResource
 0002:00002698       LongDateFormat
 0002:0000272C       LongDayNames
 0002:000026E0       LongMonthNames
 0002:000026AC       LongTimeFormat
 0001:00006C10       LowerCase
 0001:0004CB2C       LowerCase
 0001:000051B0       lstrcatA
 0001:000051B8       lstrcpy
 0001:000051C0       lstrcpyA
 0001:0000029C       lstrcpyn
 0001:000051C8       lstrlenA
 0002:00002844       LVarTypes
 0002:00002848       LVarTypeSync
 0002:0000202C       MainInstance
 0002:00002030       MainThreadID
 0001:000003C8       MakeEmpty
 0001:00002CBC       MakeErrorMessage
 0002:00000BB0       MakeLast
 0001:0004CD88       MakeLong
 0001:00005898       MakeLong
 0001:00019AE8       MakeObjectInstance
 0001:000058F8       MakeROP4
 0001:0004CD74       MakeWord
 0001:00005930       MakeWParam
 0001:0000A890       MapException
 0001:000258EC       Mapi
 0002:00000A0C       MAPIDLL
 0002:00000A10       MAPIModule
 0001:0000293C       MapToRunError
 0001:000056E0       MapVirtualKey
 0001:000056E8       MapWindowPoints
 0002:00000BE8       Mask
 0001:000052F0       MaskBlt
 0001:00021D54       Math
 0001:00021D1C       Max
 0001:00045268       MaximizedChildren
 0002:0000003C       MemoryManager
 0002:00000C04       MenuKeyCaps
 0001:00040764       Menus
 0001:00000418       MergeBlockAfter
 0001:00000EE4       MergeCommit
 0001:000056F0       MessageBox
 0001:0000022C       MessageBox
 0001:00005B50       Messages
 0002:00000384       ME_DB_EVENT_FILTER_ADD
 0002:0000038C       ME_OPT_INITIALISE
 0002:0000031C       ME_SYSTEM_MODULESLOADED
 0002:00000320       ME_SYSTEM_SHUTDOWN
 0001:00058A74       mGetMem
 0002:00000364       MIID_LAST
 0001:000134DC       Min
 0001:00021D14       Min
 0001:0002E4E4       MinVar
 0001:000591F4       MirandaPluginInfo
 0001:0005921C       MirandaPluginInfoEx
 0001:0005AB28       MirandaPluginInterfaces
 0001:0000C6A8       mir_u2a
 0002:0000294C       MMAvailable
 0002:00000328       mmi
 0002:00000BC8       ModeMap
 0001:00046F60       ModifySystemMenu
 0002:000000A4       Module
 0002:0000265D       ModuleIsCpp
 0002:0000265C       ModuleIsLib
 0001:00019AB8       ModuleUnload
 0002:00000038       ModuleUnloadList
 0002:00002928       MonitorFromPoint
 0002:00002924       MonitorFromRect
 0002:00002920       MonitorFromWindow
 0002:000000EC       MonthDays
 0002:00002B34       Mouse
 0001:000018C0       Move
 0001:000052F8       MoveToEx
 0001:0002AD08       MoveWindowOrg
 0002:00000398       MS_CONTACT_GETCONTACTINFO
 0002:0000037C       MS_DB_CONTACT_FREEVARIANT
 0002:00000374       MS_DB_CONTACT_GETSETTING
 0002:00000378       MS_DB_CONTACT_GETSETTING_STR
 0002:00000380       MS_DB_CONTACT_WRITESETTING
 0002:00000388       MS_LANGPACK_TRANSLATEDIALOG
 0002:00000390       MS_OPT_ADDPAGE
 0002:00000394       MS_PROTO_ENUMPROTOCOLS
 0002:00000324       MS_SYSTEM_GET_MMI
 0001:00005130       MulDiv
 0001:000002AC       MultiByteToWideChar
 0001:0004C3D8       MultiLineWidth
 0001:0002278C       MultiMon
 0001:0000C82C       m_api
 0001:0000C444       m_globaldefs
 0002:0000268D       NegCurrFormat
 0001:00000F70       NewCommit
 0001:00000F9C       NewCommitAt
 0002:00002B38       NewStyleControls
 0001:0000B13C       NextCharIndex
 0001:0003457C       NextVisibleZone
 0002:0000049C       NilMethod
 0002:00000030       NoErrMsg
 0001:0003C350       NormalDraw
 0001:000024F4       NotifyAnyExcept
 0001:000599D4       NotifyDlg
 0001:000024C8       NotifyExcept
 0001:00002528       NotifyExceptFinally
 0001:00012D44       NotifyGlobalLoading
 0001:000044DC       NotifyModuleUnload
 0001:000024A4       NotifyNonDelphiException
 0001:000024E0       NotifyOnExcept
 0001:00002488       NotifyReRaise
 0001:00002550       NotifyTerminate
 0001:0000256C       NotifyUnhandled
 0001:0003F0C8       NthParentOf
 0001:0000FC50       Null
 0002:000003D8       NullAsStringValue
 0002:000003D4       NullStrictConvert
 0001:00029278       ObjectFromHWnd
 0001:000056F8       OemToAnsi
 0001:00005700       OffsetRect
 0001:0005A6AC       OnFilterAdd
 0001:0005AA58       OnModulesLoaded
 0001:00059D50       OnOptInitialise
 0002:0000299C       OpenThemeData
 0002:00002EB4       optLoading
 0002:00000BA8       OrientArray
 0002:00000B74       OuterStyles
 0002:0000279C       OutOfMemory
 0001:0001D618       OutOfResources
 0002:00002214       Output
 0001:00005138       OutputDebugString
 0001:0004CDD4       OverbyteIcsLibrary
 0001:0001A778       OverbyteIcsLogger
 0001:0001A7F8       OverbyteIcsTypes
 0001:0004E6D0       OverbyteIcsWinSock
 0001:0004DE54       OverbyteIcsWndControl
 0001:0004E660       OverbyteIcsWSockBuf
 0001:000585C4       OverbyteIcsWSocket
 0001:00058A6C       OverbyteIcsWSocketS
 0002:000003DC       PackVarCreation
 0002:000007A0       Pal16
 0001:0001BB24       PaletteChanged
 0001:0001DE04       PaletteFromDIBColorTable
 0001:0001DEA8       PaletteToDIBColorTable
 0002:0000079C       PalSize
 0001:00034960       ParentNotLast
 0001:00005300       PatBlt
 0002:00002910       PatternManager
 0001:0004CC08       PeekMessage
 0001:00005708       PeekMessage
 0002:00002904       PenManager
 0002:0000076C       PenModes
 0002:0000074C       PenStyles
 0002:00000E28       PluginInfoEx
 0002:00002E94       PluginInterfaces
 0002:000027B0       PLUGINLINK
 0001:00004E58       Point
 0001:00011C5C       Point
 0001:00012094       PointerInModule
 0001:0002FCD4       PointsEqual
 0001:00005918       PointToSmallPoint
 0002:00002BC4       PopupList
 0001:0004CC28       PostMessage
 0001:00005710       PostMessage
 0001:00005718       PostQuitMessage
 0001:0005AA0C       PreShutdown
 0001:00023840       Printers
 0001:00048674       ProcessExecute
 0001:00042BE0       ProcessHorz
 0001:00048774       ProcessUpdate
 0001:00042C4C       ProcessVert
 0001:00015DD0       PropertyNotFound
 0001:00017038       PropPathError
 0002:00000D0C       Props
 0001:00015DC4       PropValueError
 0001:000594E0       ProtoInList
 0001:00005720       PtInRect
 0002:000000A0       PtrToNil
 0001:00007CF4       PutExponent
 0002:00002B7C       QualifyingSites
 0001:0000A84C       RaiseAssertException
 0001:000001FC       RaiseException
 0001:00014DE4       RaiseException
 0002:00002014       RaiseExceptionProc
 0001:0000B898       RaiseLastOSError
 0001:000356D0       ReadControlName
 0001:00018278       ReadCustomVariant
 0001:00015DAC       ReadError
 0001:00005140       ReadFile
 0001:0001E154       ReadIcon
 0001:00005308       RealizePalette
 0001:000165EC       Recover
 0001:00004E3C       Rect
 0001:00011C84       Rect
 0001:00005310       RectVisible
 0001:00005728       RedrawWindow
 0002:0000283C       RefAnyProc
 0002:00002A60       ReferenceCount
 0001:00004F80       RegCloseKey
 0001:000002B4       RegCloseKey
 0002:0000287C       RegGroups
 0001:00005730       RegisterClass
 0001:0004CC9C       RegisterClass
 0001:00012838       RegisterClass
 0001:00005738       RegisterClipboardFormat
 0001:0002A078       RegisterDockSite
 0001:00012BAC       RegisterFindGlobalComponentProc
 0001:00012A80       RegisterIntegerConsts
 0001:00004538       RegisterModule
 0001:00022B98       RegisterViewer
 0001:00005740       RegisterWindowMessage
 0001:00025880       Registry
 0001:000002BC       RegOpenKeyEx
 0001:00004F88       RegOpenKeyEx
 0001:00004F90       RegQueryValueEx
 0001:000002C4       RegQueryValueEx
 0001:000247A0       RegStr
 0001:00005748       ReleaseCapture
 0001:00005750       ReleaseDC
 0002:00000048       reMap
 0002:00002614       remBytes
 0001:00000488       RemoveBlock
 0002:00000478       RemoveDataModule
 0001:00015C7C       RemoveFixupReferences
 0001:00015D28       RemoveFixups
 0001:00016020       RemoveGlobalFixup
 0001:00005758       RemoveMenu
 0001:0000447C       RemoveModuleUnloadProc
 0001:00004454       RemoveModuleUnloadProc
 0001:000524C0       RemoveOption
 0001:00005760       RemoveProp
 0001:00005148       ResetEvent
 0001:00018890       ResetSyncEvent
 0001:00001424       ResizeInPlace
 0001:00005318       RestoreDC
 0001:00042580       RestoreFocusState
 0001:00013C80       ReturnAddr
 0001:00013008       ReturnAddr
 0001:0003B110       ReturnAddr
 0001:0001DB84       RGBQuadToTriple
 0001:0001DB4C       RGBTripleToQuad
 0001:000246F8       RichEdit
 0002:00002B4C       RM_GetObjectInstance
 0002:00002BE0       RM_TaskbarCreated
 0002:00002610       rover
 0002:00000A14       RTFConversionFormat
 0001:0000FE94       RTLConsts
 0001:00000204       RtlUnwind
 0002:00002018       RTLUnwindProc
 0002:0000006C       runErrMsg
 0001:000017C8       RunErrorAt
 0001:0000CFA0       SafeArrayCreate
 0001:0000CFA8       SafeArrayGetLBound
 0001:0000CFB0       SafeArrayGetUBound
 0001:0000CFB8       SafeArrayPtrOfIndex
 0001:000512F8       SafeDecrementCount
 0001:000512D8       SafeIncrementCount
 0001:0000BEC0       SafeLoadLibrary
 0001:00006CF0       SameText
 0001:000597F4       SaveChangedOptions
 0001:00005320       SaveDC
 0001:00042578       SaveFocusState
 0001:00009454       ScanBlanks
 0001:00009598       ScanChar
 0001:00009714       ScanDate
 0001:00009478       ScanNumber
 0001:0000950C       ScanString
 0001:00009A58       ScanTime
 0001:0000961C       ScanToNumber
 0002:00002BD8       Screen
 0002:000028BC       ScreenLogPixels
 0001:00005768       ScreenToClient
 0001:00042D98       ScrollBarVisible
 0001:00005770       ScrollWindow
 0001:00000FD0       SearchSmallBlocks
 0001:00005328       SelectObject
 0001:00005330       SelectPalette
 0001:00029308       SendAppMessage
 0001:00005778       SendDlgItemMessage
 0001:000427E8       SendFocusMessage
 0001:00005780       SendMessage
 0002:00000C68       Separators
 0001:00001900       Set8087CW
 0001:00005788       SetActiveWindow
 0001:0004A084       SetAnimation
 0001:00005338       SetBkColor
 0001:00005340       SetBkMode
 0001:00005348       SetBrushOrgEx
 0001:00005790       SetCapture
 0001:0002959C       SetCaptureControl
 0001:00005798       SetClassLong
 0001:0000F7DC       SetClearVarToEmptyParam
 0001:0001675C       SetCompName
 0001:000057A0       SetCursor
 0001:00005350       SetDIBColorTable
 0001:000057A8       SetDlgItemText
 0001:00059244       SetEnabled
 0001:00005150       SetEndOfFile
 0001:00005158       SetErrorMode
 0001:00005160       SetEvent
 0001:00002A7C       SetExceptionHandler
 0001:00005168       SetFilePointer
 0001:000102F8       SetFloatProp
 0001:000057B0       SetFocus
 0001:000057B8       SetForegroundWindow
 0001:000373FC       SetImeMode
 0001:0000184C       SetInOutRes
 0001:0001057C       SetInt64Prop
 0001:000105B8       SetInterfaceProp
 0001:00017318       SetInterfaceReference
 0001:00017234       SetIntIdent
 0002:00000CE0       SetLayeredWindowAttributes
 0001:00010160       SetLongStrProp
 0001:000057C0       SetMenu
 0001:000057C8       SetMenuItemInfo
 0001:00010544       SetMethodProp
 0001:0001727C       SetObjectIdent
 0001:00010068       SetOrdProp
 0001:000057D0       SetParent
 0001:00005358       SetPixel
 0001:000057D8       SetProp
 0001:000057E0       SetRect
 0001:00005360       SetROP2
 0001:000057E8       SetScrollInfo
 0001:000057F0       SetScrollPos
 0001:000057F8       SetScrollRange
 0001:000100C4       SetShortStrProp
 0001:00010118       SetShortStrPropAsLongStr
 0001:00005368       SetStretchBltMode
 0001:000101F8       SetStrProp
 0001:00016564       SetSubComponentState
 0001:000592BC       SetText
 0001:00005370       SetTextColor
 0002:00002A44       SetThemeAppProperties
 0001:00005170       SetThreadLocale
 0001:00005800       SetTimer
 0001:0000F7C4       SetVarAsError
 0001:00010504       SetVariantProp
 0001:000172BC       SetVariantReference
 0001:00005378       SetViewportOrgEx
 0001:0004BEE8       SetVisible
 0001:00010224       SetWideStrProp
 0001:000101A0       SetWideStrPropAsLongStr
 0001:0004CCF0       SetWindowLong
 0001:00005808       SetWindowLong
 0001:00005380       SetWindowOrgEx
 0001:00005810       SetWindowPlacement
 0001:00005818       SetWindowPos
 0001:00005820       SetWindowsHookEx
 0002:00002A08       SetWindowTheme
 0002:00000158       ShareMode
 0001:00024768       ShellAPI
 0002:00002B04       ShellModule
 0001:00024848       ShlObj
 0001:0003B138       ShortCut
 0002:00002BC8       ShortCutItems
 0001:0003B1C4       ShortCutToText
 0002:00002694       ShortDateFormat
 0002:00002710       ShortDayNames
 0002:000026B0       ShortMonthNames
 0002:000026A8       ShortTimeFormat
 0002:00000D4C       ShowCommands
 0002:00000D58       ShowCommands
 0002:00000D40       ShowCommands
 0001:00005828       ShowCursor
 0001:0000A44C       ShowException
 0002:00000DF4       ShowFlags
 0002:00000B5C       ShowFlags
 0001:00042588       ShowMDIClientEdge
 0001:00005830       ShowOwnedPopups
 0001:00005838       ShowScrollBar
 0001:00005840       ShowWindow
 0001:0004A0AC       ShowWinNoAnimate
 0001:00036968       ShowZone
 0002:00000BBC       SizeCursors
 0001:00005178       SizeofResource
 0001:00017DAC       SkipBinary
 0001:00017DDC       SkipCollection
 0001:00017D84       SkipList
 0001:0004CD5C       Sleep
 0001:0000B890       Sleep
 0001:00005180       Sleep
 0001:00011C74       SmallPoint
 0001:00005904       SmallPointToPoint
 0002:0000261C       smallTab
 0002:000025E4       spaceRoot
 0001:000128F4       StartClassGroup
 0001:000266A8       StdActns
 0001:00026540       StdCtrls
 0001:00019AC0       StdWndProc
 0002:000028C4       StockBrush
 0002:000028C8       StockFont
 0002:000028CC       StockIcon
 0002:000028C0       StockPen
 0001:00007744       StrAlloc
 0001:00007758       StrBufSize
 0001:0000AEEC       StrByteType
 0001:0000B0D8       StrCharLength
 0001:000075F8       StrComp
 0001:00007558       StrCopy
 0001:0004CAF0       StrCopy
 0001:00007790       StrDispose
 0001:00058B70       StrDup
 0001:000398F4       StreamsEqual
 0001:00007534       StrEnd
 0001:00005388       StretchBlt
 0001:00007BA0       StrFmt
 0001:0000761C       StrIComp
 0001:00014C80       StringListCompareStrings
 0001:00040500       StripHotkey
 0001:0000765C       StrLComp
 0001:0004CB20       StrLComp
 0001:00007580       StrLCopy
 0001:0004CAE4       StrLen
 0001:0000751C       StrLen
 0001:00007BE0       StrLFmt
 0001:00007684       StrLIComp
 0001:00007548       StrMove
 0001:00007764       StrNew
 0001:0000B0F8       StrNextChar
 0001:00007730       StrPas
 0001:0004CACC       StrPas
 0001:000075B4       StrPCopy
 0001:0004CB14       StrPCopy
 0001:000075D8       StrPLCopy
 0001:000076DC       StrPos
 0001:000076C8       StrScan
 0001:00006FF8       StrToInt
 0001:00007034       StrToIntDef
 0001:00025680       StrUtils
 0002:00000D34       Styles
 0001:0000BE28       Supports
 0001:0000BE04       Supports
 0002:00002870       SyncEvent
 0002:000004A4       SyncList
 0001:00023D04       SyncObjs
 0001:000002DC       SysAllocStringLen
 0001:00005F94       SysConst
 0002:00000CFC       SysConsts
 0002:00000D04       SysConsts
 0001:00009D0C       SysErrorMessage
 0001:0004CA9C       SysErrorMessage
 0001:00001280       SysFreeMem
 0001:000002EC       SysFreeString
 0001:000010F0       SysGetMem
 0001:00004E34       SysInit
 0002:00002748       SysLocale
 0001:00001600       SysReallocMem
 0001:000002E4       SysReAllocStringLen
 0001:00004B9C       System
 0002:000028B4       SystemPalette16
 0001:0001DD6C       SystemPaletteOverride
 0001:00005848       SystemParametersInfo
 0001:0000C394       SysUtils
 0001:00038290       TActionLink.IsCaptionLinked
 0001:000382A4       TActionLink.IsCheckedLinked
 0001:000382B8       TActionLink.IsEnabledLinked
 0001:000382CC       TActionLink.IsGroupIndexLinked
 0001:000382E0       TActionLink.IsHelpContextLinked
 0001:000382F4       TActionLink.IsHelpLinked
 0001:00038308       TActionLink.IsHintLinked
 0001:0003831C       TActionLink.IsImageIndexLinked
 0001:00038330       TActionLink.IsShortCutLinked
 0001:00038344       TActionLink.IsVisibleLinked
 0001:00038358       TActionLink.SetAutoCheck
 0001:0003835C       TActionLink.SetCaption
 0001:00038360       TActionLink.SetChecked
 0001:00038364       TActionLink.SetEnabled
 0001:00038368       TActionLink.SetGroupIndex
 0001:0003836C       TActionLink.SetHelpContext
 0001:00038370       TActionLink.SetHelpKeyword
 0001:00038374       TActionLink.SetHelpType
 0001:00038378       TActionLink.SetHint
 0001:0003837C       TActionLink.SetImageIndex
 0001:00038380       TActionLink.SetShortCut
 0001:00038384       TActionLink.SetVisible
 0001:00058FD8       TagExist
 0001:0004C484       TApplication.ActivateHint
 0001:0004B244       TApplication.BringToFront
 0001:0004C1EC       TApplication.CancelHint
 0001:0004A828       TApplication.CheckIniChange
 0001:0004A5A4       TApplication.ControlDestroyed
 0001:0004A0EC       TApplication.Create
 0001:0004A3F4       TApplication.CreateHandle
 0001:0004A2D8       TApplication.Destroy
 0001:0004C854       TApplication.DispatchAction
 0001:0004BBB8       TApplication.DoActionIdle
[...]
  8225 0001:00056C4C  8226 0001:00056C56  8228 0001:00056C5F  8229 0001:00056C6B
  8230 0001:00056C70  8231 0001:00056C79  8233 0001:00056C7B  8234 0001:00056C86
  8236 0001:00056C8F  8237 0001:00056C98  8239 0001:00056CA1  8248 0001:00056CA8
  8249 0001:00056CAC  8250 0001:00056CB0  8251 0001:00056CB9  8256 0001:00056CCD
  8257 0001:00056CD6  8262 0001:00056CDC  8263 0001:00056CE5  8264 0001:00056CEE
  8265 0001:00056CF7  8266 0001:00056D00  8271 0001:00056D04  8272 0001:00056D08
  8273 0001:00056D12  8274 0001:00056D24  8279 0001:00056D28  8280 0001:00056D4B
  8281 0001:00056D55  8282 0001:00056D86  8287 0001:00056D8C  8288 0001:00056D90
  8289 0001:00056D9A  8290 0001:00056DAC  8329 0001:00056DB0  8330 0001:00056DBB
  8331 0001:00056DC2  8332 0001:00056DCB  8333 0001:00056DCF  8334 0001:00056DD4
  8335 0001:00056DE3  8336 0001:00056E04  8337 0001:00056E14  8338 0001:00056E23
  8339 0001:00056E44  8340 0001:00056E54  8342 0001:00056E62  8344 0001:00056E80
  8345 0001:00056E85  8451 0001:00056E8C  8452 0001:00056EB7  8453 0001:00056EC1
  8454 0001:00056ED3  8455 0001:00056EDA  8456 0001:00056EE1  8457 0001:00056EF9
  8461 0001:00056F0E  8464 0001:00056F22  8465 0001:00056F30  8467 0001:00056F61
  8468 0001:00056F63  8469 0001:00056F68  8470 0001:00056FB7  8471 0001:00056FC6
  8475 0001:00056FD5  8476 0001:00056FDA  8479 0001:00056FEC  8480 0001:00057015
  8482 0001:00057025  8483 0001:0005702D  8484 0001:0005702E  8486 0001:00057047
  8487 0001:00057070  8488 0001:00057080  8489 0001:00057088  8495 0001:0005708E
  8496 0001:00057095  8497 0001:0005709C  8498 0001:000570A3  8499 0001:000570AA
  8501 0001:000570BB  8502 0001:000570E0  8503 0001:000570F3  8504 0001:0005710C
  8507 0001:0005710F  8509 0001:0005711D  8511 0001:0005713F  8512 0001:00057169
  8520 0001:00057198  8524 0001:000571BC  8525 0001:000571CB  8527 0001:000571D2
  8529 0001:000571E0  8530 0001:0005720B  8546 0001:00057214  8547 0001:00057231
  8548 0001:0005723A  8549 0001:00057244  8552 0001:00057249  8553 0001:0005724E
  8554 0001:0005725F  8555 0001:00057263  8565 0001:00057268  8566 0001:00057276
  8577 0001:0005727A  8578 0001:00057299  8580 0001:000572A1  8583 0001:000572A7
  8585 0001:000572B2  8586 0001:000572C3  8590 0001:000572C8  8596 0001:000572D5
  8597 0001:000572DD  8598 0001:000572E6  8599 0001:000572F7  8601 0001:000572FC
  8603 0001:00057306  8605 0001:0005730F  8607 0001:0005731A  8609 0001:0005731E
  8610 0001:00057325  8613 0001:0005732A  8614 0001:0005733B  8616 0001:00057340
  8619 0001:0005734C  8620 0001:00057354  8622 0001:00057358  8634 0001:00057367
  8635 0001:00057385  8637 0001:0005738D  8640 0001:00057393  8642 0001:000573A0
  8643 0001:000573A8  8644 0001:000573B1  8645 0001:000573C2  8647 0001:000573C7
  8648 0001:000573D4  8649 0001:000573E8  8650 0001:000573EE  8651 0001:000573F4
  8653 0001:000573FA  8655 0001:000573FE  8657 0001:00057411  8659 0001:00057420
  8661 0001:0005742F  8663 0001:0005743E  8665 0001:0005745E  8666 0001:0005746B
  8668 0001:00057470  8671 0001:00057477  8673 0001:00057483  8687 0001:00057497
  8688 0001:000574B6  8690 0001:000574BE  8692 0001:000574C4  8694 0001:000574CD
  8695 0001:000574D6  8696 0001:000574E7  8699 0001:000574EC  8700 0001:000574F9
  8701 0001:00057506  8702 0001:0005753E  8703 0001:00057544  8704 0001:0005754A
  8705 0001:00057550  8706 0001:00057556  8707 0001:0005755C  8708 0001:00057562
  8709 0001:00057568  8711 0001:0005756E  8713 0001:00057572  8715 0001:000575AA
  8717 0001:000575BC  8719 0001:000575CB  8721 0001:000575DA  8723 0001:000575E9
  8725 0001:000575F8  8727 0001:00057607  8729 0001:00057616  8731 0001:00057625
  8733 0001:00057645  8734 0001:00057652  8737 0001:00057657  8741 0001:00057666
  8742 0001:00057670  8743 0001:00057677  8744 0001:0005767B  8746 0001:00057688
  8748 0001:0005768D  8751 0001:00057695  8754 0001:00057699  8758 0001:000576CB
  8759 0001:000576E0  8761 0001:000576E7  8763 0001:000576EB  8769 0001:000576FE
  8771 0001:00057723  8775 0001:00057730  8776 0001:00057741  8779 0001:00057746
  8781 0001:0005777C  8782 0001:0005777F  8785 0001:00057786  8787 0001:00057792
  8788 0001:000577A0  8789 0001:000577A4  8791 0001:000577AE  8793 0001:000577B4
  8797 0001:000577C8  8798 0001:000577D0  8809 0001:000577D4  8810 0001:000577F3
  8812 0001:000577FB  8815 0001:00057801  8817 0001:0005780A  8819 0001:00057813
  8820 0001:00057824  8823 0001:00057826  8825 0001:00057831  8827 0001:0005783A
  8828 0001:0005784B  8831 0001:0005784D  8833 0001:00057852  8834 0001:00057863
  8836 0001:00057865  8837 0001:0005786D  8838 0001:00057876  8842 0001:0005787F
  8843 0001:00057890  8845 0001:000578C1  8850 0001:00057B1C  8851 0001:00057B1F
  8852 0001:00057B29  8854 0001:00057B30  8855 0001:00057B32  8867 0001:00057B34
  8868 0001:00057B3D  8869 0001:00057B46  8870 0001:00057B53  8873 0001:00057B55
  8880 0001:00057B5F  8882 0001:00057B72  8883 0001:00057B78  8884 0001:00057B80
  8892 0001:00057B82  8894 0001:00057B96  8895 0001:00057B98  8896 0001:00057B9E
  8897 0001:00057BA4  8912 0001:00057BAC  8913 0001:00057BC1  8914 0001:00057BCA
  8915 0001:00057BDA  8916 0001:00057BE1  8917 0001:00057C02  8922 0001:00057C14
  8923 0001:00057C22  8928 0001:00057C2C  8929 0001:00057C37  8931 0001:00057C3F
  8933 0001:00057C47  8934 0001:00057C5E  8939 0001:00057C64  8941 0001:00057C6E
  8943 0001:00057C7B  8944 0001:00057C89  8947 0001:00057CAC  8951 0001:00057CBD
  8953 0001:00057CC5  8960 0001:00057CCC  8965 0001:00057CD3  8967 0001:00057CD7
  8968 0001:00057CD8  8969 0001:00057CDF  8970 0001:00057CEB  8966 0001:00057D0B
  8975 0001:00057D14  8980 0001:00057D18  8981 0001:00057D1E  8983 0001:00057D26
  8984 0001:00057D2C  8985 0001:00057D3E  8986 0001:00057D56  8992 0001:00057D5C
  8993 0001:00057D66  8994 0001:00057D6F  8995 0001:00057D73  8996 0001:00057D7C
  8997 0001:00057D8C  8999 0001:00057D9B  9004 0001:00057DA0  9005 0001:00057DA3
  9006 0001:00057DAC  9008 0001:00057DB3  9009 0001:00057DB9  9021 0001:00057DBC
  9022 0001:00057DC5  9024 0001:00057DD7  9032 0001:00057DE1  9034 0001:00057DEF
  9035 0001:00057DF5  9036 0001:00057DFD  9047 0001:00057E02  9049 0001:00057E11
  9051 0001:00057E28  9052 0001:00057E2A  9053 0001:00057E30  9056 0001:00057E32
  9058 0001:00057E44  9059 0001:00057E51  9063 0001:00057E53  9070 0001:00057E5D
  9072 0001:00057E6B  9073 0001:00057E71  9074 0001:00057E79  9086 0001:00057E7B
  9088 0001:00057E8A  9090 0001:00057EA2  9091 0001:00057EA4  9092 0001:00057EAA
  9209 0001:00057EBC  9210 0001:00057ECA  9211 0001:00057ECF  9212 0001:00057EDD
  9213 0001:00057EE1  9214 0001:00057EEA  9215 0001:00057EEC  9218 0001:00057EF4
  9219 0001:00057F04  9220 0001:00057F11  9221 0001:00057F21  9224 0001:00057F27
  9226 0001:00057F2B  9227 0001:00057F44  9229 0001:00057F4F  9231 0001:00057F60
  9232 0001:00057F64  9233 0001:00057F65  9234 0001:00057F6A  9236 0001:00057F6D
  9238 0001:00057F75  9239 0001:00057F79  9242 0001:00057F7F  9244 0001:00057F83
  9245 0001:00057F95  9247 0001:00057FA0  9250 0001:00057FB1  9251 0001:00057FBA
  9252 0001:00057FC9  9253 0001:00057FD0  9254 0001:00057FD1  9255 0001:00057FD9
  9258 0001:00057FDE  9259 0001:00057FE7  9260 0001:00058002  9261 0001:00058008
  9263 0001:0005800D  9267 0001:00058016  9269 0001:00058020  9271 0001:00058023
  9273 0001:00058035  9274 0001:00058038  9217 0001:00058039  9277 0001:0005804D
  9278 0001:00058053  9280 0001:0005805B  9284 0001:0005805E  9286 0001:0005806B
  9289 0001:00058071  9290 0001:00058081  9291 0001:0005808B  9292 0001:00058094
  9295 0001:000580A8  9296 0001:000580AE  9298 0001:000580C1  9306 0001:000580D4
  9307 0001:000580D8  9308 0001:000580E2  9309 0001:000580F5  9439 0001:000580F8
  9441 0001:00058105  9446 0001:00058126  9447 0001:00058132  9452 0001:00058137
  9453 0001:0005813B  9456 0001:00058144  9458 0001:0005814C  9459 0001:00058150
  9461 0001:00058155  9463 0001:00058166  9467 0001:00058168  9469 0001:00058175
  9472 0001:0005817B  9478 0001:0005819D  9479 0001:000581A3  9481 0001:000581B0
  9485 0001:000581B5  9486 0001:000581BB  9487 0001:000581C4  9488 0001:000581D3
  9489 0001:000581DC  9492 0001:000581FC  9493 0001:0005820F  9494 0001:00058213
  9495 0001:00058215  9497 0001:00058223  9498 0001:00058227  9500 0001:00058229
  9501 0001:0005823C  9502 0001:00058269  9505 0001:0005826F  9499 0001:00058270
  9507 0001:00058288  9508 0001:0005828E  9509 0001:000582A8  9510 0001:000582AF
  9511 0001:000582C5  9512 0001:000582D2  9513 0001:000582DA  9514 0001:000582E2
  9517 0001:000582E9  9519 0001:000582EE  9520 0001:00058301  9521 0001:00058308
  9527 0001:00058311  9529 0001:0005831E  9526 0001:00058326  9532 0001:00058338
  9535 0001:00058342  9537 0001:0005835F  9540 0001:00058375  9542 0001:000583AD
  9544 0001:000583C8  9545 0001:000583D2  9546 0001:000583DC  9550 0001:000583E0
  9549 0001:000583E9  9496 0001:000583FB  9552 0001:0005840B  9558 0001:00058414
  9559 0001:0005841D  9560 0001:00058424  9561 0001:0005842D  9562 0001:00058448
  9564 0001:00058456  9563 0001:0005845F  9570 0001:00058471  9571 0001:00058482
  9573 0001:0005848A  9574 0001:00058492  9576 0001:0005849A  9577 0001:000584A3
  9617 0001:000584A8  9618 0001:000584B2  9619 0001:000584B4  9621 0001:000584C5
  9622 0001:000584CA  9623 0001:000584CC  9626 0001:000584CE  9634 0001:000584F8
  9635 0001:000584FD  9637 0001:000584FF  9640 0001:00058506  9620 0001:0005850D
  9643 0001:00058511  9652 0001:00058518  9653 0001:00058521  9654 0001:00058524
  9655 0001:0005852B  9656 0001:00058531  9657 0001:0005853D 15081 0001:00058544
 15082 0001:00058566 15083 0001:00058570 15085 0001:00058577 15086 0001:00058580
 15087 0001:0005858A 15088 0001:0005858F 15107 0001:000585C2 15063 0001:000585C4
 15064 0001:000585D0 15065 0001:000585E1 15066 0001:000585EB 15080 0001:000585F5

Line numbers for OverbyteIcsWSocketS(ICS\OverbyteIcsWSocketS.pas) segment .text

   613 0001:000588C4   614 0001:000588DA   615 0001:000588E9   616 0001:00058927
   623 0001:0005892C   624 0001:00058936   625 0001:0005893F   626 0001:00058946
   627 0001:00058950   634 0001:0005896F   636 0001:00058978   642 0001:00058980
   643 0001:00058989   644 0001:00058996   650 0001:0005899C   651 0001:000589A5
   652 0001:000589B2   659 0001:000589B8   660 0001:000589D0   662 0001:000589D7
   663 0001:000589EF   664 0001:00058A29   743 0001:00058A6C   743 0001:00058A73

Line numbers for DM_RC_Client_Utils(DM_RC_Client_Utils.pas) segment .text

    57 0001:00058A74    63 0001:00058A7E    64 0001:00058A89    65 0001:00058A8B
   172 0001:00058A90   173 0001:00058A91   174 0001:00058A93   178 0001:00058A99
   179 0001:00058AA0   180 0001:00058AA8   182 0001:00058AAD   183 0001:00058AAE
   184 0001:00058AAF   176 0001:00058AB0   187 0001:00058AB8   211 0001:00058ABC
   212 0001:00058ACA   213 0001:00058ADE   214 0001:00058AE3   218 0001:00058AE9
   219 0001:00058AEF   220 0001:00058AF7   222 0001:00058B01   223 0001:00058B0F
   224 0001:00058B11   225 0001:00058B20   226 0001:00058B22   230 0001:00058B30
   231 0001:00058B3E   232 0001:00058B40   234 0001:00058B4C   235 0001:00058B4F
   236 0001:00058B52   216 0001:00058B54   239 0001:00058B5E   240 0001:00058B63
   241 0001:00058B68   291 0001:00058B70   292 0001:00058B7B   293 0001:00058B84
   296 0001:00058B8D   297 0001:00058B91   298 0001:00058B94   299 0001:00058B96
   302 0001:00058B9A   300 0001:00058B9C   304 0001:00058BA5   306 0001:00058BA9
   307 0001:00058BB4   308 0001:00058BC2   310 0001:00058BCB   311 0001:00058BD0
   832 0001:00058C08   832 0001:00058C0F

Line numbers for DM_RC_Svr_Tokens(DM_RC_Svr_Tokens.pas) segment .text

    19 0001:00058C40    19 0001:00058C47

Line numbers for Tokens(Tokens.pas) segment .text

    45 0001:00058C48    46 0001:00058C84    47 0001:00058CB6    48 0001:00058CBA
    51 0001:00058CC6    52 0001:00058CEB    53 0001:00058D1D    54 0001:00058D21
    56 0001:00058D3B    57 0001:00058D3F    59 0001:00058D48    61 0001:00058DA7
    64 0001:00058DD4    65 0001:00058E06    66 0001:00058E12    68 0001:00058E1B
    69 0001:00058E71    96 0001:00058E9C    97 0001:00058ECE    98 0001:00058ED0
    99 0001:00058F02   101 0001:00058F06   102 0001:00058F2A   103 0001:00058F5A
   105 0001:00058FAC   247 0001:00058FD8   248 0001:0005900E   249 0001:00059012
   251 0001:00059044   252 0001:00059074   253 0001:000590BD   255 0001:00059118
   255 0001:0005911F

Line numbers for DM_RC_Client(D:\Projects\DM_RC_Svr\trunk\DM_RC_Client (Miranda)\DM_RC_Client.dpr) segment .text

    47 0001:000591F4    48 0001:000591F9    49 0001:000591FE    50 0001:00059208
    51 0001:00059216    54 0001:0005921C    55 0001:00059221    56 0001:00059226
    57 0001:00059230    58 0001:0005923E

Line numbers for DM_RC_Client(DM_RC_Client_Options.inc) segment .text

    47 0001:00059244    48 0001:00059250    49 0001:00059264    54 0001:0005926C
    55 0001:0005927E    56 0001:0005928E    57 0001:000592A1    58 0001:000592B3
    61 0001:000592BC    62 0001:000592DF    63 0001:0005930C    66 0001:00059314
    67 0001:00059317    68 0001:0005931B    70 0001:0005932D    71 0001:0005933D
    74 0001:00059340    75 0001:0005934C    76 0001:00059352    78 0001:0005936A
    79 0001:00059380    82 0001:00059388    83 0001:0005938B    84 0001:00059391
    86 0001:000593A2    87 0001:000593B1    90 0001:000593B8    91 0001:000593BB
    92 0001:000593BF    94 0001:000593D1    95 0001:000593E1    98 0001:000593E4
    99 0001:000593E7   100 0001:000593EB   102 0001:000593FD   103 0001:0005940D
   106 0001:00059410   107 0001:0005941C   109 0001:00059422   110 0001:00059436
   114 0001:00059447   115 0001:0005945A   117 0001:00059469   141 0001:00059470
   142 0001:00059482   143 0001:00059492   144 0001:00059498   146 0001:000594AE
   147 0001:000594C2   148 0001:000594D5   151 0001:000594E0   152 0001:000594F9
   153 0001:000594FE   154 0001:0005951F   155 0001:0005955E   165 0001:00059588
   166 0001:000595A9   168 0001:000595B0   169 0001:000595CE   170 0001:000595DD
   171 0001:000595FF   172 0001:00059605   173 0001:00059612   174 0001:00059621
   175 0001:00059643   176 0001:00059649   177 0001:00059656   179 0001:00059665
   180 0001:00059687   181 0001:00059695   182 0001:000596A3   184 0001:000596C0
   186 0001:000596C9   188 0001:000596D7   189 0001:000596E2   190 0001:000596F1
   192 0001:00059704   194 0001:00059715   184 0001:00059719   197 0001:0005971C
   198 0001:0005973B   200 0001:0005975A   202 0001:00059761   203 0001:00059787
   209 0001:000597F4   210 0001:00059810   211 0001:0005982E   212 0001:00059832
   213 0001:00059834   214 0001:0005983C   215 0001:00059841   216 0001:00059853
   217 0001:00059862   218 0001:00059868   219 0001:00059875   220 0001:0005988F
   221 0001:0005989E   222 0001:000598A4   223 0001:000598B1   225 0001:000598CB
   226 0001:000598D3   227 0001:000598EB   226 0001:00059918   228 0001:0005991B
   230 0001:00059935   231 0001:0005995C   235 0001:000599D4   236 0001:000599E5
   237 0001:000599E7   238 0001:000599F0   240 0001:000599F5   241 0001:000599FC
   292 0001:00059A04   293 0001:00059A1C   294 0001:00059A1E   468 0001:00059A6A
   470 0001:00059A77   471 0001:00059A84   476 0001:00059A8E   478 0001:00059A9B
   481 0001:00059AA5   482 0001:00059AB5   489 0001:00059ACB   491 0001:00059AD8
   494 0001:00059AE2   495 0001:00059AF2   502 0001:00059B08   503 0001:00059B18
   505 0001:00059B20   506 0001:00059B34   507 0001:00059B45   508 0001:00059B55
   509 0001:00059B63   510 0001:00059B82   515 0001:00059BA6   516 0001:00059BB6
   518 0001:00059BBE   519 0001:00059BD2   520 0001:00059BE3   521 0001:00059BF3
   522 0001:00059C01   523 0001:00059C20   530 0001:00059C41   531 0001:00059C51
   528 0001:00059C63   538 0001:00059C77   539 0001:00059C87   536 0001:00059C99
   543 0001:00059CAD   545 0001:00059CAF   548 0001:00059CB4   550 0001:00059CE7
   553 0001:00059CF0   554 0001:00059CF3   555 0001:00059CF5   558 0001:00059D0A
   559 0001:00059D12   561 0001:00059D1C   562 0001:00059D2E   565 0001:00059D49
   570 0001:00059D50   571 0001:00059D59   573 0001:00059D5E   574 0001:00059D6D
   575 0001:00059D74   576 0001:00059D7B   577 0001:00059D80   578 0001:00059D88
   579 0001:00059D90   580 0001:00059D98   582 0001:00059D9F   583 0001:00059DA6
   584 0001:00059DB4   586 0001:00059DEC   587 0001:00059DEE   589 0001:00059E0D

Line numbers for DM_RC_Client(DM_RC_Client_TCP.inc) segment .text

    17 0001:0005A08C    18 0001:0005A0A1    19 0001:0005A0AC    20 0001:0005A0BC
    21 0001:0005A0C7    22 0001:0005A0E5    30 0001:0005A0EC    32 0001:0005A114
    34 0001:0005A12C    37 0001:0005A148    38 0001:0005A156    42 0001:0005A162
    43 0001:0005A169    46 0001:0005A18B    47 0001:0005A194    50 0001:0005A1A7
    53 0001:0005A1C8    55 0001:0005A1D6    57 0001:0005A1FB    58 0001:0005A20F
    64 0001:0005A21B    66 0001:0005A239    67 0001:0005A242    70 0001:0005A252
    72 0001:0005A273    73 0001:0005A281    78 0001:0005A28A    85 0001:0005A29A
    86 0001:0005A2A8    90 0001:0005A2AF    92 0001:0005A2B8    93 0001:0005A2C6
    94 0001:0005A2CD    96 0001:0005A2D8    97 0001:0005A2EF    99 0001:0005A30F
   100 0001:0005A335   101 0001:0005A344   102 0001:0005A34B   103 0001:0005A371
   104 0001:0005A388   105 0001:0005A393   106 0001:0005A397   107 0001:0005A3BD
   108 0001:0005A3D4   109 0001:0005A3DA   110 0001:0005A3F5   113 0001:0005A419
   122 0001:0005A45B   125 0001:0005A4B4   126 0001:0005A4B7   128 0001:0005A4C0
   129 0001:0005A4CD   131 0001:0005A4D7   134 0001:0005A4DC   135 0001:0005A4EF
   136 0001:0005A4F4   137 0001:0005A505   138 0001:0005A533   139 0001:0005A542
   140 0001:0005A56C   143 0001:0005A598   144 0001:0005A5BC   145 0001:0005A5C5
   146 0001:0005A5CA   147 0001:0005A5D8   148 0001:0005A5E5   149 0001:0005A5F3
   150 0001:0005A635

Line numbers for DM_RC_Client(DM_RC_Client_Messages.inc) segment .text

    18 0001:0005A648    19 0001:0005A654    29 0001:0005A66E    30 0001:0005A68C
    43 0001:0005A6AC    44 0001:0005A6CD    46 0001:0005A6D2    47 0001:0005A6D8
    49 0001:0005A6E7    51 0001:0005A6EF    52 0001:0005A6FA    55 0001:0005A709
    56 0001:0005A70E    59 0001:0005A713    64 0001:0005A72D    65 0001:0005A732
    68 0001:0005A737    71 0001:0005A743    72 0001:0005A74A    75 0001:0005A74F
    77 0001:0005A758    78 0001:0005A765    82 0001:0005A773    90 0001:0005A787
    94 0001:0005A792    95 0001:0005A7B4    96 0001:0005A7B6    98 0001:0005A7D4
    99 0001:0005A7E8   100 0001:0005A81D   102 0001:0005A82C   104 0001:0005A830
   105 0001:0005A832   109 0001:0005A859   110 0001:0005A85B   112 0001:0005A87D
   115 0001:0005A882   117 0001:0005A88A   118 0001:0005A8BB   120 0001:0005A922
    96 0001:0005A923   130 0001:0005A986

Line numbers for DM_RC_Client(D:\Projects\DM_RC_Svr\trunk\DM_RC_Client (Miranda)\DM_RC_Client.dpr) segment .text

    81 0001:0005AA0C    82 0001:0005AA10    84 0001:0005AA12    85 0001:0005AA25
    86 0001:0005AA38    98 0001:0005AA4B    99 0001:0005AA52   107 0001:0005AA58
   108 0001:0005AA5C   109 0001:0005AA5E   110 0001:0005AA71   111 0001:0005AA94
   112 0001:0005AAB7   142 0001:0005AADA   143 0001:0005AAE1   146 0001:0005AAE4
   147 0001:0005AAE8   148 0001:0005AAEA   149 0001:0005AAF4   161 0001:0005AAF9
   162 0001:0005AB1E   166 0001:0005AB24   167 0001:0005AB26   170 0001:0005AB28
   171 0001:0005AB2A   172 0001:0005AB38   173 0001:0005AB48   174 0001:0005AB4D
   182 0001:0005ADE0   182 0001:0005ADF0

Bound resource files

c:\program files\borland\delphi7\Lib\Buttons.res
c:\program files\borland\delphi7\Lib\ExtDlgs.res
c:\program files\borland\delphi7\Lib\Controls.res
DM_RC_Client.res
DM_RC_Client_Options.RES
DM_RC_Client.drf


Program entry point at 0001:0005ADE0
